ANBEZDQEBGHTN 2
ANNIFKCEXCFKICC 2
AVBXKMOODZQGZ 1
BGIWMRUUECFXWW 1
BWBWZYINN 1
BXLVHGTGHYFLGJTTPZD 2
CACWOFDGID 2
DPKTAPEYOIQMK 2
DVKKTGLTEGAVBQKI 3
ERDOS 0
EVSFKGBVYVVUIYJFFH 2
EXWVGLFQVSXNZY 1
EYLEEAXPBXHSWORAYS 2
FRTPNGIQDBBMAMCYQDPF 2
HWYMMAEO 2
IAXNBOE 2
IWLTBXQJGZK 2
IZRIMKKILHSFBW 2
IZYSRZHWBI 2
JWRMHZRREBEL 2
KIFKXGJGBIXSIVMT 2
LVTNTIQJOZISWTOUH 2
NAT 2
NKRIIMFEUGOBLXDLMSVR 3
OGIAOKNADQ 2
QOPYNRBVBXISREYUJVSG 2
SARCLFH 2
SCIYXBOKD 2
TABJECQNVFTT 2
ULXCKQVQSZERGC 2
VFANNUISRAWNDN 2
VUSVWTYNIJ 2
WCYROULONHYUAAW 2
WISGDYTZFZZABRNLUPY 2
XJFRJIAN 1
XRWKHRABSET 1
YEXJTXOLGTBSMDHQBYBR 2
YVBCCLKFQ 2
YZEQWALUPTFZ 1
ZPFCACGOOAJHFJFI 2
