AJSGDN 3
AKERLWMYAXFNN 3
ALIFI 3
ANZRSTEBOIKGI 2
AXALQESNJUCH 1
AYAJLUDZTMDQZCA 3
BCBNTKNFAUOCBZAVJHFY 2
BECPGWICLVOKJTTBFWZ 2
BLYOUA 3
BWFQSKOW 2
BXLZHKRVOGIPHCNLCGTO 2
BZMDLNMYTSJBFX 3
CDX 3
CGGTFQMMHGLSYB 2
CIDMBTUTWJFKUCY 2
CIHHRYUNALXGJ 2
CLEQZFCZ 3
CODSNEVPHQB 2
CQZRGNKQUPBKDZ 3
CWUDSPD 2
DIP 2
DNAJKMI 2
DPKGAABGP 3
DPPDCOVEKOETDB 3
DSKV 2
DXGBBXEQAKJXJXDVZCF 2
DZEHJPRDCQVZ 2
EBAGFGZIASWD 2
EHYXZSMDH 2
EKE 3
EKLYL 3
ENMVJXGUADBVNKQQ 2
EOKPXCSRBHRB 3
ERDOS 0
ETVHIGJKTZLT 1
EVFSTTVRSWWCDJY 2
EWT 3
FAURTTFJCH 3
FHQKDXRL 2
FIBZ 3
FNTZ 2
FQIHGDMPXCDCNRFSOKNW 3
FRLTYPVB 3
FUPN 2
GCG 1
GCWTXZHXVJZZQCX 2
GIHRP 2
GIMUAPNUCG 3
GJZSWAGUMNPKXTYWJRIS 2
GXOAJDSUCE 3
GXZFI 2
GYIYZUUA 1
HDHYIBGVISSSFWAZ 2
HEXEOSKHOEK 2
HKDNCDAMAJLEGKINOKXV 3
HRNUAP 2
HUTW 2
IDZIHMYJHLH 2
IEUCJUFHAWXECCTLA 2
IEWJA 2
IROSXGYHF 1
ISRHGLGA 2
IZIVDFKMXMQ 2
JAAHBXTOCLN 3
JNPQGSJMZSLF 3
JYDXUWYJKJPZVFWYZPB 2
KEHCSAAHX 2
KJTFHITE 1
KNYQZ 2
KVCMFHRHEYQAELQCVKVT 2
KXACESCTRODORCAYD 1
LFTYKEMXO 2
LISCYYXK 3
LRCGWEANYWVHYCDQ 3
LTMCIODIFV 2
MCUGBCWHFGGF 2
MGAEAIUH 2
MJFJRUSL 3
MKKODWRWWVYHQVFUBTIJ 3
MSIPMYHVFOVTZNM 3
MTZMNHBLNCHQNQC 2
MUEYRSLALOBIW 3
MXBPKODJJXUKETYIOEA 2
NAYOD 2
NCS 2
NEJMKUVCZ 2
NLICWMJSBLUBO 3
NLZBXKXQMEPNBZRVD 3
NNJPCZJGHVIL 2
NOCG 2
NVXCMBWMZXIKHPAKRL 2
NWP 3
OKVHHVMCBTJZ 2
OMZLZRASYDPJZANQBY 2
OQGNJEJVVRNGGRYQA 3
OWNDYZBEIENU 2
OXZD 2
OYRYHQWLLJBUHVIGTC 3
PAJWYJVPKDWPKBJDUAX 1
PDYZXNR 3
PIGQHXUF 3
PILQLJ 1
PJRPSECAJXXLEAO 2
PJRVFSQNEN 3
PLDHZTKPSLX 2
QAHSSAVF 3
QBKPLGUQSGQGZFC 2
QDMKHFBKEDAVF 2
QKGTCXYIO 2
QLKRPTBSULAGMLQX 2
QLRIHCKO 3
QMJFXIVGSTTBHWWJ 2
QPVNMMCUTUMLJZ 3
QSGEEYOLRSKRAYJIQCS 2
QSMHZUPMY 2
QTACYZM 3
RDZUH 2
REYNKHFSUVFFXEOSF 2
RIKUEJYJLTUOX 3
RNA 3
RSKRPXVQMP 2
RVKFLON 2
RWDYTYFEOILGANDI 2
SANJOLVOLUTBHYHUL 2
SBBJLKSLXQXSSLZBC 3
SDI 3
SDXZVKNFQYXQZ 2
SHBRPKOYMQHONACSORU 1
SHSMSMWIOYWLW 3
SLAGS 2
SQBNGXMLMO 2
SRSRUWPDUSCQRCZB 3
SUTGKJADVQUIN 2
SXGMJUKORRZVPRNBA 2
TCUXJDMCIOTGNGWAS 3
TGVQ 3
TQUMQRKTPRCUXVYWLIFQ 2
TRRNCPQTZ 2
TVBFBBNOVB 2
TWPLXUGGLONNOXBQU 3
UFPXE 2
UJDNIJVMRWLSOX 2
ULTI 2
UNVDLYTABCH 2
UOMDLMCFXFUFRQTKMG 3
USMQRN 3
UTPODVD 3
UTVJYDOPBIEAUO 2
VADTDHHWPE 3
VCRDOAERVWOGM 2
VFKC 3
VHJRIIJAL 2
VJPBGFDQLVMNBN 2
VNKCHWUWSEMTAYR 3
VPKNXBB 2
VSJTDQDY 2
VUHKEXLQNSGCVLUJ 2
VVYE 2
VYBGXVPDIFQVUNZKKQZ 2
VZSAYCGGZQRXQYGD 3
VZZBPIFHKXNXJFTYG 1
WBV 3
WBWGPZOXWSJRXJ 2
WDJGKAGWSTQRPBMNHIGY 2
WEYDVHHDFRGNOOHG 2
WFS 2
WFWWWQRCTFNFMVJLEISF 2
WGNQZSK 3
WHTFPSXJRPJZUS 3
WIFGQLJCCJFHLUYQNMD 2
WJBUKAVBLBIVA 2
WJEAILUMFXXIYDEORGVF 2
WSCZAYER 3
WSOBCR 2
WTW 3
WVMBEEOPGQYNXMIX 2
WZISRZJUNWB 2
XBGU 3
XEINLIHAN 3
XIDXDD 1
XJZGAAPGGHRDTGF 2
XLFBWMIAEKCNJFJGT 2
XQR 1
XQZWSYGPUV 1
XTJERQBEVHPIFCYJMBX 2
XUMULXLGCGWQMM 3
XVWPCCNJQHTZXZJV 2
XYBRWXVBIVQXVRMHHSQQ 3
XZTGCNTD 1
YGUOOCHMSHGZEVMZTH 3
YMQFHCHKWSKGH 2
YPMXQKDGLUDIMMBL 2
YRSSFZCLVOL 2
YVTUKDWSZTQUZCPC 2
ZIX 2
ZJTYLBJSSAVWDWFJC 3
ZOULCZKVXIQ 1
ZPGIYNGO 2
ZVIVW 3
ZZIDCRALCCWJU 2
