AAAQAIOEEBDMMVNUAC 2
AABQSDSPJPSTQPFQPTKN 2
AAHMVZGFPSSZQKIYARI 2
AAKSGVXHHBGZ 2
AAMVZQSAZAL 2
AAMWMZXCPXL 2
AAQUDCLSQXHG 2
AARDPCSKCNOCTKNUA 3
AAVGIYJECRPFVSHBVZF 2
AAVUXYZFPCEYTYUXBFA 2
AAWJBGIYBCABADE 2
ABKEMOXULJODT 3
ABKMUZHKFU 2
ABQEGOKQGOXPS 2
ABRDXYCRRSM 3
ABSSNPGWKLQUEFRBO 2
ABWMTZWJJDUNXM 2
ABYWGJAXJUYVAYZMRRU 2
ABZXCXFKOFKA 2
ACCCTHVLPCBMGNELOYHO 2
ACNKFMBQRHNCOKUZPWA 2
ACTHFBCYALH 3
ACVNYBUFFDEPGJIS 2
ACZSVRYWIEDXYGC 2
ADBPQFOYOSDFVNHSXSM 2
ADHFDDOQJXEIFQMQWNCY 2
ADIDQGVPJWJEAQJGOVD 2
ADLAMBSDDJBKGYXYRHR 2
ADNNOFVOVNHYXILY 2
ADQNAIEULRPEISBX 2
ADRRQHTKSYFI 2
ADTEFLACACDDS 2
ADWCLPKHOGILLCMXUYAN 2
ADWIPEWLWOAC 3
ADXGCEKPLXFYUDSQOHXM 3
ADZQPHORBNFYMF 2
AEIHDPLAVX 2
AEJFYJERUZT 2
AEKPRDENVOPM 2
AELYSEYJLTCAUFV 3
AEMRSHTVCQSKLMYDI 2
AENYJPFFXXXV 2
AEPXDUBKBBJ 2
AESQXVXKBXLNMBVBR 2
AFAIPZENISMX 2
AFANBUQXIEJIUZNMDVVG 2
AFAQMVIZJVFHGLEH 2
AFMTZYJUZDEEZBE 3
AFOMHZSPHLSKGXFSJTMF 2
AFVKSJUIRPUEWRIHG 2
AFXALYTBCQYQFLYR 2
AFXKKGDEVPLNRJRLCPIO 2
AGAMBVRYHVUJKKDLYF 2
AGFUTPNAQA 2
AGFXHTGNSLDFRH 2
AGRVOJDCUVJDZVFTTTXF 2
AGSTUWFSNUKSAAZVSE 2
AGUNSPHBZY 2
AGVPDBFOTA 2
AGVQTVRGZV 2
AGWGVCABYVBYKBCMA 2
AGZSFBKZWIY 2
AHBBRTLQZVKKJ 2
AHBTNBSIUOIOLRB 2
AHJZRIGGXDQWMGXKGU 2
AHLBZDKMDVMQMDGEWRT 2
AHOLZFGQVSD 2
AIJLBYJQXOQMXFLE 2
AIKKAOCVAFGURFTZJWK 2
AINMFUVDFIOBXJ 2
AINYMTMDEDJIBJEB 2
AIYGBGIGQXCHKERIBE 2
AIYGYOETMLK 2
AJDAYUOKZXFB 2
AJEEQLSAFDTLB 2
AJFZICTIGFLMJOF 2
AJJOXMLIVHH 2
AJMZDQIAJUGBYECQGZ 2
AJRMFKWRCTZLKZ 2
AKAOYYAKVSLZEKASIRCR 2
AKCTPJYYEB 2
AKERBHXNKAIQMNYLXXO 2
AKIEZAROFXGXHBLQE 2
AKMDCAUPQOFSZURXC 2
AKVCJZYTPQTPEBM 2
AKZAFFPGUATL 2
ALBKEISUXHPHUJ 2
ALFLTBIFJMFE 2
ALGZSBOVTAEGJSBJY 3
ALHROTETJDTZJQMTCL 2
ALIRJYETENWHNRMX 2
ALOUAVFASAOLVSFWMCU 2
ALPPNNRVITDCD 2
ALPVIBZKIGRVXPOGU 3
ALRTZKYQAWGBYITR 2
ALSBYHGZBIMKOBIR 2
ALWEGEBLIRWEBPE 2
ALYXHJLZSNHHY 2
ALZORXKJMRPI 2
AMTCMZDBYY 2
AMTWOSTMWDACICAUYUDE 2
AMZWWLQYWEC 2
ANBTNCVLFGSISPNSOT 2
ANZTKXQIOFHUMFWFDHD 2
AOCTLHSZHMHDU 2
AODLNSPRFKWC 2
AOFXFNYQNBER 3
AOLNLYTHDUEDIOWJQ 2
AONZVMWJFGLDUA 2
AOOFMFEFWQPBY 2
AOTTBNJBMPPEZLPPF 2
APACPUPRDCHBPQB 2
APDRUVUESKTWIPE 2
APFZUTLESWR 2
APGQOLRXCRWLYCUBQVG 2
APNLYWFVUFS 2
APPTHNDKYCYE 3
APTDOKHHJUJUXUKI 2
APTSRJIIIYOTFPYVXZ 2
AQDWKEWPUVXWPGNOAK 2
AQGBQNAIUEJIOPYSXBB 2
AQGZWCCAAKNSGG 2
AQIMDIBRMDSHBAHCDJNC 2
AQIUSQSGLKX 2
AQKDMNAIITONQC 2
AQNQAFIZFIEFVNSSH 2
AQXSLYKXGIXYQGJOJPD 3
AQXTRCNXCSZAZPG 2
AQYEELTQBSVCOIGB 2
ARHWITTQJJVFKSZPQ 2
ARJWVHRNYLEDW 2
ARNHOVQHUKDAPGTSQ 2
ARNJGZVCIKEFOWBEOAV 2
ARQPPPGSKJLYDBRIBVR 2
ARUOUHKIMHCYQ 2
ARVIVIHFAOPAOFT 2
ARWQCNQDIENHQ 2
ASETYKGGXUFVWEADDP 3
ASGECMCGZFFEUH 2
ASGSUGRXGYCXSHOB 2
ASJUZNCVQKNETHIPWF 2
ASKXNGTDSHROX 2
ASOCOURHRLVOSDBRRCQG 2
ASPEYIIBBCNHGXOB 2
ASPPCAOHHTJBQGVRL 2
ASSKDGJGSTL 2
ASUFYWHNXG 2
ATIDNXSSGPWYCS 2
ATJOFXJHILFH 2
ATMXGITSDBBOSSHA 2
ATNKRGYNRBVTJLXQM 3
ATRKQBIXXQ 2
ATWJNZPOGK 2
AUBICDARLJEVXAUTNXLY 2
AUHBVFWCGAIDPRLDB 2
AUNWUIWMVWKVFQM 2
AUPMLYOJOFBPJMOJRY 2
AUSSWCPQMLZWSH 2
AUXMFVAVTSYNHQ 3
AUZYBBDXXLU 2
AVBKBVYSMEBHH 2
AVENRXUNVEG 2
AVICHCBVNBH 2
AVLDBDXDJLCIBUTOL 2
AVLENETCZOMXXMLASBY 2
AVLKLURQUBLTTRDU 2
AVMDTVSIXCOFIOBBCD 2
AVNOCBBEXEHFHXAHJQ 2
AVPGSJCWRUUJD 3
AVVJGMLRQEGVR 2
AVXQASXHTPOILRZJHB 3
AWECHLNDMWIVKOBW 2
AWFCLGPCHCJ 2
AWGTDDVPEUTHTNP 2
AWJLGBJXHLHVGIXWOM 2
AWJWGTVHSRYLDINLIK 2
AWKJINHPGY 2
AWLUGFWGPJEFSFYSUSA 2
AWORRYEJXY 2
AWPPACHFPWX 2
AWWPMQXJRBNAW 2
AXIKJKQWIN 2
AXLEMYEOLPLWHBPK 2
AXLLTQKEJBLDDPOKAC 2
AXLPOWDBLUIIFLR 2
AXMAFQBVVXPZRBGVUUAC 2
AXMFGGKAFK 2
AXPKLULCVDN 2
AXUEHAUVBE 2
AYCHVZISKLV 2
AYEDQHLZUHFWEN 2
AYEXPXHKLTKIXQSOVEE 2
AYFYAYETHHTULUSVB 2
AYHIKBUZJWOCYRBYFR 2
AYJHXSHBWCIIW 2
AYMHEMAMCRAHJCHNYSMA 2
AYNEENQWWHN 3
AYVUCILFAGQQ 2
AYXCOCNPUJJPNZS 2
AZBFVTNMSFRUCRBTYE 3
AZDEDVPMXTBQBGET 2
AZFYYRGHVXLEVCTO 2
AZXJAJWLQRFAAY 2
BAGGWQCWUS 2
BANGAGCRZJRCAYQB 2
BATYSUVKAKCYXWFTKQWU 2
BAWFTPFDLLO 2
BBEOGFXYFHTTTGYTWTTN 2
BBHIMHSRGBGLK 2
BBLAUKSOICQXDDWXK 2
BCCTGXANOMGOTP 2
BCIZOVONPSAYNTAC 2
BCJABVBRNLJCWJHYCHGD 2
BCJYHUWIVPCSS 2
BCMOCLAELWEC 2
BCPRJNPISIUAODSR 1
BCRUZHBMXKSFIX 2
BDDWDIWSPCNPBMYKXTZW 3
BDGYIQMICJLJLD 2
BDHLQKVJGWPPHVDZDS 2
BDNCQRCTTH 2
BDPYTEOPZIHQ 2
BDQLXCRIZJUGGXX 2
BEEMOMMXKTLG 2
BEPVCASINXEZBB 2
BEQRVIBRCJXQ 2
BESTJZNOGDIBCIOFC 2
BEYKRZKPSYGLBFEH 2
BEYXHFFDREA 2
BFIYVDFJZTRURQIUHXEV 2
BFMCBZUSCXGHKGNQLW 2
BFMERXOGDTBKJKLDPWQ 2
BFQLZFDWWCP 2
BFRLKFZYWYEUBL 2
BFUKLZQHDLER 2
BFWLHKFURZFKZ 3
BFZVOEFPDG 2
BGAJARCUBE 3
BGCJBEAERP 3
BGDNRJPYTTFSESIY 2
BGMOMWMLTWDSKXKJQ 2
BGQGWQLAMCCK 1
BGRBZSTIQWVCB 2
BGSLANFJDYYTREQMUZHX 2
BGUHITEOMU 3
BGUUNQOYMOBHUSMXRG 1
BGUXLSSZWHAWFUEQM 2
BGZIYUWGVPRKUOMAU 2
BHBTXGZJRHF 2
BHGQSUHPLNLLO 2
BHKEKNNYKKDJCNOYROM 2
BHKFBUIDGHISZBO 2
BHKPKKRPVYXMUBBFKYI 2
BHLAVSPPGYRYZHV 3
BHLWDVFFATPBPXYKRZ 3
BHOHBSTZLIAUZTYT 2
BHZETNDQMHL 2
BICVJLSSDD 2
BIINHCXODSWTZWN 2
BILOIAXVXN 2
BINXOXAJSDPIZZPCDULE 2
BISVXXWGJQKVHWLIV 2
BIWPFRWUUKNNXBNSIJY 2
BIZNJEOPHVVOEUHNR 2
BIZVQORZJXCWYXFOHCQ 2
BJEROLGOGZFVJFVJEIY 2
BJFDZTSRUP 2
BJHQAUMTLHQAQDZBIJOZ 2
BJHQHYCINWI 2
BJKOCMPKIDCEPSBE 3
BJPSNBKIIODZE 3
BJUBIFKYMGDQEJFD 2
BKBBMHHZJVWPDMHUETW 2
BKECFXJYVR 2
BKEPXEEVPZPVQVVDUXW 2
BKMZGCTNVK 2
BKPWARPXVFFBIRDOFS 2
BLAMPHXQJFNZJRGZK 2
BLBUFENOALMTCBVJBEJ 2
BLKBIIYTXDLYZHGMLCMF 2
BLTZQRDWNOAYC 2
BMBWKKEHZJR 3
BMHXSQCSKSOYIZ 2
BMJNGPCSFTMFMWBUHYS 3
BMKIGVSMAWHOURQZSFY 2
BMSUKROTOJLSOTS 2
BNAKVNRBYTFMGV 2
BNBCOMBZNQ 2
BNBRKIYECHKVMMGEC 2
BNCKRVEQTDTHTWYTOO 2
BNIZOFFUSBCS 2
BNJBQBPXBTIHDKVA 2
BNKGRUPHKDDIJQVSLHKO 3
BNNOGJPOYIMK 2
BNPVJVRDPUIEI 2
BNRCPCUMCZ 2
BNREECBUBY 2
BNWKFCNIGPY 2
BNXIHJLPHOLAYVWNM 2
BNXOPCADFKZKBJGL 2
BNYOQFHDPF 2
BOGEHUKHPZCRVZ 1
BOISCDLEDNZNVHN 3
BOKHYTMNRVBXTKZQDNRL 2
BOKTHZTVBINEJLKKR 2
BONLAUMJYNGEZNDICKF 1
BOPVKWRTVLLJEAGJDF 2
BOQGKDCPODQ 3
BOVJFRXONYFAWBW 2
BOVVNMJUQVKWZ 2
BOVWNHQKYRI 3
BPIRAEDQYJQIRSGX 2
BPSDFWEPWXOPTCFFAOI 3
BPZSVYOAYUI 2
BQCUFXEOOJPH 2
BQDKTDXWDJPAUWDPUMW 2
BQFKILEDJUVWUFKH 2
BQJKWEIBGLYDA 2
BQJMHSGDJZ 2
BQWWEMYZZPIRFRN 2
BQYKECSEHHSXKDBQMD 2
BRBMSDFFIXYHMMZGZ 2
BRKWBUCTVLC 2
BRLVAZUWEDIOSZX 2
BRMHQLBMCKHRVQYT 2
BRNHOXDVHXXJZHDYDM 2
BROMQVXWAWUXEKMEFC 2
BRSHYYUTROZUWSQKTYUA 2
BSEFRZDUSNYOXRCUETKC 2
BSHBVLXPLLLYIWUW 2
BSHUBKRLKHATZ 2
BSNHMSHTGPG 2
BSPXSVWPNYLXX 2
BSTEGDAROFSAHOPTZP 2
BSTQVPUMUJBPLNUBYYXA 3
BSZSKKALEP 2
BTADLXJWSWBO 2
BTAIPTVSHZURCXNWP 2
BTCXYSCJHFYMLINZLEI 2
BTDTYXTLVCCGFPEAMR 2
BTDWMVVHQORNRFSOZXAZ 2
BTIAZQCAMRSQMDDNVBF 2
BTMUTGTBHQ 2
BTSURZSDKRLWSJ 2
BTWYKSNDCJAGZNULPPL 2
BUCANRZARBLUCZJOLWY 3
BUELPDQVJQWNRZK 2
BUOGUMJYJWYFDRGLM 2
BUQVEUJVHCFKDH 3
BUUJGLIGIWZNFHUAA 2
BUYFDCRETPDZWLX 2
BUZWKINWAQWGWQX 2
BUZYVEQKPFA 3
BVBJJIUGHSERUYQ 2
BVCZTFIHVHXAOOSSWZ 2
BVDIQFUMSHBG 2
BVLYUVPOHFNCVQY 2
BVMHXMPSBZPCJGH 2
BVQRBORZUODHZFWHCR 2
BVSASUKWXZCVLGTTII 2
BVSCWDUPMUXFCHH 2
BVVTATRFLBXKG 2
BVWFQTCRMWZDELRGT 3
BVZHBJSSGUEMQP 2
BWAKGRUVOT 2
BWCIVHMUVBXWZZPJFOGP 3
BWHOPYJEXUUY 2
BWLARASSUNYPKQ 2
BWNODGOEKUZY 1
BWXJMVJQNCH 2
BWYLUFRKGGQ 2
BXLSRERCPQTQR 2
BXMTWEPNPKRLHYNHNWH 2
BXOHGXAHPCWUPQ 2
BXOSNGANZALU 2
BXVCZGKRWXNO 3
BXXLJTHMVNZNFXMGKZB 2
BXXXPZBFVPUXO 2
BYAFMQVCCTWWEDPJB 2
BYLIMDBPJFV 2
BYMVQWNVTBQN 2
BYPVUWHMUDMXWSUC 2
BYRUNZNLIMPOGNUW 3
BYTDRMUFWLFCUZ 2
BYUUFSHURWLC 2
BYVHMKYMEZMVBB 2
BYVQVAREQCDVJVQDB 2
BYVVXMLGLX 2
BYWAVMSMFUH 2
BYYVYHECOUCIGEANGLX 2
BZCDFSOLPFWQXYDUVQO 2
BZCXGEDXRDYQSH 2
BZDEKYLMUQB 2
BZMSQQLZWZLAQ 3
BZPBWTJSPFNZI 2
BZQPWZFJCOFAVI 2
BZVQQRRCTYKIPJMI 2
CAEUKWCVTXVCKUIGW 2
CAGNGZDLWDUEXFTDFVA 2
CAHBCNLEIMUHHYNARC 2
CAHXQUVVKCEZBW 2
CANFOMVWTFNVBMBE 2
CARHQTPAMKCYFAOXTAVZ 2
CAWMJUZDWESUJTWCX 2
CBEHACXWYRSTLYZQ 2
CBMRATXXWCOTBLDZPYHN 2
CBOLCOTJWKRDYP 2
CBPYGDWDWQHRILXUNTQ 2
CCBSMTDNMKO 3
CCBUIRVHLHTG 2
CCFODNDAKJWVLIQ 2
CCREQLBEVQMQ 2
CCUZXQAAMKVDSP 2
CDFUOEDANZMUYJO 2
CDIVMRWHDE 1
CDLAMFZLBFYBSOISQK 2
CDMDGDEJDOAOZBHIWX 2
CDNOWRXAICKIUEQWHO 2
CDSPSDMYQYMY 2
CDTAULVTPPDKEAVOFE 2
CEAACLCYML 2
CEBFCYJNEGGGGJNZ 3
CEBHEVAWHIHTEZSWP 1
CECKBBVFIMMPOVEPBUY 2
CECXAFYDVNCZWAXSY 2
CEDCGPLVWPLSYYELULU 2
CEEENYPRWRNFPVU 2
CEFDEZMKFXCTCV 2
CEJVZXTATRJY 2
CEQFEVKQUW 2
CERSFCEWKZEOSLAG 2
CEWDMIVQWZQ 2
CEZAHOCKHZQPUIXDZZIM 2
CFDBYTYSQHKBIBSIZF 2
CFGYDRBMRY 2
CFIAOIHDZDHAZUMSE 2
CFIHIDTTQFZG 2
CFIPRXCRDOZ 2
CFNXGFEPOYFMHWAWYZ 2
CFOSCGQPFKSIAEGJEDT 2
CFPPXPRMUQRVVMH 2
CFRKZZOAJVOSUAMOI 3
CFYOQPVFTTBPN 2
CFZKWWQWJWKIDEZJUOMC 2
CGBPZONTFSNS 2
CGDGIWUMCHELBRWXE 2
CGTVAOBMKPTDXKWGK 2
CGXTRYZQQJKWIB 1
CGYFRDHDLMZESDW 2
CHIEPGRCVPCFI 2
CHILAMZBFLJFARWYPZ 3
CHJQUCQUGBDTLOKLCM 3
CHPCTNLAIAUGJQLGOSU 2
CHQBFHNKUJGIUYVYVPI 3
CHXROEISZAZYKAS 2
CIBPMVBVCYB 2
CIGIJBWFUCYXMQKTL 2
CIHEATGNPLF 2
CIHSCWNJVE 3
CIMIOOREGROOJEFEMTGA 2
CIPHDUSNIRSO 3
CITNGKWXRVDPICHJAPWP 2
CIUBTYRQAL 2
CIWHXMTUTB 2
CIYKNUVMMOYOPANSH 2
CIZZEBXULOYVNKRQEPKV 2
CJBRPHVQGKBEWQRDDYOG 2
CJCZWDYATVOFNPGEGYF 2
CJFPQULHGHR 1
CJGHUCAHBQXNIHDDGQ 2
CJODLMIGWMNABMRZ 2
CJOTQGCLWGPEYJDK 2
CJPOCVKNCGUFOHFJRDRW 2
CJSWCKNUJUQC 2
CJVDGWHQXCP 3
CJZXNBBOAATYHGVPFJS 2
CKAXAGXZJSEFNSTYIPT 2
CKEDENFTGRXGQ 2
CKLBANIHYFWSII 2
CKRZJMBAFQIZQYDL 2
CKWEZNOSAYPKT 1
CKYRBXPWICQZRDDDDNG 2
CKYWCLLFLETLHH 1
CKYWWPLKAELJQKWSNYKT 2
CKZSYAOJLQAB 2
CLHFBHNXPERWTQZYRB 2
CLLZWFQDVSZYTN 3
CLMJVUBOFJFQEBIN 2
CLMNDYOYJEFHOPRBW 1
CLPQABSRNKG 2
CLRTWPMLBLGBMOXTLN 2
CMEFTEWHTIPHXBYOB 2
CMILXJHSAYYYPYYX 2
CMTXSDFRCF 2
CMVKWQTWDGFDF 2
CMVYNNCQMBNV 2
CMYSNZJORCUKH 2
CNCFTNIVRQXAD 3
CNFSQLFOINCLJQE 2
CNLPMMVXVDZCDMIO 2
CNTNJTDKHHFDZYQ 2
CNTXBOLHISKRJFIML 2
CNUVKTDNMDUS 2
CNUXRCLQVFESPPP 2
CNVWEWGOYJIGZL 2
CNVXBJNZZFZMXHWWJ 2
CNXUIRZHUKRCDXPKYBNG 2
CODNCVDJAUWGVQIMOWDS 2
COESNZZWKZ 3
CONJLGOKTBF 3
CONLRQXXGTEYIVIYU 2
CORQTKCPEWIR 2
COTYMZYICFWOH 2
CPFRSOJYXJWPCKK 2
CPJATBTDOHE 2
CPMADDBOLHCDGNMVJMY 2
CPRZDCDBXNAYLK 2
CPWHHONYNAPLUDEEGTFE 2
CQGLHNZVHLQNX 2
CQGWRWUXLN 2
CQIQEOQVFEP 2
CQKSGDQRXOWUUKUNR 2
CQLFKXLHCJVG 2
CQXDVVZYNKFVSYD 2
CREAIKGAHYFMU 1
CRELOPWDMJ 2
CRJCYKPJAIJCD 2
CRJTSESCMEICFXRFLDFT 2
CRKSOGFJNXYZCTHN 2
CRLJWBKTKIPVKW 3
CRMKMZCYTMRKI 1
CRPVXOIYSRERQ 2
CRPZYHQAHWV 2
CRRENECGRCIWAU 2
CRTPRSZHUSIZLIERB 3
CSBQINKPSCKRTPGP 2
CSFBHUVTFW 2
CSNJOMXKDZKIQLIS 2
CSNNRQEQPGBDSRPJ 2
CTHNOVWTIIIDTOV 2
CTJWVGBEXOIQ 3
CTKQLODVZZKWDAJCEE 2
CTKSDPUMDJUMZXGB 2
CUDRPRJPKL 2
CUEIHBPXZNFDZOXFDW 1
CUEXCTVXGL 2
CUEZASXBBOMXJMXSAB 2
CUJASUXGIVDVBYXDWK 2
CUKKSORCXJZUVXAGY 2
CUUSHLPWJOXQAAAYL 2
CUUZFXUOSKAYMO 2
CVBELNZRFCODBRFZDGE 2
CVDEXWLDMRVIWGV 2
CVIERIMJKJUIMRXXULRD 2
CVKXHRVWMJAECNGQNEXR 2
CVPHHLKCAFK 2
CVTCNRZOPNGXNWJOGMOR 2
CWCIXBKKGIPWOHU 2
CWCPIEDAVHLGJOWIJEIG 2
CWCYGJURUSVONLM 2
CWGVUBNNQBHIJSMLF 2
CWLKACOEXTDHZQVNTSM 2
CWSIILTIJY 2
CWSSHPVSWKBDXLVFPSF 2
CWTOFDTZOTCOSZDSGXDZ 3
CXCFRNTKYNCYBQQCX 2
CXEGHJJQREIBUJHJEF 2
CXFOPHOGKUWQ 2
CXUJWOAGAS 2
CXUNUHTPOT 2
CXWFBKGVNUCDN 2
CYBPADRWEI 3
CYCCSHRGXU 2
CYODCHETUENAVMVPTRWP 2
CYPGGSENXONQ 2
CYPTMCSESLLKUJP 3
CYSRNUWVSVJCM 2
CYXIALFHLNIDQQGRZMQY 2
CYYULGEVPAS 2
CYZSEXJWSUZNJOITO 2
CZCKUMEWLOKSCJTBVPVG 3
CZEEYOWHQESSJNGDBVE 3
CZGAABOYISPRQXZZQQBK 2
CZGRTFGIJJMZUWBHEU 3
CZOFUKQUCGX 2
CZVQKGLYCBEIGDHBBQ 2
DABSWOKIDDDF 2
DAFDFMYAIGYDFSWSJO 2
DAFSGMZVTF 2
DAPCKFFZXK 3
DAXPTGRAXMHMKPAKQC 1
DAXZDMPWEXMQGKI 2
DAZNAERCUYZASUWLTFAO 2
DBFYSFVVKNYUCNTYYD 2
DBGNZFJSMNXMFOUL 2
DBKCUZCCXJPWK 2
DBPFQDIVNNEYUG 2
DBUNCHCISFYPFLA 2
DCBVKCJRGAY 2
DCEIPMSGNLKINK 3
DCFLSMQFPOWPBC 2
DCHCUOJNDPP 2
DCTJTUCYAUOWLEXJ 2
DCYPXRWPIQPCRMAYG 2
DDCNWHEEWXJAEDCOB 2
DDDIQRVYFVTDS 2
DDEIBGKVDJGBHJMJ 3
DDEXVPFBVNDFSBCB 2
DDHCBMFRRLWTVJURMW 2
DDIBYDQZKWV 2
DDITOVZCIKMMP 2
DDLCYYNZIRWD 2
DDUTUOCOBBNV 2
DECDGYZOMYH 2
DEGVSUCFRXSHJWSHYO 2
DEPQKISMXMHKVPZ 2
DEQYLPEKALFXZRZCJ 2
DESGJRTZVLJCAVH 2
DETKKVSOFLQLUXNFJL 2
DETNFXDGLLVGFHTBN 2
DEUPJJIXTNBFOTIG 2
DEYXTMWWUFORM 2
DEZPETVDSRASIWFHNFR 2
DEZTDICTRAIWEJ 2
DFDEPEBAFLW 2
DFEJOVTSZHASYSTDG 2
DFKHKPCSHBZ 2
DFLBRIDQUTDMZL 2
DFLWDWRYZX 2
DFNNLWSNFHQPS 2
DFQWDEJQOFUXPMG 2
DFWXAEPBUNDDACSSVWXP 2
DFZMUYZBGPXL 2
DGBIPZLTRYIYUDIR 2
DGFDKWGFNDAS 2
DGFNDHEUVWNAFELPG 2
DGHDOQQFOPLEVV 2
DGJDOONPXE 3
DGOGVFEVKXINIBUU 2
DGPBVNHMRLRDSOQSKKR 3
DGQVJHXQHKWB 2
DHDIRSEKTN 2
DHITSHQAGMVWN 2
DHJKTKTRBMNYWIH 2
DHKGPWLTAKYUB 2
DHOHINBIBRR 3
DHOMTERUWLYRTZFMQJIN 2
DHOSUJWLYTUDH 2
DHPKOFMDAIGYOKHP 2
DHSJWBCPVWQJIHTY 2
DHTNDAGYJYQHLVRYGA 2
DHTYDEXVYDRICVIQOWN 2
DHVEFOXIQZLQZYQ 2
DHVVGTVHRQ 2
DHVWBCESNUKXEBWRHGC 2
DHWVQXTCIO 2
DIABJBFZUCHVTLGQEV 2
DICKLBVYSCX 2
DIDRFKHJHY 2
DIFTULAYXVG 2
DILCVUEPTYPOEXFIOJQK 2
DIMNLOGCQFLCZSTLGLNJ 2
DISBOZNGFKRZWXGBUM 2
DITZNFKMSQSEQZHEACVA 2
DJAUIKUNBREIYJMHCS 2
DJEQAJQLSKJXGNINGBP 2
DJEQXYCGEV 2
DJKAWRYVBLTFIDGJOPWY 2
DJPLINTQKEWENJQEBS 2
DJUHDIDQZTDDSOW 2
DJVAOHBOOWDZ 2
DKAKTKYCUECRUHKMSNK 2
DKIMMIDYIQBZOQP 2
DKIUBJKCJXNZDGOOI 3
DKLHOJZYZFACOD 3
DKLOYXYQVEMAONKJZIN 2
DKOEDSWGCWJ 2
DKPVOLCKYVN 2
DKSHLZNQUSDBLMKS 2
DKTKFLBKIUW 3
DKWRPZFDRPFLAW 2
DKXFRHWKCVBPEUBWBHHY 3
DKXLIMNRHR 2
DKYSWNOCPAFM 2
DKYZKMHBSB 2
DKZFQHCPXMDLIEQ 2
DLEERDIMAJLKUH 2
DLEQFEDFJJOPZTWZEVO 3
DLETOVZJEEKVGXZMMN 2
DLHHSYKUUFEYIEEM 2
DLIJUUCZDQNXEI 3
DLSZGVKTFHUCCCIS 2
DLTACVHEKCHAMFRRJMKI 3
DLXOZIZSZYFJUUQGYZF 2
DLYJZLUFRUPPC 3
DMBVHQIVCMCCNVFFYWRF 2
DMDOLBZNGGUHQOKPKZ 2
DMITJMXEIWLLLUOS 2
DMJIBBMUNCSCAAWWMO 2
DMNEFQWEHAQMCDGZWMQR 2
DMNNGOWMVPSHQJNIY 2
DMOCKUFRJU 2
DMQVGDBXZJU 2
DMRKFRYURFWNGSTEE 2
DNBJJXNXEQXKZHOIJBAA 2
DNLQVOWHDMOEIG 2
DNMFJDYASUIZDFJWN 2
DNOGEUBXFQIPJWWBHOCI 2
DNRUOALEJIZEOBALBVA 2
DNXYAYGYIXVZLB 2
DOACUQDMYQNTKY 3
DOAOYURUPPPRVYK 2
DOGHOGQMARRMR 2
DOJAMYSGAWL 3
DOPMBDUFANH 2
DOTEFQZEQKMLXOARJ 2
DOVCLXLHOOAKZJATB 2
DOWTEOFQGX 2
DPCJUDIGUXMGCYV 2
DPERTUFQUIRTRHP 2
DPMHDOFFERDMQ 2
DPQLNUGHGBGX 2
DPRNAKPJRQLDNGTUG 2
DPTGUIDZKFMGXKSRH 2
DPVHYAYVAVKPYYY 2
DPXCGUDHMNPBJZ 2
DQCLXXAQBTKV 2
DQCWGZQDSPYVUHJD 3
DQECNZEXQHBWGTI 2
DQHPTIHSGSVOIIRDWTWS 2
DQOYRKQGPEZHIYPV 2
DREALBPGSWNVNOWORJBF 2
DRRGCMHMTUKFCP 2
DSEQSFGABQYALK 2
DSGAYPFDBQEZHYSZTUOP 2
DSNVNBGSFL 2
DSVMMONAWKCYVSIR 2
DSWDZTTEYFNIVPDCTC 2
DSZEWWRYXNAUH 2
DSZWZOTNJCWELKPVPM 2
DTAQZFOJCXCK 3
DTAWJOCRAG 2
DTCVBOEZJUPXYKLLA 2
DTDFJYZHKMJQZSIDHUWR 3
DTGDMGLRNYHFZYSMXAB 2
DTKMOUWDFIOWFINIX 2
DTNEXRWPWIJE 2
DTNLVXTRBIVJHUBQG 2
DTNMDJXESM 2
DTPVUESIRCZU 2
DTQGXUCKMFDEZADPT 2
DTTARJVWKJUGZBY 2
DTVVCCKDLDKLOSQRWY 3
DTXCYTJVSVXAYVFNGO 2
DTYNYSORZWLIOAYA 2
DUEEUGYUUB 2
DULSXFTFOA 2
DUTVSKIINYSPG 2
DUZHAFQTASXFWQEOJVMS 2
DUZQYGRCVKN 2
DVCOQZBXGVBKYVK 2
DVIOWUBAYJLEOJALWOF 2
DVKSVLOFKATSILMKMQ 2
DVLSTBRXPNRRPSZOH 2
DVUWJBGMEYEOAKJOD 2
DVYGVSEBVMROOPUWPXGP 2
DWDINWCFBNPAIEER 2
DWIBEKKINF 2
DWJKVWHJTIIKKGNOOR 2
DWKEQAFQMI 2
DWKYEWNMQYWQWWUJVVQE 2
DWOVSBASQHTHKPJK 3
DWPJCLYNVI 1
DWPLSPAGSVBA 2
DWSOJXPPFI 2
DWTAPTGKSEH 2
DWUAOJAGCDFXXEM 2
DWZYQVPWBLVSZVQJABS 2
DXAJFUYLVPCYFPAXAYPK 2
DXFLYFCIHDZ 2
DXLXQYYGNPJCWLNLAWTH 2
DXMSFREUJHJG 2
DXTRKXVKNYG 3
DYDJBZZPUQPAKNE 2
DYGBBRBDYHPLJBQIS 2
DYIGBTJEYFVSXM 2
DYJEPQMQWMG 2
DYMHLPJGHADNHNJGX 2
DYPFTUHMPTFERP 3
DYTOGOCFRNELTIS 2
DYWILWSLSQKSFUMTSILT 2
DZAVBAHAEUTB 3
DZQEPSQNGKHJWXRVVN 3
DZWPURXBYVEHWWUS 2
DZXDXCFIIUNRZWKMHGR 2
EABDYMZUDZTWWPNYJ 2
EAIONDEURBMIGC 2
EAIZBMPTMS 2
EAMNIJHPZXRDHPA 2
EAYERTCCZZRHDGCQW 2
EAZEPALFERQMHL 2
EBDQEHNQQIWLJRUZ 2
EBFDMJDFLWPTEAM 2
EBILFSHYFRK 2
EBPCULDSDELGYUNA 2
EBWYULGOSZ 2
EBZACQMJOB 2
ECDROKFKQIMO 2
ECMCIFSPUGEWMHOZZWR 2
ECNOVBEOHMHEG 2
ECYSHSJLQQQQEASKHAR 2
EDEOOBIDWYRQ 2
EDJCRLKVUU 3
EDJEOEHXJXN 2
EDNJUCFSWHWJ 2
EDQAAAPFPKMRJZ 2
EDSIFKVQRYDJ 3
EDUYROYWHF 2
EDVRZEZEPQPS 2
EDYOCAWJPEGR 2
EECCKHDLLYLAEEINE 2
EEQBUHIAGNUOJRLDPJMR 3
EEQHYXNAEBNOVROVZUS 2
EEQPJBVROOUZRK 2
EEYESUMRVSAWY 2
EFFTURGCNUYBQGK 2
EFGGPQYFVSRU 2
EFKPUYPEKBVCQJBIDKW 2
EFNQLXAIRXATCFFGFMO 2
EFOHOBASQXAKXSQWEUST 2
EFRVOYBUWJCFX 2
EFSIZDPJTGVL 2
EFTINMMVINSU 2
EFZWXLQRMM 2
EGFWSWLIIGTOJF 2
EGILGQQEOVQ 2
EGKRXGVCZZSGF 2
EGMNNOQCWDMEDXVJZSCZ 1
EGSHHPPDHOGMIYH 2
EGVKCEWIYQH 3
EGVWVUDIGXIEVORGSNNP 3
EGWRUHVXNDTGMWCXXNX 2
EHAHQEHAGVYVRS 2
EHDCUOYLAZRLLUSWXKF 3
EHEYUOYGJSMPFJMGAPCH 2
EHGJYONQHFEYJ 2
EHHDBSDOBDZT 3
EHKYLXUJXXYKOCHUSR 2
EHTSUGFBTTFLUQLZQOMQ 2
EIBJWXEBQBRPTBBDRF 2
EIEYATJXQFZVFWVW 2
EIFIXHLRTXXX 2
EIILDVUBYQWRIB 2
EIIYEDAJSAFJVMCAD 2
EIOXWZVRKNMYZXHAX 2
EIQFHUYQQDTVKIYFESH 2
EIROPQHXVTCTLU 2
EISJUYKDHY 3
EIWQTDNUWSVWWHDZQ 2
EIZMACQKSQZA 2
EJCYENZRBFVMJZU 2
EJDOHUHBZLWOKQI 2
EJJQRICZPHVPFU 2
EJLYYUFNLQBZB 2
EJOMBVPUHBFGVOBM 2
EJPCDYRUZWELNBEWF 2
EJRKEBOGTPSYC 2
EJRZSRKJPNNFWCAELS 2
EJUGIVWXVILE 2
EJUJYRVJGJGNGRFVTY 2
EJUXSXXDHAIWRHJOF 2
EJWOMBXETRUYYWHETSQB 2
EJXRTOZZQDN 2
EKMWYDQCZTBHVHS 2
EKPDJPNDLNRRFUZEC 2
EKQXUVOORTCSENLVGFQB 2
EKTKQMPZYRKMCHTD 2
ELAHGJICFMINZJDB 2
ELFXHPQLEOUVHLWP 2
ELGTTMUSWXEWFMML 2
ELHYJSGRYZFJGZLFBVZ 2
ELJFDTKSWYM 2
ELURAABDZVSXPUTNRVI 2
ELYMDJDTMRMY 2
EMVHKUXKGOSQ 2
ENCBKBQMDXHUSH 2
ENDCCWPCHRXOW 2
ENOUTUVIMKQSC 2
ENQEEDYTNVAGMX 3
ENQRZSGIIBGPN 2
ENRJOFPYEDIX 2
ENYIMWEGVYCKK 2
EODBQWAETX 2
EODBXDNRNJNKZLZ 3
EOEWIQAELXZEFNIC 2
EOGLXMTMIGRZVFDYW 2
EOOFYFQUDATGFIWS 2
EOUPLNFFTSP 3
EOWXGRCBKDR 2
EPCBYUTKYHGUQRSIZJ 2
EPCFBATZKL 3
EPGGYYIDMZHGOGPL 2
EPGVIELMCAWL 2
EPLLLEYOMYEHXVU 2
EPMKSJRVAQZRVOUHQ 2
EPOZGZCRRBDFG 2
EPPKLGSFGAKXOFUDS 2
EPXTXNLJUSGHBOWVKL 2
EPZAGUFWBDHCKMF 3
EQGLPNCBOSOMPXZRHJ 2
EQGNMULLQKGH 2
EQUGSJRPDORKB 2
EQUQEXGANS 2
EQWNSWPNUYAUPOCAYU 2
EQXYSYPTBJTWKZTHPPT 2
EQYFPNQCRJCTOSVC 2
EQZKYIUREEVCUVE 3
ERDOS 0
ERFSXDFPCZLFHMZXYW 2
ERJUEMLBNJXQCD 2
ERKXFZKKUI 2
EROMHMKZEIQZKMRITF 2
EROTFVICWMLNVR 2
ERPUFRWQRHGZAMNO 2
ERWAKLHONQ 2
ERWYQZQWHAUCA 2
ERXUQHTGGUBAJ 2
ESBJBCVZVJ 2
ESCKYBHADUFRHK 2
ESLIHDKEJSUPAJGKKTUR 2
ESTXEEJNXK 2
ESYKIQWDHJXPRHWBEX 2
ESZCQSKIKHFZUMDLMP 2
ETEMGOLHPOZM 2
ETIMAWBGRROYY 2
ETMKLWIFDAS 2
ETRXRTYAESQJVB 2
ETSLVUALCNWULPGD 2
ETTFAGTJHFYHJRXKBS 2
EUAVROTMQZLMYZGXWU 2
EUKCRJMRTDAV 2
EUMPIGHQKUOQJTPVY 2
EUQAJZMTCARVJBKJSMTQ 2
EUQEGQVXGWYHGRDUMSC 2
EURZVKELRIFM 2
EUUTWWVNEAPZMMRXJTV 2
EUVAGZBPWKEBAUZHBRO 2
EVERFTLJEDEVLWK 2
EVHKUOIDSEN 2
EVRTPWOIMRPSDEIUU 2
EVSGGYQUIGQXQUJ 2
EVSLGSZQMIHTKT 2
EVVJACTYGJLVHKLIE 2
EVWHDVSFZIOUEW 1
EVXBAQICGXGYP 2
EVYBNUOTAGLGABMMOFNP 2
EVYKRGMCGNQZOGYAMC 2
EWMLZNSPWCGFT 2
EWOBAQNMYRABFO 3
EWPZWPKFLVVNJQN 2
EWYKBABQHTQOHHJJZSW 3
EXBLWXIIPAWDNM 2
EXCUNFVUTB 2
EXDWXMCKZV 2
EXNXKGNVXMEFAD 2
EXQWULBCFIDLZAO 2
EYITTEWTFOOJVKCRUXOH 2
EYMGRMNPCWLEIISKGPEH 2
EZDALGFWYXGYPWVNQRB 2
EZDNSMBNAACHYQQKSR 2
EZJOKJZZPQKLMSBXMV 2
EZKFAXOHTVXHHOSJCV 2
EZQTYPVYXUGUPIIT 2
EZXATZLQGY 2
FAABBAIVMW 2
FABBOSIDMYKKSAHSE 1
FABJBFOQRAGDG 2
FAGOXXLBHUXZGUWFG 2
FAHDASRMRSXWVWQPYEEY 2
FAHZLSXJDIVKMIO 2
FAKHUYFTBLHT 2
FALAEDXTQQKIKMW 2
FAMJYULRRNKZCQSNT 2
FBCQCGROKLDSQPTUGV 2
FBEHYPUQKATOKNFI 3
FBMYPXSJDMNYURW 2
FBTOEEOMODGXNJCRXE 2
FBZNNSNTQKCQLQHTCW 2
FCRALBRIIVARJICUX 2
FCZPMBGXTMONUQM 2
FDAWALWUMIFRMJSAQ 2
FDCZVWYDXOIIW 2
FDDBAIEXHNW 2
FDICAMFNQSQCDEUW 2
FDKMGYCMTFJMKPYLYJJQ 2
FDQTJONKMGIF 2
FDUHLURGMIXPECINICKR 2
FDUUNARTQUKWKB 2
FDVAFAPFEV 3
FDVOYJDFLYQU 2
FDWTXGPTTNYMYRGCLIPQ 2
FDYDWUWYABLODGWE 2
FEAGUHLTADSYAUW 2
FEAWGPOAIGIGYU 2
FEBGZBXWBGZHN 2
FEJZGJSBUVNDNCXFUU 2
FENHTPVWUSCJNJCBEJMZ 2
FEORUIJWWJIENMX 2
FEPOMTDHEREJYSSG 3
FERBNAOCSEGJLEPYJRHB 2
FEUSWIWDRLHHGKLHSWU 2
FEYNWYCJPJMC 2
FFACQIGNFRM 2
FFBBAXPFCXQKROFU 2
FFBMQGUAXRDEM 2
FFBRLLHUTVXDYOW 2
FFGQWYKLARDWFIVRNU 2
FFHESRRPGPLTRHQT 2
FFHIPDREQQQ 1
FFIAYXIYEECQ 2
FFMNEHLQJDFEBR 3
FFRQICZCTEPGGGSBBB 2
FGCGEHRAEJGCKM 2
FGIEONCDYB 2
FGKILANGGPAJ 3
FGPNDFCOZUODRLMEY 2
FGQPJYEWIMC 2
FGZZYBWNEYCPARBQIWC 2
FHFAHJRGHLNIWIF 2
FHHHAQJPEOBJETIXM 2
FHJDBFQKBWXS 2
FHMOSDDHSCHTRSZUT 2
FHNJIGKPGDDLBAEWRSQ 2
FHOCHMDPICTCQL 2
FHWXOVTSXVU 2
FIAXJDOLVHUHXZKZCFA 1
FIKXTXQADELDYFG 3
FINFVCUILMQNXJ 2
FIOKPCKVSKMJJXFZIZ 1
FIPMJHZDGDFZMCLCT 3
FIQTDDKJBYCWQOQ 2
FJBCZICWNATLBRE 2
FJEYBAIDPP 3
FJIPTYGBAHSJFIPZXCQS 3
FJMNDRLICOZCWZ 3
FJNAVUNFMFQPKWDYKYO 2
FJQPNZAIJGVNPB 2
FJVEVNCVHAB 2
FJYBPUJWZHTMMHCVKHC 2
FKBHILHDLA 2
FKDKIVDFPHRPCLVXLKMK 3
FKFINLLDSD 2
FKFXAUZSRVUSAHURQ 2
FKLJBMMZCT 2
FKRBURFQQGRRTV 2
FKVZUDLBUQIOXUGIOFW 2
FKXJMWATBJXRFQGJ 2
FLCNDSBGGGAESEF 2
FLCRAWVCNIZTEFSSBSKX 2
FLEMYXQSZHOGLAXW 2
FLGHGXTRUJ 2
FLJNHIICCQJNTHUCD 1
FLKDTUFWIVY 2
FLPNBJSDHAWQRMVZP 2
FLRQFWXGLWAQXRJZCUYU 2
FLZNHUAFLUWXYFJYSGSC 2
FMEXWXVUWPMMMUNES 2
FMFEOZEGSHMNTRILLL 2
FMGSWTRVNZMEGRI 3
FMILUAIMXCMZVAMPBKFY 2
FMKWEOXUQSK 2
FMLKHNGSBK 2
FMOLMYPPRIAHJX 2
FMPMFJMUTV 2
FMTRCXGLQG 2
FMTSPMKVYSUHHRZT 2
FNCOSRNOYUH 2
FNENSLDSPQTWLWF 2
FNEYKIWCEJDERDHVL 2
FNGFZUKLPJDVCUZHLFR 2
FNGPFSGOKM 2
FNIIOZNXFWPREYMFX 2
FNKHYJIYETFWPWM 2
FNMMUXNVAZQOMSNXJGXT 2
FNOJGYMDCTAQQVB 2
FNRPEXKNIOSPXOODF 2
FNSHJERQSBXKGTBZG 3
FNTBFFEFIIMJKG 2
FNXEKNUQZHHABR 2
FOJWFPRRNLS 2
FOMFESJLDDYL 2
FOQTYJRWFXEMYTHRU 2
FOVHZHTNICHB 2
FOYPLCQGYELEYMTA 2
FOZTVLQEZDTMAETQZ 2
FPAEDRQCIIOLGJ 2
FPBCPMAVHVABQPMQOUZ 2
FPBIQBURUCSCJAPAR 2
FPBNPKYWWIZBJGE 3
FPCKPENNQGII 2
FPCOHJFIKLRR 2
FPDVRVAJPQUNOGJD 2
FPGDRSQOPEAZEZGF 2
FPHKTHDIPK 2
FPLVZZKVTTHRVJAXV 2
FPMTXPKIRNZZQYNFQIVD 2
FPUJOIVKEMSCQWTGA 2
FPZPUNFVVNQM 2
FPZSJOOBUJICQQPXOBFM 2
FQLEAZHDJIPREL 2
FQLOAZHMJG 2
FQMKSXXVXKFG 2
FQNDUEVVCSPBKQKBXIO 2
FQPLKHGLMPTDHPOOVXHT 2
FQSEBIAJAIPWDEI 2
FQXNSESVTUIBII 2
FRCWCEXJNMOHBQSO 2
FRJIBLGXRLAGJCAY 2
FRNSHUTFWN 2
FRVOSMMTWVDSFTC 2
FRYGQVXQSYQVAUSXHMU 2
FSAAFKURZAVM 1
FSETQXILXCDSYT 2
FSHJALHRHPHCM 2
FSLXAGXJWFIBJYTK 2
FSPEMFKWGRSPTJLTAXQX 2
FSUQYZBMJRRHPWX 2
FSXDTPJQAFJUG 2
FSXKZDYQUOUYVG 2
FSXLXLFZWLEWBK 3
FTDHLMYVNHHUVPXJRXS 2
FTLPIJWCHDCUXUSYDSU 2
FTMVJYQTGJI 2
FTOKMXSUVZRRJAPC 2
FTPXJXKSDDSEPASGIWXS 2
FUARDSKSZCEOWJNCLS 2
FUBKGXDPQBWWRZQZJQH 2
FUFDZMNZOGWXJZHL 2
FUFQFMYAEY 2
FUGGDDLRDCMB 2
FUGTGSHCJEBC 2
FUMUUGLHOFHTYUXSA 2
FUPYFBOHDYNAVT 2
FUSETBALUSORATZYVSG 2
FUWZHKGCYXOP 2
FVCFGQEOKXZYITVYME 2
FVDTKAJLDMGHSXTF 2
FVJZRSOAIJDNW 2
FVNLBXWINMODI 2
FVQPMHPEHSFSDYFLBPXI 2
FVRGCUIABZF 2
FVVBVARXNV 2
FWDFZOTPVFW 3
FWEKKQATDGJCXRPLEWYC 2
FWFKWZZSSX 2
FWPKGJFLMZWEYGR 2
FWSFLSZJSWAU 2
FWVKSHKANALZH 2
FWYRUQVFDLGWN 2
FXBSKQDNLJLQDXNDS 2
FXGRDKZTKRNUHG 2
FXRIKDAPEGOB 3
FXWCZPOJTII 2
FXYEHHNTYVHKXHHVV 2
FYDBOXLXPLMXZA 2
FYDQLYMEILCRJHSNF 2
FYEBMBOHUDWDVTTRGE 2
FYKLTNRZRFOSVEAMWVIF 2
FYNCURNQOOGNEDC 3
FYSHTSVHZPLFEZOVPA 2
FYTQNWVOPPPO 2
FYUGKAWZFTRQUCKPNFIP 2
FYVFTAYGNWNQA 3
FYYQBQDQKEOKDPSGNUGT 2
FYZKOLUTBV 2
FZAQMJHJEHNULFQP 2
FZBWISMFRD 2
FZEUESBKUGOZUGCDKNL 2
FZKLZKENGCJNSCBCAI 2
FZLJLHSSFVSFHBM 2
FZNCGNIWVVS 2
FZNRVWEGFU 2
FZNZINNXKKZNMGI 2
GAAZKTVQYIXEVWIRYSRX 2
GAEDPZEWECZBNYHLN 2
GAHFSVHEJW 2
GALCJDIBVSOEXRBBJKZD 2
GALIDBLPECGSKGPXLR 2
GAPARMVOYYNJM 2
GASFASXTNEAOI 2
GASYPCURVOI 2
GAXJGEGPQRFNLK 2
GAZJCTZLOLHOVF 3
GBGRTHNYFO 2
GBLDJXFLUJCBYESLFIXR 2
GBPXVWXIITLCPUS 2
GBRQKCNGDAG 2
GBUYOUYCAEIKG 2
GBXFPRKEFUE 2
GCAWMGSPUVIRA 3
GCAWTHQSTVRCTOAXQ 2
GCBKRDOHPTFDFSAHY 2
GCBVIBARDJULWEE 2
GCFBCFBJFYZHDGSPHWN 2
GCOEIOIVHQAZQFDRUDI 2
GCPGQJQTYHYKJWG 2
GCPPSWNVRRBGG 2
GCSOKWITSVYZNODBSCLJ 2
GCUIELFUHLCCR 2
GCXJFPIHZWO 2
GDDDKEUXLYWAVOC 2
GDRFTBIRPOERMUQJJAVJ 2
GDTAFDILWA 2
GDWGURYVHEKMFZBFPGO 2
GDXUHRYQMCYKLOJNF 2
GDZKXWTAXPI 2
GEFHCIFYVHBIX 2
GEFYZGVYSARVCUYQQEF 2
GEQJIDMKRUUZOKBCTEH 2
GERZRAYTXI 2
GEZFPRDZVKLBX 2
GFCFGKTDYVHTZCXHLA 2
GFCQEPINKSCPOE 2
GFCWRKNPQUJKW 2
GFDOCIFJNOATH 2
GFEZRBLGDE 2
GFIAUNRPKWQXSAE 3
GFIQEWAGFVPXTXUITQV 2
GFJGLUBZFWBTNYHEQHWI 3
GFUZATQRBMDBVITQXD 2
GFWJSLLYFQXFZH 2
GGFORDWWRDALQQLNFWE 2
GGIKBCXBCR 2
GGLCYUIQIU 2
GGMFQCEUMCHEGK 2
GGPXYPDKSKQZMXZQONQA 2
GGRCZPZRZWCD 2
GGTBCJBBIJIVCPOLCTMC 2
GGVKIIXRRRSANSSMYOC 2
GGWIGTUKBEKCIK 3
GGWLKNNZEKI 2
GHAWZPYIENULQ 3
GHCXRZYQFHLGOLM 2
GHOEPFXHBISUIPMFDPPN 2
GHTOTCTSUWZFYQ 2
GHWRMUWWWYXNSNCU 1
GHZFWEBBXGQVJU 2
GICIMAOGNUOLLWF 2
GIDRUQWNDEQSDUO 2
GIOINWNZKUGZPSVF 2
GIOMWXBQOOA 2
GIRFPZUGFMIODWQ 2
GIRGEZLWDYZCJTO 2
GIXQVZBSKGPVKWPT 2
GIYGFFMVTQ 3
GJDXGXTQVJWANFCDMH 2
GJEJYJXUMQ 2
GJGTJVAXGPJL 2
GJIFZRXRTJGBYIZBQ 2
GJJVXLOJBIJZO 2
GJKOFBXBUZQCPYCZ 2
GJLEDNLDLO 2
GJNPSNADUQ 2
GJRIWRTORIFODMWACQ 2
GJRTBBCCTZRTPY 2
GJZATQVWAEZ 2
GKARZYMHZFQ 2
GKCFMNLFWRZANZMPBN 3
GKNUKTSEFAXGQJOXE 3
GLJBLVBFXGOG 2
GLJTALDMECG 2
GLJXGLWQNOBZWTFB 2
GLKFXLXMXZX 2
GLNLPVXBKWZTLWN 3
GLONJDQBJVISVHIBEZ 2
GLOZQJLSHGMJYRSAK 2
GLUGMXKLFEIOXXYJ 2
GLXCBTMMDOWUZATWKZH 2
GLZJAXMZBE 2
GMCEPRYDONRDEVECLK 2
GMEAJJTYZKSIQQM 3
GMETKSAKLAERCMZ 2
GMFWNRGXMPXB 2
GMKLXAWTXLAIX 2
GMPKWIPMIDMNSAPWAN 2
GMRLNJRENUFIR 2
GMRTTLUMWXRBVAR 2
GMUCHETILYBJAOWJ 2
GMUEXRHYNMXPPIEMGZKW 2
GMVFWTZSRT 2
GMVJBDXBYYDFKCTSGKD 2
GMXZOAXRJQEFMMVUYV 2
GNDFWLWOUYMEPLK 2
GNEJIHWWRVSCYMYD 2
GNEJQVIPPTCHNZBJGDF 3
GNSJUTCINIXAXTGE 1
GNWJYDWZUNDBKBBSR 2
GNXTYQROZHNNK 2
GNYMIWJEWBMMIUMS 2
GNYVAJODRE 2
GOGZOEYJGE 2
GOMDVOZSWHGPOTIYKRW 2
GOQNIPFDTMMJ 2
GORRGDNUMLAKZGBL 2
GOTODDXOSSZWDRBAVIMO 2
GPBLTWBRFEZTDRN 2
GPCYXMILLX 2
GPFAJHVZYT 2
GPFUKCMXIWFCA 2
GPGBHRMNGAYKLLZSRU 2
GPGLWNFBQQEXCAIEP 3
GPMKCOSCBZUSJGETYN 2
GPPOCLEQXSFOXH 2
GPVRDDEDNNTKBGVWPCP 2
GPZPXEKWNPOGMX 2
GQCVHXFCOKTKTAUJMZ 2
GQFSVMXBXCPYRRBAZ 2
GQIDCRTWJBZPU 2
GQIIZBABZBFETKG 2
GQIQCYFKSENCY 2
GQNTMWCMMCBTVTGKHUD 2
GQOCTOFTJGRWJ 2
GQRHSXLDYHW 2
GQTOAWRCLBIIPLMHMK 2
GQVJXZHJMMR 2
GQVVPGILZE 2
GRAGEPUZFSQO 2
GRCCFMEVKAUUZ 3
GRCKMCPOBDIFJIFAMX 2
GRDATSMGCIFUFB 2
GRDMQOTFATHHVBES 2
GRMNNQXCCHQFYKIG 3
GRMRTFGEOMSSXGFAEVY 3
GRPCASOEJIEAPQ 2
GRSRCZLKHNWEBCYH 2
GSIHGWYPUFOBCEDZCCKW 2
GSIPIGFWHMXMUPTDMRT 2
GSJQFPAOYELSQL 2
GSQHNKRJXBCPOXRMY 2
GSQJSBTQLNK 2
GSVXMDPPIOALFKTKHCDL 2
GSXITVECOWXJPADD 2
GTHPTMQFXSIQWRZHRNJV 2
GTKCBXWFZHTDRXE 2
GTLSPLEESFKYRX 2
GTMITSQBPUG 2
GTNKDTEVFACSQEVIYK 2
GTNKMFLACDEEDCHIRTN 3
GTOURNMFADHREX 2
GTZHRCAMWUYAVTPL 2
GTZMCCGETHJH 2
GUDSESGALV 2
GUJSIWGGLV 2
GUKJUOLKWM 2
GUNJOZJJWHHHCKS 2
GUQLBQZLXXN 2
GUWSCDYORHGNCINWB 2
GUZHYYSGSVQULPWR 2
GVKNDAZFHPSPXHXVFVJ 2
GVNFWAGIYFT 2
GVOANRBOFUIOWLOR 2
GVOHIOIUFMVROKXBVWIH 1
GVOXEHHMLXNMEZ 2
GVWAPJBEWJTMZZBTXIAW 2
GWCUUBTPNOMKGVJMPPVF 2
GWFFXUWCYMYXCLBQS 2
GWLGMUJDLFIKTALDQCC 2
GWNSYSVBGZ 2
GWOEBKJXCH 3
GWOOJSQADXVJ 2
GWPTBXNAFKD 2
GWQKGNHGQRJTPLSI 2
GWVIQLTGQKXBKBSO 2
GWYNMVTQYS 2
GWYRRGHOGCLHPIKQ 2
GWYVIENWQA 2
GXAKTNHRKSAAEGU 2
GXGBNELRGC 2
GXNWQYRSBZOAVQHPNUU 2
GXPBPFFZGYPUWLNPGQJ 2
GXVAKEDMDWMC 3
GXZWOUOZUUBZPLWQT 2
GYCGCHBGLK 2
GYDIYYCABOISZMI 2
GYDTAVYJMV 2
GYTGPRAFKDDVEKFIZ 2
GYWBCXVYMNO 2
GYWWRULOGQAQWLBDM 2
GYZWRSCUFWISWVR 2
GZCLUHZFSIVAAYLJCEB 2
GZDOXABCHHTTNPSI 3
GZEZCGODXNZZQVGXCM 3
GZHHSBQSQT 2
GZLLWFEBZQCL 2
GZOIOSBSHHGS 2
GZORYVGXQVCIHVSKVVZM 2
GZPHIFWTKTLEPCIPU 2
GZPNBLHKEYZB 2
GZSLCDNADBCMS 2
HABDZOISLDXGCBQCRW 2
HADFSEWNFGHD 2
HAFQINTNAST 2
HAJILTZJSIEGJPIBWL 2
HALDJSROBWKLOXTCMHV 2
HAQMCCFDHFHBSM 2
HARRBENUYLQYWZOB 3
HAUABCWWPWFC 2
HAVMCWEWZJKUBJDHTG 2
HAYXBZQPMIIOISFWXXCN 2
HBABXLQWFRFGUV 2
HBCQRQTCUNBAEBSJXGDH 2
HBGNCPJUMHEASFAA 2
HBIYPFEBSKFNAMTCQBK 2
HBKYUUUCAXBB 2
HBMJVBNVIOPRNVUUFDVX 2
HCAOKMEGMICXXPFCF 2
HCBELOVPQKPTTEYEWP 2
HCNTNRGLSOIAE 2
HCRVGJVLCWA 2
HDEMYZGBCWGODQVGPV 2
HDHBOBDSRIVIEVMXTQ 2
HDHKXGFSMCUIMWSO 1
HDJTDOMKPQLNQBYSUTR 2
HDKHQQOGGMCPBDMYW 2
HDKYGSPIPIERCGC 2
HDMSIHNMVWVQBNRTRIPL 2
HDPIAQXPTHVTWSBFIQM 2
HDTGCHTQCWYEES 2
HDVALDBYDGXJKGRM 2
HDXONQTONAHMEGTPGSZ 2
HDXTIKWYCEYREFBWKAP 2
HEBVNVMVXTGHS 2
HEEBSQVOAPLVAQTBS 2
HEGHOABVHCGNGS 2
HEQPDEMTUBLWBAPB 2
HETUZWZBOQAO 2
HFCYGGGWXXRDKMONPMO 2
HFIPFSTEPT 3
HFMBCZTQZFHBODTA 2
HFNCGKISADMHKLRXMDDZ 2
HFSAZHVJAF 2
HFZOIFSXHNAXPSTMXAXG 2
HGAFIWWEIYGOVDF 2
HGAXYXJNDRBU 2
HGCJYITZDRN 2
HGGYTFVUMDHSKAYWNI 2
HGIOUZUPUZFD 2
HGNHIFTNURSFWVRJ 2
HGNUQCUDATTLRPWJMPYO 3
HIBCZXITQVYOV 2
HIBKIXVSLN 2
HIEVVFPTTUH 1
HIFUSVNJDSJSAJZXS 2
HIIIMQYGCVCSXZIQJXR 2
HIJBXWWVBRZKQA 2
HIKHBEHHSZS 2
HIOKAGOMGINI 2
HIQQLAAKGIESKADY 2
HIUPMTTEMWGL 2
HIYEACZZKHUZRKCFFWH 2
HJCUGZCTYXZZJLVGNON 2
HJDKONXTGXIF 2
HJHDFHJNEDKAVUIULJT 2
HJJZIJFOMGPQY 2
HJMJWYYYKJGSCIWM 2
HJUBQJYYKOENVYLZYQGH 2
HJYRWTASLEXDW 2
HKACEJXFAALXPUK 2
HKCUYTVFRBDTNFDD 2
HKSWVTWSNLBKBVVKP 2
HKUFDATKLGALIVHFV 2
HKYZNAENIOUPBWXNHPPM 2
HKZXYSJTKYQCWACFYR 2
HLHCWHTADTDLTWWJWXZ 2
HLHQPJEOTTLBLVZKDRVZ 2
HLKLMOMYWQYX 2
HLMVKCJSFUCFK 2
HLOHYVPQJVVYYMMZLHT 2
HLQNXJBDZTXQSWKCMZ 2
HLXRLJPGBCIWYJVABU 2
HMEPXYEWPSLIFQL 2
HMIPSMPDFEAIEJLLAFQ 2
HMKFYRKLZQCZS 2
HNELPLJYIFWP 2
HNJRETYFETYGA 2
HNOIXXJIQHWM 2
HNSDSJAWMIHMJFQD 2
HNXAXBXCODKKO 2
HNXFACJDXCPWNGEVKY 2
HNXMHHXKMYVSZEDYKYF 2
HNZODFQPPHZZ 2
HODLVGVRRKNHYSK 2
HOOFXJYECAOFBP 2
HOOXEYOXAGJCVZPXVCG 3
HOQVXHUMTYS 2
HOSODNJOOWLQHQH 1
HOTFWTZPXNSCNN 2
HOVMJKTSXDWYJGKLNOEC 2
HOVRYOTCHHOAUDXKGTPE 2
HOZZBFQDTEATCRKRL 2
HPCREGWNAVLITXJCN 2
HPCVFFKWCFMFPVGJM 2
HPGOOFGHHESVC 2
HPHLAWJRMTHH 3
HPJACBEBYNEERZ 2
HPOJEJYDASULEAFE 2
HQCCYIBTPYPTDS 2
HQDWIHWBXWQTM 3
HQEAZKCRIVVFRMMUHL 2
HQEXTYWCZWCPYQNT 2
HQGDSZIPYECXZMDYJ 2
HQXQZKXYNQNZL 2
HQYJXHMVZQMLTYADJ 2
HRBSAOZUFABQAYV 2
HRDVVGUAWLNFZAGKBTJ 2
HRHMNLNLXFXRTF 2
HRMUEMGAZXWIJOSJSHGB 2
HRPJXILJIGJJUMZJR 2
HRWJOUCXHVNHVDWV 3
HRWMTIERMMSHJIUH 2
HSDGBHTUHMTH 2
HSEBLBGJUJAPRL 2
HSGKLQLYFCFIWEQNMWXQ 3
HSGZGVJQAYQDDO 2
HSIYNTGFQY 2
HSQOBGIVQYJFJU 2
HSQZMGVZCLQIWNFG 2
HSVCUFEAANZZLLLQ 2
HSVYJERQSLECDGAKFA 2
HTFBBFLSUA 2
HTGTPJRMHRUYXF 2
HTJQKUALZDKKDJSTRRZE 2
HTQCRGWNFTVKEBY 2
HTUZWITHYXUZ 2
HTVFZBURVMV 2
HTWZUGNAMOFYCC 2
HTXDLLOBPPUVHJQVFVHR 2
HTXPJVBJTWICHIH 2
HTXUAUAIDNT 3
HTYECWNYGNWN 2
HTYYUEIGANTRZ 2
HUBAXIDVRAVLLCZUDJG 1
HUIQJXZUEFHGZRKDLRCE 2
HUKCAPAWIFGJQIEIWWH 2
HUKNQYHFSGUTBDWI 2
HVDUYPESLEYWQNHGVKX 2
HVFTHWRXTFUJZIOEJEO 2
HVHEADWGTICFAIVL 3
HVMMLVDIQEPRWB 2
HVQARGDPOGRNPCH 2
HVUJBAHVJPDOQVHFS 2
HVXJSWUXYJAWYJFVMQVR 2
HVZEROOXXR 2
HVZFROAXZA 3
HWDUYEMAFDBJRTASBH 2
HWDXJKJHUVRBWI 2
HWNHVGGGLIQFCA 2
HWNRGUTJXNEDQRSIA 2
HWNULTMGXX 2
HWOODBRGKRJHWQLDRMU 2
HWTPSYFQHWXZOYBMY 2
HWYLINBIQVBEHJEOSIM 2
HXBGFRFJUORMZCXQTRRB 2
HXFXPAVYXJ 2
HXLILYJNERJUTH 2
HXLPPGSZVXQ 2
HXTXCXQTLZAIZDDGVI 2
HXYOIAEMVRFBIABO 2
HYAJYEELZEFHECBC 2
HYBHYPNWLG 2
HYCNTIQQTGROB 2
HYGURKDCQQXLLEIF 2
HYGXQXYFKYO 2
HYODFOWMXRPCMNOMOX 2
HYSSZTDFXUZOPRPCIE 2
HYVCPYOZDHZEPNVYLGG 2
HYVHSNZQRP 2
HYZUTSBZTBHXRMDXVTTQ 2
HZAIHIOFFMWKYKYL 2
HZBVZFHKIMCZUWSFV 3
HZBXALXFCW 3
HZFJOKUJEPWASORHKPNT 2
HZKCBNUTBKHX 3
HZMTTWVXEEBHAYSIBFXO 3
HZQUCHOALC 2
HZTDBHHRAB 2
HZUKXTBAVPSL 2
IAATMDEHYV 2
IACUAYBFVXCSLQGXBY 2
IADZZMVTONCNP 2
IAKCBPYGHURDSTCZPQ 2
IAKCVEKMVK 2
IAKSZKMEZFQ 2
IALKTEWJFF 2
IAOASSDCOTJXRXJVWPO 2
IAOPHRGZBJOH 2
IAQAFVWGYH 2
IARTJOEVMXDDA 2
IASWVOIQAMLSTSNDZOH 2
IAUACURWHXWXYYIUWPZ 2
IAYIQIYENWPLCRNSYOH 2
IBADPGJCKYDSNHWDHKS 2
IBCUYKMZVT 2
IBDROGWBCZIRF 2
IBNALABBBJWKAPMXVM 2
IBPQQYIABMTXLFAK 2
ICBZWJACIYQ 2
ICLDBSJXUURTKCW 2
ICOBJTPHIV 2
ICQLSGQSGCZ 2
ICQPCWWMML 3
ICZQHBXYJJ 2
IDHEXHNBZKWEAFU 2
IDXPFAFVGF 2
IDYOTZBOWCFDHGWMXM 3
IECONOSRMT 2
IEHAKSQWHURZMODFR 2
IEHEMZQWYH 2
IEMPNGMMDHRCGPWNJP 2
IETYCCOMYHTHIQUA 2
IEXMQGPJPTCBNPOD 3
IFJEDKIFCOBGNGGBNL 2
IFVNOUTMJPPQGELK 2
IGFDZSQPVAS 2
IGIPXEWQDJQFFBBO 3
IGUUQHESMLYIQVKHY 2
IGWAAUYPRYAURS 2
IHATYVTCIRBDEZQLW 2
IHCUHVNDFP 2
IHEQVBCCRGNFGRZGXAXU 2
IHFDKVFFDQNKSSN 2
IHMTHTPEBL 2
IHNNQBVYSSEID 2
IHNYAGYJVJHTPS 2
IHOHVSKLLEW 2
IHQHNEGVBFRKYARQ 3
IHSRVPJXSKVDSXZU 2
IHUHALMHAZZJRTI 2
IHVRXRKOCVQXGWOOI 2
IHYAPALCBJKROH 3
IHYYLIJNMCHPY 2
IHZEKQKCPZM 2
IIDLNKMAVAKXGARI 2
IIFHEYCAMHBPJ 2
IIIZVKXZOXVQPZQBDJX 2
IISTSYWBMLRLTKAM 3
IITSORRZOVB 3
IIWQJNNGUAUGPI 2
IJAACZQESNQJFPUR 2
IJCBULVVSJDXDCHY 2
IJGNZYZXDXICMSLFUL 2
IJMTAPGAGA 2
IJMYMLMUVOMCWMQXMT 2
IJZFIBURHVFXGMNHSVQ 2
IJZKDXBGGUDXTQG 3
IKAGWYATNQBSFFPVDTZI 2
IKJILLKTIWP 2
IKMWSGQGBFKTQSCVF 2
IKSCHRTQIZZWOQQNDJHB 2
IKSKOFMMRAUYYRCPPT 2
IKVLGYXLXGXO 2
ILEGLJEMBKDAJDNZM 2
ILFJKNKKRUFAXOTAFHKU 2
ILSBXFURAAZU 2
ILYFTQHGIGEALYV 2
ILYLUPMOIOHRVGKLSDHZ 3
IMCIXWKDHGPKGUWTS 2
IMDNAJGYFZU 2
IMIUVDLKWLJEB 2
IMKPEAOJVUKXTK 2
IMKTRKWKKTLTXV 3
IMSEQTQDYFBAX 3
IMTHYVTTPUBWHKH 2
IMUIEHKELOFKYJ 2
IMYGWLHPOFVX 3
IMZHWVTNXWNOGN 2
IMZPKJVVXA 2
INQHSWSIIBKL 2
INXPQTDCSIDCYYRGFPW 2
IODOLXERAMDIEKMUS 2
IOERHOHTQHJEONTDZSJJ 2
IOKQLBTHBPLCHP 2
IOKRPIIHALUOLKAXILO 2
IOLFUAJLOCWVO 2
IOPAMXAJKITMMI 2
IOPFCOKWXWNYBLFFD 2
IOPIKHCFWRAJ 2
IOVASFTSAMKJD 2
IOWHQKTQHHZ 2
IOYHDVYUXGAHNDIS 3
IPBHIBVPRSDLOAOJL 2
IPGZYLORNVTINKKMNLBV 2
IPHUVPTPAAP 2
IPQCHXDSHCQMDPQOFQSJ 2
IPQEKNTMUAAJGP 2
IPRNWRETEZNSXZMTTJTB 2
IPTVAITSBOCTTK 2
IPUVIOFQSV 2
IPWIUBFDTIPZF 2
IPXAAQPGRJYGB 2
IPYBXIFFUHUAUOPHBLM 2
IQBYATYOBB 2
IQEOEQRNVDMUO 2
IQFFWABJJSHUXJHGT 2
IQLXXSCTZIG 2
IQSPNNANHLUPCIBPEUSS 3
IQWRGCHMSBBQEPM 2
IQYLWYKCKAYWG 2
IRFDPVZVZOQPGUYQ 2
IROCHONFGQYY 2
IRRJTJPMCYQLFEPO 2
IRSTWHOZDIFAGGFT 2
IRTVTPIEGDD 2
IRUTQSCXYPOVHZY 2
IRVPMAXFDJHECHTYBQWX 2
IRVPRAOENH 2
ISBBHQANITQ 2
ISDLWLKLNOD 2
ISERMGDSBKR 2
ISFNISFHCMCUW 2
ISGHSSWZQQHZWH 2
ISKKWOAFDPZQ 2
ISLEJCMDJMHHLYIXIVS 2
ISLIBKKEKOPMGVNWKP 3
ISQYPZVPKTHLIYGVHZJY 2
ISQZVRRMTFESTHYY 2
ISSCKIDTQBJQKOBGIK 2
ISUMSMWJMKHQADLRJFH 2
ISWUBXVYZGX 2
ISYCJZQPIYQOPTPAWMCY 2
ITOTXDAYYINGE 2
ITQJLNUUZNGBOLU 2
ITRTQIWHRSYONUNBBSJ 2
ITVOZXYGGLRHT 2
ITWIKYKWLHA 2
ITXYXLOTJUADIUXUCEUU 2
ITYXKBOOOVHCEF 2
IUAXVJMTYK 2
IUCXLTRHSBCKFLMZ 2
IUEEKCCNFAG 2
IUEIQTSAEZEUKQBKZTLL 2
IUFKFZIPDSAMHCWP 2
IUHYXHMDBQZH 2
IUQVFPPBNEYENSXXS 2
IUREONBNYQFJWEI 2
IUVSGACVJTOCKJDHZ 2
IVBMFVUDKZQMTVVFLNJQ 3
IVCKKIIHIKPTZTBEZ 2
IVIWHFDJRFTEW 2
IVKPZHHTHAYNRZHAUYL 2
IVKVUKTDTYWMOEYFHMB 2
IVOOZXWFPWHWGONRPS 1
IVPUNRSUWUPAFQYV 2
IVROPWIVROWCLBRZSZK 2
IVULLMZIRM 2
IVWKPJQQLRXJFTGS 2
IVZHQHOETRIPESM 3
IWDBVUMSCALAUA 2
IWGGXHYFBFWQG 2
IWJHRJKUAKPFBEGJNW 2
IWNNMWJWYLH 2
IWOBSWLHOSRHY 2
IWOOANCFDDS 2
IWQROCGJOUNZIWNWP 2
IWRJMQJZAYH 2
IWSFJVMDXREDDF 1
IXJNUCCROSNWPGXHPWOI 2
IXLTVPYMEEOYTLZBBK 2
IXOLOCHVZUABPBEP 2
IXSYCZOTSJFQY 3
IXTIANBACUAPWLYOZR 2
IYATAJUPFFEUTIHGKUJU 2
IYCRXNXZASFRW 2
IYJVIUINPFU 2
IYLABCAJAOCF 2
IYRVUMTWTHQ 2
IZEEOBBOBP 2
IZELYYFJGJFGY 2
IZMPEMGBRLAA 2
IZPONCDYKFXRUGHAXO 2
IZRSHKCGKHLMAFZA 2
IZSPFNYPKOFSFVVFT 2
JADXMFNFFCDEE 2
JAEADUKVBI 2
JAEXYJMLYZJFDYS 2
JAKHUTQBUERWHSKX 2
JAKLXRNWQEHM 2
JANTSSJXESJTWK 2
JAQVSWMMBD 2
JASWSSBQDOGJ 2
JBEUQJTIIRLEOESKFMBC 2
JBISDZLAWTMXWONIJV 2
JBJTXMVGQA 2
JBPAINOSBKEILTIELEJD 2
JBYCCGEXKWUKFNVC 1
JCADLELZOEOBENNHNZA 2
JCKGEPULIQKNHACY 2
JCPLKONSIVV 3
JCRSYPFMNA 2
JCVJDRDQEBBXV 2
JCWAKUZLKXMWYWBRNNF 2
JDDEATLKJCW 2
JDFDYHCIYRDF 2
JDHHUJBJPQZA 2
JDHQBWKCAKNZJTCIHF 2
JDMHMNIQVXFQJQ 2
JDPQAECTQOC 2
JDQLFKZKDXHPDJQD 2
JDRGTHZHVDSNK 2
JDUBLRSTSTBQWLLR 2
JDWWQLNHVSIDHCFUWG 2
JDZSEJUMNSCNDZCQTYL 2
JECMKPWWJUY 2
JEHLGUKVZBFINS 2
JEJVBDWWUFZXANFWD 2
JEPNOCAFCWLOITMMFZLE 2
JETCXINUHUEV 2
JEYICOYNWSRA 2
JFELATHDEU 3
JFNZKUOWEQRPWHY 3
JFTLMWGTOSIRM 2
JFUZRYOLHMFLO 2
JFZZPHNPWNWSEOYDAEC 2
JGCLRWOHFNIU 2
JGENUDHUDWIDLLEHN 3
JGFAHWIHTOBN 2
JGLEMNQKJBP 3
JGMAMURIZN 2
JGRHFRAMXVBPHDS 2
JHAHTORILEFJQW 2
JHATTLQWKOGGDJLOO 2
JHEJQCOUDNIWDWSWSZCY 2
JHFSVYKDSEOFW 1
JHHGCRKCXCFUOVT 2
JHHVSYHZROJFD 2
JHLARIIVXRLEOAQB 2
JHQWBDYZLMRCXDHPMES 2
JHVJJROMHXGFUHMBPSE 2
JHVOISTUOW 2
JHWPRPFGHMFC 2
JHYNYIEALZ 3
JHZSTUZWDRGNRY 3
JIBLAQHZEPXYGD 2
JIEQZWGWFSATGGBKNZ 1
JIFRGNFYKD 2
JIIEVXZOEIGMLGF 2
JILXXNXQHBK 3
JIOVJGHOERKW 2
JIPCVWYJZAHETWLYH 2
JIUSCIDTKBGCZQEXO 2
JIYFAABRYCDLFGPYG 2
JJDCKDXTPNDNGHDJIPT 2
JJJJONFDMLQKAUJRM 2
JJJPEDLUUUZWAX 1
JJKTZLDGIZCMY 2
JJPNNMXABNJ 2
JJTPTHILIEWN 2
JKBSYQNLSQHIIKNTM 2
JKGFLMMJEMV 3
JKGYVQMEGTJKCNAQBUI 3
JKHNWXDTJSWOPHGYDSG 2
JKIWUWJOSEOY 2
JKLCMDQJDTBOBSUDZ 2
JKMHLYCXMYKPYKIWSAE 2
JKNUYYSGVOEAXFLHSGH 2
JKOMGQQUZJSWV 2
JKRIBERBRBB 2
JKSFSJRFWTVEE 2
JLBUDAHWUFGUCMEVFZ 2
JLCFJYLYHRGHNTP 2
JLNGHNCAGQYVMUTA 2
JLSFQUMFXH 1
JMEHONXDEBDKDEJB 2
JMOOSKTJMJNCHUJ 2
JMTWHMJJTCG 1
JNDDACKXWYBK 2
JNOGDVSAXBECAPAX 1
JNOSRSANOAHWBWNZGJ 2
JNPRVJWKGAFVYEJSMK 2
JNVVXFESHALTCHE 2
JNYFAMGRAPRBQUESKAA 2
JNYMFVDOUHJUB 3
JNZLVJJAECSIP 2
JNZYSDGTZKE 2
JODDDDKGURKUHM 2
JODYDJXHHG 2
JOEWFCVEPZJAJ 2
JOGXDCPRAJ 2
JOOFVUAPNBBVBRXWJC 2
JOPLMNNRFUJAJ 2
JORDFDWJUXSLHOGB 2
JOSGXRIZZFYCK 1
JOSRYRUBSTCYZVKF 2
JOXERAEBOVRQJTXOSNLR 2
JOZMCAHMHLCYYVSZUTNJ 2
JPCXFCLETIXLHQQPLBB 2
JPGHASANNYJRQAVM 2
JPNEGRNZODRDNKBKK 2
JPNNMCLIWUPATRYBLLB 2
JPSFCWFTGNOYBIS 2
JPTPLLORKVIDKAFG 2
JPVWRFSHOKVHQQZYG 2
JPXCFOLKDQ 2
JPZAUERGXLAXKPGKZH 2
JQFGTLNVQZABU 3
JQMORMJSWVCDDE 2
JQNBYPTZSEDOXJEEHVWQ 2
JQWUJIUBWOOSEQDZ 2
JQYBDDPXFZANWP 2
JRAYKDDCOTITFXVC 2
JRDQIQVNUJNOZSFKEMI 2
JRIWVGPDETYE 2
JRJSFEJXFDFGGAUIHW 2
JRJWOSOMFKMQ 2
JRMYUPNOFBDDAXKJZP 2
JRQMDARPNPCOTIWG 2
JRQRDLNJDVJBVHTOLFB 2
JRSVXKDUJYVXVWJVCLV 3
JRXCKEWJIAIIB 2
JSCNMTKTKGJDNPDNC 2
JSEMZBBHTZBILWOCC 2
JSHZSTHRYIN 2
JSLXXZFCEBSUDSRTMC 2
JSOOQDSCGGNTGZVGOAA 2
JSWQPKNMRU 2
JSYZDYQPETKTIRQY 2
JTBHOXPJFELUJ 2
JTBKUYTSUU 2
JTCZKMFOZZXJ 2
JTDIFYBNBZDMBQ 2
JTKNEECJFHBBD 2
JTNIUAOPWORSZR 2
JTODWWTIHHKUWCA 2
JTSJGUWUBFQAGJQ 2
JTTETXKIXMV 2
JTXJWSWCGXIMSE 2
JTYEGKSGUJUMGEF 2
JTYJEQNFVQLB 2
JUOXXBMGHKUUNVI 2
JUQJIFOPYMUNPEWMTV 1
JUTQADYODLULDWU 2
JUUONIJACRPGYRCTB 2
JVCZPUTQXIKYKII 3
JVLRSVHRZD 2
JVLVBFRMYZVNVXEDXKDO 2
JVMXPLDYMJDXESNWC 2
JVONLBQYPLPCQICGO 2
JVVMRXYTJNSP 2
JVXKEKHXTHDJDVS 2
JWBXAVZICY 2
JWGDJLIDCFUMSFNLB 1
JWGRTTOHUU 2
JWJQWGHZZG 2
JWJYZDMLPFUPY 3
JWKCMNCBSPLTERMUG 3
JWMWYUZTPN 2
JWNFVGYZETUIRSAP 2
JWNLJOGPVJBQJYEQLJVA 2
JWSSPNFMHDNHKF 3
JWUGLYQUYZPAA 2
JXSDMZCZMAFQEEJ 2
JXSZCUIBCWBQNRCWY 3
JXUDABKIIWWXVTZ 2
JXVVAXMZMQFS 2
JXYMKORZSJELN 3
JYCKISHUDGO 2
JYGTZKMUECPLVDTGZM 2
JYHNVWMOMJZJYUVI 2
JYMLDZVJQNZASMHYCI 2
JYQECFJSNIABW 2
JYQUZVHZIBLBGAULLXNM 2
JYXQJNYQQUV 3
JZKJCGIRXISTAMSKVTKK 3
JZLDALTERDGEXOWG 2
JZNIBIJREVEUVBIRJWE 2
JZNTLJXBUAGS 2
JZUUAACMSZSPDROV 2
KAFBGCFEHGXRJX 2
KAHKVGJZBXVTPZVFVTDW 2
KALYGVFBIUTXJGLMUMEJ 2
KARVTORNCI 2
KASVMNCWTFMHO 1
KAWIZCJSDCJWDLBXSA 2
KAWUGEBOWASM 2
KAWVXGLAFGSBQ 2
KAZJRMWGCQROOSVI 2
KAZRBSZRCMEZNS 2
KBAYPTVMWPRRTWMSHMYA 3
KBKNIJJJAZCPBKVHXPU 2
KBLXZMRCZKB 2
KBNSNDKWVHFSHPDTBU 2
KBNZHSYSNJDLQTKVTSG 2
KBRHLMECIMLAJMQUBB 2
KCAQVSIXIAJND 2
KCGKATYIGOEBEIBQ 2
KCKKHVRZEYCDPLMN 2
KCKOVHLBSBBYKTUDFL 2
KCNXRJOBUCMJLKWYQX 2
KCWVHZAYJB 2
KDARGRIIEQ 2
KDASWJXGBWX 2
KDFNOFJZSXSWQIHVN 2
KDGJGMRDRPWHV 2
KDJHBKYDLWKLJOV 2
KDLWDBLNNNV 2
KDNTHJXGRMAAGFVWSP 2
KDVXMESIURTLQLFWAJLV 2
KDYJNQGFQSFQIVGHGZIR 2
KECKLNQAVGLKG 2
KEEDYMVWJYZBALKH 2
KEJRSPJEPCY 2
KELUJUIMACETXKPTCLRY 2
KERBKKOXABFFOSSYP 2
KETBOXFJTOS 2
KEULMBMCVDTQTN 2
KFCVRIUIOZEWCI 2
KFGDZSBMEFVQBIVYFIAB 2
KFGWRCUMAVRBOD 2
KFNXAQWFMPGMRAOTWCPR 2
KFRHKHRCTQYWXO 2
KFTLXZLTKOULBA 2
KFTODPEMDGTWVXHRIBUY 2
KFTZIRDOYGUFPTFPXDC 2
KFVQUBZWLXZFMIEPRQ 2
KGDXGTKUZUJW 2
KGDYWWLMUONZJEAXVETP 2
KGFVFITZUTEFDTCIT 2
KGRGCOIAQFVLWNOXGJNT 2
KGWUZGHYRYKN 2
KHMDZCQYYPLZIYU 2
KHOAROVHYLMIV 2
KHQAZEEVLDGC 2
KHTZOORUASY 2
KHUBYXOBUNXVRR 2
KHUZABZLNUUIYGJD 2
KHWJOAOUYSF 2
KHZDOKEAZXPNOLVBIEPH 2
KHZVNIDCUHRGDSAG 2
KIBYNJQFSQLOYZT 2
KIFSKBLNCC 2
KIFXQFSFNYJI 2
KIGRSTLCXOWXBHBN 2
KIHSZXUUSAUZNYGPTSY 2
KIRHCCKKKUIYESFMT 2
KIRTNFUHPEHGOGG 2
KIUNRWYRPBMQFR 3
KIVZOBNPIRPCOSMD 2
KIZNYBMLSCW 2
KJBIFJPRYTOD 2
KJDRJLFSHMHAEWMYHU 2
KJKPGFVFNJBUFJN 1
KJLPVXAVCWRUKACFXU 2
KJMLCJXEWXVJKJC 2
KJPGPQMYVDCPOHOIVZ 3
KJSNUVTXQEKNS 3
KJVPWCQMTKUQPVSXIYH 2
KJWSUYNXPJSTJAL 2
KKAYGBAWBSWICQXZSKEW 2
KKCOVEZNIBVIF 2
KKLMZXGEDMLW 2
KKOWHXLSJVHPDUZBDR 2
KKQICVYKHQUORAEEEF 2
KKWJWZZFKVMS 2
KKXLFKNYDRTAPTY 2
KLEHBOFLQZDW 2
KLFTSUNSVSECBVWKHQ 3
KLKMGJYVVXYDE 3
KLNKZAENDIHMDDEH 2
KLPECUYCAZOUC 2
KLQJTJQXSVLLIJKY 2
KLSBSSXWLOJWVI 2
KLURLCXSXDXWNKRACS 2
KLYJLLXEOJSRSFTZ 3
KMDYRAYOVQPIAFTCKA 2
KMFFBCOZTIFEQPKRUBXB 2
KMFYQCCUBHCSNDINLV 2
KMNGGZPQPGEQJV 2
KMTHYPHJXDIOSRXLMKHL 2
KNBHECBNOTOC 2
KNGHHALYTQMC 2
KNHWKSCRDILQGKTNSG 2
KNMIFRXVUFZHPP 2
KNOUSRJGUGIA 2
KNTMIHYOIOIESVISBOV 2
KNTXUJXKOY 2
KNUDVGMQJJXFIAQTOTI 2
KNZHNDIBONHNI 2
KOCQJKMFHJNO 2
KODDEPCHKYRR 2
KOHCTZDPHIBPYG 2
KOOHSYYYNHRKFL 2
KORVDYIVRHSZYPO 2
KOTXHXNPILXD 2
KPFSHVODCISUY 2
KPGTUIYPOHUWOUYRCRSB 2
KPMKLIWOTOWIHTHAB 2
KPQWSRALZS 2
KPRIRQFHNRLMZGFFE 2
KPTVNSGOLJTITEIOPNTK 2
KQAWPMIQEB 2
KQENIQSMEHULHGPUWNI 2
KQJBHBONFUTFEAFRLDK 2
KQMDSNYBOAFWZAB 2
KQWWSGBDXUBQLHHGQII 2
KRBQRRWSGLNZRBQOCW 2
KRIDJLVILLXBWYIWM 2
KRIZZAKIROM 2
KRJOCMHBRGDTKUL 2
KRUSATOVQO 2
KRUUTOOBYR 2
KSDKOIFKDU 2
KSMFNRZTLHR 2
KSRGGYTKGPTRKYFYUK 2
KSRYVUFZSRNAMCOSBZ 2
KSSVIMFATN 2
KSYOKXBKFVB 2
KSZLUOZWZCCLAHPWC 2
KTQVQDZHXXXGCHWTPPJX 2
KTXBOGXYAEIFKMEEPT 2
KTYHZSBVTLXVASMQ 2
KTYQJSFLNQ 2
KTZBJZHSQYZSAHISUZVV 1
KULFUXLCWHKSFOSJUIT 2
KUVOJHSMFMSAKCIVNIN 2
KUWDDROVIRODSR 2
KUXLHFUEBBSAABBT 2
KVCQDCZABUUTJNG 2
KWAYRISHLMYNYLVREP 2
KWCBCWEGONSHVNWXH 2
KWCRYUPXVNTUMNTYD 3
KWCVPOKWQOWMDALU 2
KWGQDYKUXRTTWOECILIT 2
KWLQPINQIWEBKKCPY 2
KWMRUHLRKYCN 3
KWUGUIKVKYDE 2
KWVFGZWZLBJMT 2
KWWVVSWQQPGYTAWUWTH 2
KXDHWHYMVYJPA 2
KXERFSFUNJBCZ 2
KXJALYJGSRLZV 2
KXKAXZRDTSGNYLFZR 1
KXKQIPFHODVSHYIZSVYN 2
KXQVSCJXGNIOWLPZXDW 2
KXWRVUODBB 2
KYCPEWYYEXENK 2
KYDKZLLZCYXZTAWRXT 3
KYDNHAVOZBASLCJNOWLH 2
KYKTEIIMNCMIXFWDCZI 2
KYQAHSEKWIL 2
KYYWDPPISZWCYA 2
KYZFIQMVRLIZVCPUYSC 2
KZDHRLLTCDJY 2
KZHWVWMUCWHVBPMG 2
KZKAGEXUAVOEPIGTDXN 2
KZVDDWSVMVOYEEFI 2
KZYFGUEYEOHNKOOZXWG 2
LAEZTAFWDFXPBTGODWXC 2
LAHCCMXLIQ 2
LAKSHWEHJSL 2
LAKYRTMXNKC 3
LAONNTWSTWMLAE 2
LAYDSLKGUYJHHZLRMATL 2
LAZZUQZLKADFCDFAPMYE 2
LBCLMKFXKJQQYMXM 2
LBCSGLDMWNE 2
LBGRRMSAVRRQGM 2
LBGYZJVGOYLEG 2
LBICPHBOPQKWNSKAJ 3
LBNQHLEUYE 2
LBOBKVUNIYVKYRQJPCN 3
LBRWYIRFIVQL 3
LCBALJVKSUFJWIOD 2
LCLCNDFCIYNQWJMHGSZT 2
LCMXEIOSOQ 2
LCQVGPDNNZ 2
LCVANDQZVR 2
LCXVVIYRPMUV 3
LDBHJDWCYBZ 2
LDRONZYWUGFR 3
LDUASMHYRSZJL 2
LDXKRETLHWFAI 2
LEAHBVRNCO 2
LEEAXRFTDREBAJHADEW 1
LEFXYVFQOASOR 1
LEIXRLQSKOLZM 2
LEOJQCLNWTHHMNBVFUG 2
LFAASTGYALMMAM 2
LFAPAWNHIUB 3
LFBHQTXMKIVCZTV 2
LFJDQWGJKVYPF 2
LFMAOWWQITSPEJBQONY 2
LFRJJFBDPURKJDXBRQUO 3
LFWRKBDIJJWNJQKT 2
LFWXFWGCJA 3
LFXOAYGRFVLYO 2
LGAMMVTKKPWIJ 2
LGMOVXALGTJD 2
LGQMTGLXYNOSAKMBHNCH 2
LGSMOWMXFZVAXR 2
LGVOOYBXBGIAY 2
LGVQBEAKIQDEDQX 2
LGXRMCSRVUYSRF 2
LHBKRNKDXSZLAWFCX 2
LHDDVJAGIWQKITJIZGH 2
LHEQJKHAHQB 2
LHJJNTOFOXRRC 2
LHNQNVWRWK 2
LHQEYSHDJBDLQLAQJT 2
LHSHRBKYWICFCPRSLIEE 2
LIAANZYAXWRJLTNZAON 2
LIBTKVMMZBIZMYAIXQLS 2
LIFQJIOWDFUSC 2
LIJIZRSFTK 2
LIJKDGDBCOHHLFQPGX 2
LILNDUDRNPYOTE 2
LIQQLDEEOOO 2
LIRRFDCGSWWOYEWTAYR 2
LITOGSJSYZMXDMRUEWUU 2
LIUFRHIYMJLAUZU 3
LIZZSGLDFFZMMLORXBF 2
LJDJJHBZBZNHSZSVBFHO 2
LJEILVCIQEMJ 2
LJJUNLWSWKIVCQRLN 2
LJUHZQKZNZVIFW 2
LKBKXNMFDZVDMU 2
LKJFUQNKIZOMVFP 2
LKJLQPVQOLLCC 3
LKPAYPHLMJBLZAIIXJP 2
LKQDTBKMIXV 2
LKQGBVCQDXKHBIKA 2
LKUEUGEEYXNFMOHD 2
LLAGVOTLHVNUOE 3
LLFZYUQNZGOTFOPFRNJZ 2
LLHLCDIPTZQKH 2
LLJBQYJWTMVJDICHOEH 2
LLVIVEKBDWP 2
LMCEWQESRNM 2
LMCQLTRJLYSZE 2
LMEMNZVPJCBR 2
LMKRMFQGCTLEAV 2
LMKYFHVXZFGKGTGVIUDY 2
LMMEJCLETISOD 1
LMNEIUJQJTAPE 2
LMNGLYSYVZEHB 2
LNAGPQJDBYWEXJA 2
LNGGMREGOGMN 2
LNISLIAXYCLX 2
LNWQZBRNHKVM 2
LOAFYTLQVLG 2
LOAQRLSANCRLIYTWKXE 2
LOCKXQUFWFQTSSCJIZ 2
LOHYQCECRZNGV 2
LOQEEQYCKQNDOHEZFDD 2
LPAXIPIDZQULHM 2
LPLYZNAMNI 2
LPMUGCSMGBF 2
LPPVXAQGTEBOPKHRZJ 2
LPQJHRKYGUKBIYDUQ 2
LPSRPAFSVODX 2
LPTIVMUDTKORIGKUKGQ 2
LPVIGGCVWLXZZ 2
LPYQBBZSHXA 2
LQBVUUYIMGJYQB 2
LQDRTTHBTNDSVNKJHR 2
LQEUTAJQMGQCMMWYYPR 2
LQOLRLKZVR 2
LQVRFUDUTLVRB 2
LQYSAYFLDCEVOBSA 2
LRBCMFDVFLHMYFDLYDD 2
LRCMYPSQYIHYU 2
LRDOFPAHJSI 2
LRDZNYDHPDLP 3
LREVOMXYWRI 2
LRLYUOESNIVOFF 2
LRPBXNCCMKVTM 2
LRUIDTIKRNGYPWEYSUJ 3
LRUXVZVWKHOM 2
LRWXPZQTUVFXJTXYSIFM 2
LRXTIDVRMRTKMPRBDAI 2
LRZYVOZKCDBUSLMBAR 2
LSAPTBHPKTNLQLGKGHMY 3
LSAVBMLZUALBJSEQAP 2
LSEBZZSIKWXZRAZL 2
LSGVUZIZRRDUYFZJS 2
LSKEEYYGQRUTJ 2
LSMNDZGHCD 2
LSMPPMLTBGKXLC 3
LSNDYEXAYSKSRQFTMCF 2
LSQYZBNLURARVXBFQPIO 3
LSSIJAAVDZMXTXC 2
LSSRTFIPDM 2
LTGDJSORKSAYHZSUY 1
LTOOUTWGEESXBUOHYWZD 2
LTPTQRFIPL 2
LTXIGCZSMOTQOM 2
LTZWQVNEMCG 2
LUCMBTUKUWKTGGLRR 2
LUCTEVYWNXTH 3
LUHHAGTRGFUYJMYF 3
LUHMZBGPCFTO 2
LUNBPVXCFIDYSB 2
LUNRNLEXKQUAD 2
LURXUWIWODFEJAQ 2
LUTRUCUOBFHDI 3
LUVTOCHBUBMFYHMP 2
LVDEPKANBMYDMFRJ 2
LVFFRJHRJUXTN 2
LVFSXPEIFHVECWXHGNT 2
LVHEGKTRXMEE 2
LVHHTEYXZJPDWP 2
LVJLFCOXZBUTYNPZJHDO 2
LVJVNZHWIRVR 2
LVLHOTUZSL 2
LVOEGLWBIYCFEPOURU 2
LVRBGTXOPPKRVWAW 2
LVYFRVPGFJP 2
LVYXGPUYBPJXYAYAV 2
LWHLSDCFVBOPD 2
LWIQPNXMZCS 2
LWJXCEVOEROAHSY 2
LWKNNGNHJBBZGRDRSXRM 2
LWMGEOLNRVOSPNRWAD 2
LWTEGWPSBEAIWXE 2
LWXYSULJAOHPTYFM 2
LWYYOLLCMURPDU 2
LXEKJGPRLKBU 2
LXKGNTQLYCDATWRQHAB 2
LXKQPWQETQ 2
LXLJGFEWBVUONKTL 2
LXMWRKSPOJ 3
LYEIJPUNOFULQKR 2
LYGDWPXRRLKDIFN 2
LYOCNZIKWYLBZAEVS 2
LYPAUWXUOAA 2
LYPBDZSYXZWMQ 3
LYSOWCQZDSOYNEN 2
LZARNDSQZMM 2
LZNIVJGLMSNTFXOCKTP 2
LZSYYIVHXO 2
LZUGHDMTYVNH 2
MAAWABQZAHWCGAV 2
MACEIEHGWZLV 2
MAODXJARTTJQXGSKI 2
MAULLRMGRM 3
MAXVIJEIPETXLFM 2
MAZLMUMEFFWGEM 2
MBCCPFCCTM 2
MBCLOATWWXWJ 2
MBGIOLFFJDGRGW 2
MBKPUURUNKQXFXQ 2
MBLRVRJEBIDLNJ 2
MBSQYCPUMUJHY 2
MBZNRITLFTCEVBVK 2
MCATGWBNHIH 2
MCBTIOMTMF 2
MCCGQVKOUMQMNRTAUKOQ 2
MCDWLTKSNVKK 2
MCEWMCLKYDRCTEKDOOY 2
MCOKGDOIAEQTITOQQDHT 2
MCOSZBXSHQCVEN 2
MCRJDPVCFHGWWBZ 2
MCTJZUUDGILYQAMT 1
MCUKAETTTOUHSM 2
MDAOFTHEAQH 2
MDBIWLAEOIVWGMM 2
MDHIFWLXNGOJPKDBHSNZ 2
MDLGPILXGSXTQ 2
MDPZLXOZECPTM 1
MDSUZFWSQY 3
MDXZEUZXJDA 2
MDYVWGTGOZPDWVR 1
MEFJLKQOBVQYT 2
MEQCARNUNIXGTPXOWA 2
MEQZSYLEATMB 2
MFANYODDIUVLONWCRFTH 3
MFGHXXTIUT 2
MFOGDMZZGBGTKHFHQZDL 2
MFTFAZARZUB 2
MFTZLMXYYGIPAYK 2
MFXQXFLMKXI 2
MFZXHCIEMA 2
MGIMUBVUBGGJ 2
MGLXNQAYEVH 3
MGPGCCGQEYOWTYGXXVP 2
MGQKWGQJGXJHVWRTONZ 2
MGTUPVRGMFNIDPTRSNXG 2
MGUZXEXENTGCS 3
MGVTRBGERKYM 2
MGVWDBUFGZHL 2
MGWWLEXIQUDUWYJP 3
MHDBEMJNUTNKMMVP 2
MHKVLKSMNGELKBACKK 2
MHPIKRMCFJPENSA 2
MHVCXXWGPCPOSKFMYQC 2
MHZKLMURESATJNRCTK 2
MIABEXQHXNDWBQC 2
MIADWKEXFH 2
MIBIIUCMEHZXQG 2
MIFRXBHOPJVKG 2
MIFWAMLHWIMWTGRBQRIT 2
MIGGLFBNEJXXGWMUV 2
MIGQSCYDPNTSBJROOOPP 2
MILCRENFUMUOS 2
MIMSVPCARODGNQHRNK 2
MIQCBUMKLMEOJQ 2
MIWBBCISAUDLCJGL 2
MJCOQRCLJZDOXTI 2
MJDDPZYUJLR 2
MJIXLJNVKLVUWYJ 2
MJJRVANDYVAAHL 2
MJNIWACSOOJHGRP 3
MJOQDPKSWKJQL 2
MJXKCZVESTH 2
MJYXFHXYGWRWTPRMZVL 2
MKKXIVVLZSZGLPG 2
MKNUZWNDPLIWEGCGXAIT 2
MKTABKIYTTHPXWP 2
MKYWWLAHQPYRDI 2
MLBLHQPQZEFENSVA 2
MLCLBIMFTPKUIGTU 2
MLHVDLOATXDRWJUVDEMD 2
MLNAIOYISTJOJSV 2
MLXSGHKLMXAKSQGYAZIP 2
MMFRQLWUVELOR 2
MMMJROHPTGZEYVMSGZ 3
MMMYRICWDIWXEZ 2
MMPSSGICJDT 2
MMPZRPLEAXNPWNGCWVC 2
MMQNGMHFIMYRA 2
MMSABEBEZIEM 2
MMVDHUPHKP 2
MMWIDGDFNOTJWKGZEL 2
MMXGNVWBPCTSETSD 2
MMYFVAKVORITWM 2
MMYRRKONBFYYSTCXK 2
MMZIOZOYWAQ 2
MNBNVXZERNSDMELLXW 2
MNHHWZQDFEIWRNI 2
MNILZSBRUVCAIRMFHY 2
MNMQRBDMUPPDFCWVMEE 2
MNRPQCJKSCMMBLHU 2
MNRUQCCPUNP 2
MNSAVOXFQHSSGZIJA 2
MOEKTSEHCRIRXVEIT 2
MOIZPNFZQQ 2
MOTZEWCKWXYCCPFI 2
MPCXGOIKMSRGVUNWPSR 2
MPDOOZNFUB 2
MPEFYURYXBMRCVE 2
MPEGFAHOGLBESYDG 2
MPGKNDJJBCVWYFKFT 2
MPLQYAXTMEJHNNFH 2
MPOGGIRDRSZVUGELIHVJ 2
MPOLTEFEFMMOAUE 2
MPUEOITGIBD 3
MQGAOTXYJF 2
MQXDXJNDEDRJS 2
MRATAHZBRKI 2
MREGAAJACKUMJEPPL 1
MRRORQCZDNZZJU 2
MRTFUIZTCRFTRGFOXCMQ 2
MSJALEKJENWJOGWJCXRM 2
MSKBQLBMZIYYLNGT 2
MSKJZXYKNUN 3
MSMPGANQACZZOO 2
MSWRUVHGMYOIYYRQH 2
MSWXGUQFBARUBHYROPKG 2
MSZBFKHJRS 2
MTAEDCFHXLWDREVVI 2
MTFABJJTOTUKXEHET 2
MTFURALJLKFKYRUQ 2
MTJDMZXIEGLDDVFRA 2
MTNFIQZWAZWSTMRYUK 2
MTSAPPMPZSTROIRYGHUY 2
MTSLZOPPDNGAJ 2
MTSOLYCQHJMWSIQ 3
MTTHDYFUDMMWXYEV 2
MTVEMXHXXZJSHBNWDJPH 2
MTVPEOJGMO 2
MTYNCQHPTRXBGACMVPAZ 2
MUACMNRMVFNLD 2
MUBJNAWHKWEC 2
MULUDZKBFQUWJWDM 3
MUNFNKFBPPIRNKXHU 2
MUSYIVPHQOH 3
MUTPHZUFWHXVHTSAVKX 2
MUUKAKECPVOYKW 2
MUURXAIOTFAXCLIEP 2
MVCEVFKSDQDMHLPE 2
MVDBWEUGYKRNP 2
MVFEPLDLVWJDGIPF 2
MVGSOIOGHQHU 2
MVGYZFHAEE 3
MVNMTVHWYDNEZI 3
MWDJBMXQLBQWKNGIVC 2
MWDMXSALAYG 2
MWFBQNUYCARJ 2
MWHJBKBSRAZJPCLWL 2
MWQCXKIDZFIS 2
MWRPEDXTZLSIAXSQ 2
MWTLXZCWMOZJAB 2
MXGIBLYAIHR 2
MXKGOXHINHYP 2
MXPQBQLOJPALUISH 2
MXZYXQGBCIA 2
MYDXNVVHMVVNQPRTTQ 3
MYIMNVGGQTLRJSPLNTU 2
MYIUOOPHWTCHTD 2
MYJDWFGJANRE 2
MYJRSXCHJBTO 2
MYWGYRTXJGXPGCPS 2
MYXKDXMQXBKJWBSCAXX 2
MZEZKHPLRNULIDUM 2
MZHCOFZRJPFQDPOC 3
MZJMRVXMFYX 2
NAHHJVMUBMWDVBU 2
NANOJEFYRACVPUON 2
NAOENTEFQHEOWPFZTXSC 2
NAOXLDFLACEGAINBQTYQ 2
NAPQPXKDSBTEI 2
NARIQLUPGGKAIDKD 2
NAVSPGRUDIPFPUB 2
NAZPWXUTQMICWPH 2
NBFIIRTJNRUOYMDZ 2
NBFISYGIYN 2
NBFJVXACKQBIU 2
NBMOVIVPQRHODJTC 2
NBSQNWMAKNMNIQGAJTPA 2
NBYVDERXECKARSUOWDTQ 2
NCCTYTQROOTSGLCB 2
NCDZKKPYXGTOZ 3
NCLOMBYOWXSLGCOVBWKT 2
NCMVHXZCHXWBEUQYJ 3
NDASTCTGZMR 2
NDAUNWTXINMNRDSLC 3
NDAZKNHYQKFZPG 2
NDBSJNMIWVWZMWOV 2
NDHLQDQGRXSZ 2
NDJCHLKTXKE 2
NDJQHMCPNESIFIQSMCCT 2
NDLJRCGBPXUDZ 2
NDMAAKFLVSSVXELHYU 2
NDNMRFZEZUMGBEEC 2
NDPOSCOBTGDRUGVOYIL 2
NDQKRONKTLFDKF 2
NDQTSQXXYXXGU 2
NDRZBXRRFFYPXHJXP 2
NDSGSLLQAWNRXI 2
NDUTFQDOMQRZNZSXXD 2
NDZONRZXMQCMILWMVC 3
NEGKTKSGVLEXXW 2
NEIMBUCHSKPHLZXMHKSQ 2
NEIVTISQWOLGQOY 2
NEKXICYIGOKSISXTP 2
NEKYPLRTYLD 2
NENLEHTIFPZQHNZWAU 2
NFNWMPYHQJCNGG 2
NFOVOXYBXHDAW 2
NFOWYLETUXSEKOHGVTWG 2
NFPFISZJVPO 2
NFQCVFPSZFYQVVZ 2
NGAKGRCNWGJDFK 3
NGDEHEYORCFIV 2
NGNLXWCZDFXPF 2
NGPYSFYYJPEWA 2
NGSHFSGUCXGJKTMM 2
NGSPPYQMYK 2
NGTERYVFLWFKQOPKKF 2
NGVUAAYTIWASCYOOUQN 2
NGXUNTVNZIDONHPV 2
NHASECYPIRAMYDQ 2
NHEFBWJADJPVLPKC 2
NHGXARWJDMPPLKA 3
NHHEMHBJLWOJRF 2
NHIMRWMIQLHRHJ 2
NHNLVLHJSE 2
NHPKOHPUAO 2
NHTYHZCGSXEPQL 2
NHZLKYTEQAML 2
NIELDGKOWAHTWCUUIB 2
NIEWDQDRDOQXJ 2
NIGNOHOOPIJXZNEV 2
NITARSQYZKTC 1
NITLXZGERDBT 2
NITMXBJFNBPPEGWVYGOS 2
NJADQVABSOHTMU 2
NJDDAUBVDOKCFLUWQTO 3
NJEEXEKWXRZJRW 2
NJEINKBHQHSEO 2
NJFUILRTLYMRMSOELQUC 2
NJIACZRGJBFMVAZGNJF 2
NJKHTTKSXDLTSAWCUGP 2
NJKMGOMNACSKDGCJUPP 2
NJKPAMCVVZNRAUJZFGI 2
NJODOSRCJXIGKTKDROU 2
NJSKSKMVQLXEHODHIJHR 2
NJTHLHGFPIGHKG 3
NJWXNNYPTUUR 2
NKBMVIKRCDGPEFKILDM 2
NKBVUZQKZIKUEOKDEWA 2
NKGMWHTNYLEISOGCNARO 2
NKIDVHINMQOERHV 3
NKIILFVXHVUPZLR 2
NKWQXQUPGSG 2
NKXAZJRNQRAYHXHBRRDY 2
NKXCIHRTME 2
NKXIROARVZHQWGHO 2
NLLQZITVTMZZGL 1
NLTGJCMQSXUWBXDG 3
NLVGEWUTWSEEAKPJ 2
NLVTNZHTXWZQG 2
NLWDOJFQBNE 2
NLYYHFDKPXSKDOCF 2
NMBNLUBSCBJM 2
NMBVLJWWYS 2
NMDCEIPBZFQHGB 3
NMDMBSPIHSOOCWNHK 2
NMIWTHSICXJRYBE 2
NMKQUZBPMMGXTQDCCB 2
NMPRYMGALMMFKKNHCS 2
NMWBWPBSYCRMHOE 2
NNEHOUBPQTSGQMHWQ 2
NNJPIZCDNKOUNPFPDDZ 2
NNLTCTQUNZZGJJF 2
NNMBAOHFZTSXWVAYXL 2
NNPANOFJINDQXA 2
NNPCAYQGJFYKXDWTHUPM 2
NNPHVJLICAEV 2
NNQCTOLDFX 2
NNWSPEOOXJ 2
NOASDPJUOYVG 2
NOCUKHRVTCDP 2
NOGGAORABJCZOZIY 2
NOGXUCLUXBPXQ 1
NOKTOPNASTTIU 2
NOOCWYNNJTAINR 3
NOQEIISLLFJOMTEMWCV 2
NORYVIIADLQASBVHT 2
NOTRXQDXPSDBK 2
NOXGOLOAUTJ 2
NOZAOAOBSTXDIFPXEK 2
NOZXFLWALNXDSAPSNUT 2
NPBTKLPEEBIBC 2
NPJRPVGZJYOGP 2
NPLGIHTKPQP 2
NPMKFYOGAVVJC 2
NPTJPWWCPIAUVLXGZUN 2
NPXTRKSXKKENHKGROZ 2
NQCQIIVGVRUMSG 2
NQFCBKMOWOXOX 2
NQHYYPNSGFCLZSRQXDTF 2
NQLNLWZUAWR 2
NQNJZAXTNHXQTIGSI 2
NQQUDHLTNWREYOLBRRQ 2
NQRNPXCBFTRZNPDW 2
NRKPJVRKSDMDZRXYJ 2
NRQWCKOXWXIDQSWRCUPM 2
NRROZJLVSJA 2
NSBFAHRBSWLVSXRUYWSE 2
NSUCZIEIFBHYU 3
NSZNJFBJYMPHHHBN 2
NTCJCOLEWAGDVWWIEWLL 2
NTFUCCYMSSDQDR 3
NTHZYKLVCQS 2
NTIERTJFIBQVBI 2
NTOBZOGHZRFGYOBZD 2
NTOGIEBZJCNYI 2
NTXLINSPUTFJ 2
NUAIZVNGCMLALXCVY 3
NUAJPGKNPU 2
NUBCAKXCRQM 2
NUCNECAXHMWMPX 2
NUERMFVVPMQJYQKDB 2
NUGXQKPGXQEJZQH 3
NUHYVZLEIJQVUQ 2
NUIUXABLZXSGTWU 2
NUJTGFVOJPYUP 2
NUKCBUANJE 2
NUOZAUEYJRLACEMEVWU 2
NUREKPQRSTWLJXR 2
NURETKCAKXFMQ 2
NUYLDTSDQOC 3
NUYQAQDWUVO 2
NVCMDBSATAYAMNWV 2
NVEMLWFQDMQRVQAMEPB 1
NVGHUNIZTPYJFTGZRJ 2
NVUTFGWIEJEPBR 2
NVXDAGGHBSTAKCFVGX 2
NWDENTNSEJ 2
NWOXAOHEXFQNGERG 2
NWQZDZRTEFE 3
NWSJWORTYODYPIG 2
NWVVAKYGTTDTVPLYXFJ 3
NXQZWUYHCQUVFQG 2
NXUHAGUUVPFNN 2
NYEURDGOLFPJ 2
NYGOBXOJNESYZFPAM 2
NYLAVKQPDDOFLADEEJT 2
NYMWDBEBLXL 2
NYNNOLGMTDKOTQZUL 2
NYNPCSOLHNXT 2
NYPHKUWVDVPNO 3
NYQEZNODBHMGT 3
NYRJJWJZRYXTQXW 3
NYSNWTZKMKDXKRSAVPB 2
NYTREDRXCZFSGJYO 2
NYYPPUDULZXSORHTOGP 2
NZJJMQCAQPYNUPTGVOWY 2
NZKHHDEOOLJWFK 2
NZLXTNXQYLMWXHBP 2
NZTJCGXSJEDTYPGGCSOO 2
NZTKWDRMLYGEKAZQTM 2
NZYBIJCELWXQ 2
OAANPIWEHTCPZSY 2
OABYEZERJUOZIDMC 2
OADWFESDXOESPGKJGRYY 3
OAEBNTZAECJIPZGJOUNF 2
OAIOTJZBVHCIF 2
OAMHDLHFDY 3
OAPUMBFLCDEBPFM 2
OASGMUTSCRXZWJL 2
OBFRJKJPXSAEQC 2
OBNUEQNWQULIMVYUR 2
OBRRSQNBSOAPZUEKBN 2
OBSRTKDCWKJVGVZTJOHO 2
OBUPVHUAKWTCTRZIX 3
OBWNWOZDMUSB 2
OBYAVZLPGMZDDDTPA 2
OBYMZLHWOGEUQKVZ 2
OBZQEDUVQBXTHMIEY 2
OCBFUYFLGKJOVE 2
OCHBLUREOWXA 2
OCKEKZDSOYVNOEG 2
OCNTBHLTPMBYGPGCN 2
OCQMPWSFVNSW 2
OCVAZYLLGEZUPSF 2
OCYDWSVNZMCSYPS 2
OCZHZRLTUTK 2
ODENCWDEGD 2
ODLFRKYUBCCFVURH 2
ODMEPRHHZGAQIRBJPBD 2
ODOKDNXFZFPPUUQQ 2
ODSWJEAUCLR 3
ODWNBPLOVXTBAEUJB 1
ODXAYFKRJPZ 3
ODYIDAIWYQSFVSNAA 2
OEBRDFPJRUUZXPHZ 2
OELCIJPPUKAU 2
OELTYGJBGFJSNPSJ 2
OELXHZBYLKV 2
OEMOPOGLYPCXHC 2
OEQFPWCVGEASO 2
OERDJHILPGV 2
OETMGBOUFZIZQBG 2
OEZCWITGLZKMRPOR 2
OFEDUFZEQJTYY 3
OFERAVVGADJAIBBS 2
OFFCJGXJMFRPXCSSCBKW 2
OFFWGJEKODYSPCO 2
OFKHDKMMWTBUMMMZPOF 2
OFNUAAIUTWFKLXQRICPQ 2
OFSIRXGLNQI 2
OFSPBLJKMBRZZXT 2
OFTDKKIPJWNYUNVM 2
OGBFLYYGEEEWVAQTGL 2
OGBQYGKTAUUOVTCUQZC 2
OGLEMKFNBNYBNPVZF 2
OGSTVCYQKA 2
OHENEAQZNOMSO 3
OHFKBXRYLEKPODQ 2
OHKOENHPTRJ 2
OHPBFSOZDXZY 2
OHRZEAVNAVX 2
OHVBLBURNSINPDA 2
OHYBFHBJFADTFGFIHXA 2
OIFPBGBHLHPAYJXBDZC 2
OIOXTLPCNLINHOFDE 2
OIQYVHTTGSAIDYZISV 2
OITTWLMLAYHKBXOKEGVJ 2
OIWYZUWIPUKQWVQBVG 2
OIXJNPBYCXRCRUUWTT 2
OJBNPAGBJHBVMM 2
OJBSOWYNDTVTDVWDJA 2
OJHHBFXCUJZWZTXTNIE 2
OJHZCWGMRNRMOYOV 2
OJMXCJPAEGOPR 3
OKAQOQOCPWEYER 1
OKDDDDKAVBWGHUKKJ 2
OKKFWRRVSCJYUUG 2
OKLHWDJKQH 2
OKPHUBJXNEWGZZFB 2
OKQLPKKYXRPDGKJGWXH 2
OKRBQRHFRTQHWQUN 2
OKVDDXKMJEMINBIUJ 1
OLEPCEOJDWOLMVAE 2
OLKTCSNKGBP 2
OLQYMXRTBGQNLDVPU 2
OLWCJHGZMG 2
OLYTJPVNKKJBYIJ 2
OMDSZCODVCKWGUUZNGK 2
OMEUSSMBTU 2
OMFZYDUNUEJABCHRDNRF 2
OMLXSEACAOPAK 2
OMNOCSZIGZSSOKEPIX 2
OMOCYECZWWFDE 2
OMRGKJASHROVABTW 2
OMTVFKCLUKRVXSS 2
ONCGUCDNECADTWLAPEYE 2
ONDKEGHBUQQJEVICJYZN 2
ONJPVAIOCIVNHLHZ 3
ONMDVORZMWQJO 2
ONRINAWVMWU 2
ONRQIKEEYGNDVHL 3
ONRZWBDUDGS 2
ONYLSUWURQIIYBY 2
ONZPZJBJYHKPSHJCE 3
OOBJYQKAXFSMUEXDFK 3
OODHNAQZXY 2
OOOPKMNNHJMRWRD 1
OOOXFQDUORFDXBOH 2
OOTDUFYMJHR 2
OOUMOMKOJJGWLPVJJNYC 2
OOUQDTRRKNBST 2
OPCZMJTVPIYECP 2
OPFHCLEVIWUSHYPRM 2
OPGSJQOBJBTX 2
OPIAEAZIKPLS 2
OPISNQYRSLLWRUJQNCWT 2
OPJNYSHYRHXIGXH 2
OPSUBFTWXEYYVKKZ 2
OPUDWTNENZYYTFJQS 1
OPYHGMSHQIBEEB 2
OQEVHTLSDTLY 3
OQEZNVGIWEXN 2
OQOEFPNGZSA 2
OQSVBSABGALXBYFXQHD 2
OQYGDRORAFCIS 2
ORFKTHTUZRK 3
ORGRKHJSNLKDBHLXRA 2
ORGTSFQSRWKOYENCSBYK 2
ORLRDYDCCSTIWYLQ 3
ORNRURTEAEB 2
OROZMBHFXQ 2
ORTIELGVSWELFVXB 2
ORVILQSNAVL 2
ORWHEWHMDDKYU 2
ORZPOHBYTAHGDW 2
OSBBRASSJJODBZCTZ 2
OSHTXLMLVEFKA 2
OSKUUPAVOR 2
OSNDSEDVLT 2
OSOGKCQKRT 2
OSPFTOKJYR 2
OSTHCGTCGSMIREUP 3
OSVOUWDEFZ 1
OTCOKDSRVQQHQ 2
OTHNSSCVOTCBIWK 2
OTJDGTIXRETYFBP 2
OTJTUIPZJZVNSURHV 2
OTJXBHKREUCRUE 2
OTNNWDLHTDWCP 2
OUONYOLSBVNDKJYI 2
OUPSLABGPPHSOKAY 2
OVEYJMBSDJWKYDPXXB 2
OVLZOHNXXMCATA 3
OVOVLHGTPBQ 2
OVTKSMCVSGFVKH 2
OVTNAMHIYJPC 3
OVTUZOHFGUZEEEUXIZQH 2
OVUBJTHQMK 2
OVUUKUGTSPZO 3
OVVMYRJSIZIKGULFXXTA 2
OWDIHQUHVFSWGQ 1
OWIWUMVNKPONQHQSYIBL 2
OWUHRPPORFWA 2
OWZDQWREYPROMDHTCNI 2
OXIJBKOMSNHXBPSF 2
OXKCQPRBDQKQ 2
OXLUVATFSAMNSCZC 2
OYBVILHWEUBINKIO 3
OYDPWDJYAIBPUIJOZSAD 2
OYDYVMNXORGS 2
OYEKLBFPRFUR 1
OYHHUTNAFXQVZPNRKUE 2
OYJKXYZVLWU 2
OYOKIWAEYSCEOU 2
OYPQFAVARQGF 2
OYTJPLBCFANBPZGJLOYZ 2
OYVBYRNAFRSUK 2
OYVKAJQCOE 2
OYXZUWHZPZPCQKMIGOVC 2
OZAMEOYXXUMTXVRHZG 2
OZFACNAXCQKWIYEW 2
OZGMFGMCNIQXFCSZ 3
OZHGKYVYJMXPLXMFCVY 3
OZHOHQIZTCSY 2
OZKQPKJHKWJUJ 2
OZPNHBJIZN 2
OZPOKWRNANPZWXNP 2
OZSINZNNMM 2
PADAXPYRLZHKEQHPPA 2
PADCLDBVQRVEF 2
PAEEOELLXMD 2
PAKLWTNCRRRGLQ 2
PANZENAXDFUJFB 2
PARDLVWOUYN 3
PAWJNBVRQZOZALLP 2
PBAVXMZJKUYRL 2
PBBFDEESGSABV 2
PBHONYNWOQXVEGSHYFPX 2
PBJCEIGEZMYI 2
PBJELKQETJEMWSPHP 1
PBJINTKQGVRLDPJIX 2
PBKICFMGQLUU 2
PBOOCPQMJSJ 2
PBQSRECUSH 2
PBVISVXLARGUAIWYLS 2
PBVZAKYPPQBBZKRW 2
PBXCQIWFDCEMD 3
PCBKQQBFGZHKWNMCZDOW 2
PCBMGBQQFYXKFFS 2
PCCRGISHBXJOHBHPH 3
PCCUTZEZFNWDGFCC 2
PCDVWSETHXMONFGWIS 2
PCEALEWKOTTKKHP 2
PCLNCWOJOVCKBXXHB 2
PCNXHYKRBOWXBOFQBGUH 3
PCPVCDOKMBOWQMX 2
PCUYQRBUSDQUSZ 2
PCVEVWYVFSLLWGBCZZI 2
PCZMFOWJVKFT 2
PDKCDQJRVTZHASJVLOTT 2
PDKEKPVZOK 2
PDLGLYJYPTTWITH 2
PDTEEROGPLAZFHP 2
PDUOWAVOTCTHFKJVY 2
PDUYUEBQEBF 2
PEDFDJUFCWFMZOBWLUD 2
PEHGDLXZYXDSBUQH 3
PEJOUZGRBAR 3
PELTTGIDZOPG 3
PEONGAKCOSHHGSZH 2
PEQJNFQWLYIQWOW 2
PESWLNTYOA 3
PETZMVGXAYSCKS 2
PEZVYOMHTBDN 2
PEZWCMSQMWTP 3
PFUCUJHQOJPQAQ 2
PFWYVXUXTK 2
PFXNOLWMRELNUZXDMSAL 2
PGFHOIIPXDQ 2
PGGNQKBLHFNMSDOGUSNS 3
PGJRADLEBZIKFAMLD 2
PGKMZSUQJXXXKCFACF 2
PHNOCVJEAHDBHURXAX 3
PHPAHMVEBVL 1
PHQXYFZNKQSY 3
PHSIXHRVPWP 2
PHSKQVYZUQPWI 2
PHWHRJGPQQ 2
PIFAHFBOID 2
PIHDWZPKME 2
PIKCLVSNKYBZB 2
PIOHYIPFJDHCZCPTBCWG 2
PIOKSWNCJSQUQI 2
PIRWTZOGRDJMYN 2
PISSHJXGCPNYVQXKJFDJ 2
PITCHLNVIPVAU 2
PITSHJJRZBSMGQ 2
PIZFKDQRBZV 2
PJEDINJHCLSOCBFS 2
PJEWEYNKDBGBEZJPMB 2
PJOXJSUUNJXYUCHTMVAR 2
PJRMORWCHZTHZXU 2
PJXSXAHKGVLTL 2
PJZSAAJOXZMWOXKQKT 2
PKAKOKFCGMPIGNCUCD 2
PKCLWCUFAMRFUKUZENN 2
PKFOJQYBQUEF 2
PKKGIWWCXWC 2
PKQDHUHSOYVAKFEBUO 2
PKUWQHNTRMAZWVIOXRKZ 2
PKXIWHUIKLEEWZRR 2
PLACKOPCZWNWXPMPAEM 2
PLDZETIQGCKISQ 2
PLNXMYMPQMBZPXPBEGKS 2
PLORSXRKWILXW 2
PLRXEUXPXTLLSHA 2
PLVQKYIKPZM 2
PMLHBLWWZMXWECHNNO 2
PMUSEMRXBE 2
PMVPZNTKNBEN 2
PMVWNHEGHUXIKUO 2
PNBFDKZNTLM 2
PNDUCMMCBXUGVVKGL 2
PNGHBKFEQA 2
PNJVEWIWFODTP 2
PNJZBOQLQJNGVVWJDC 2
PNUUUGSYLFEACKJQ 2
PNXVFPESYEGKQTRMA 2
PNYPMNZFSEBXIOZTVUKP 2
PNYZKGHFAHNAJJDUDS 2
PNZXYHINGET 2
POREWVQHVBHXZFYCWCWQ 2
PORXQDLFBDP 2
POSLSZKOIMLC 1
POVPYELUSWMYGYDH 3
POXXHQCAGW 2
PPEGTSEQTVXLWFIEH 2
PPFVPNNROBHDRVAVOMA 2
PPGNJXBBBQWR 2
PPIWEVRHPA 2
PPJADPBENBOXQ 2
PPMZPUJOMTWFFFGNOOO 2
PPUIOFINMLMRH 2
PQLZDPUQGV 2
PQMNQWBCVHCDZCGVDA 1
PQOVMERPZIKBDRGQD 2
PQRQIUTIEOEJVPOZM 3
PQSZOCKDDYUDJIZLGE 2
PRDPEXHJPMDSYGFU 2
PRERVVEHJLHXXHBGHXCY 2
PRFLENANBNUIUMX 2
PRGDPZXUGUAEWWZARQNG 2
PRPFNLGQLSBP 2
PRYNCIEYJEI 2
PRYYKEIYZXK 2
PSAHCWSKUJCCEF 2
PSCTJQWNXISUMS 2
PSCYLXCLXZAVKGSUPNGT 2
PSGSMGUXUVTIFJDWHHV 2
PSPIIGRTXEMQSP 2
PSRHUROFVTJSJKKKBC 2
PTFUZKTCRSQ 2
PTILFKNJPRR 3
PTNEZCSZOEE 2
PTRWEXFVLVYUIYLJX 2
PUBIQVJJYUAM 2
PUCHBHGMTKYT 2
PUDCIJAZXETPZ 2
PUJTRUKFGKIOPA 2
PUNUNEIDFISP 2
PUQOWUQJUXYQBRN 2
PUYIRATHROWHUIKE 3
PUYVRFZZHRVL 2
PUZWWDTETQNPL 2
PVAKGVSLRGUIGQXIWQX 2
PVDOJHVDEWKYURHFLUG 2
PVNLMEMYSFANGILFRG 2
PVSOUJTXQOSLOCLR 2
PVYKNLVBGZYDSTRSL 2
PWDOAKDLMPRPJFBGN 2
PWQVGSVZQPJNYLY 2
PWTQLYKXJQG 2
PXFZANDGBTBMSLS 2
PXPXXQHUXXSIBAGQAVMO 2
PXVLQVSYUIIDFCKMXYQZ 1
PXWFNYUPDXUXCVDYSRQM 2
PXYYFXZRERX 2
PXZLZGHVBBJBCJFPUDWS 2
PYAOIVIDHG 3
PYAXMTHWUIUAD 2
PYJKYZTQFEFXPPIGTDF 2
PYKSJLICKSLXLBHPP 3
PYLUWQIFNAB 2
PYVTNXDYTCJXB 2
PYWGDBWRWFZMXS 2
PZAJTNSSLMVSFJQIA 2
PZKDJLDGUPQVEWU 2
PZKLGJSCPMRZU 3
PZMOBFPBGGKIXCMI 2
PZNPCYMMIUTBBVVD 2
PZQCECMLJHUBJTYP 2
PZQDNCZVJFPGRY 2
PZQTMQKSGLXVYGKZGWBT 2
PZRCUMSJZDRLXZZRRT 2
PZTBAYBQSSMSNSHFYMCR 2
PZTBBMFQFQM 2
PZUFYBFBVHS 3
PZUKWDEJHCYGCEVKRT 2
PZYZAJMSRCBJAPL 3
QABWAUKLMPSZYTQBIK 2
QAHEXQIECOSQWCQFW 2
QAIYPXSVMDH 2
QAMPGCKNQCUHPEIXO 3
QAWUDVROUL 2
QAYYADRAASKPPY 3
QBKJXQURQVWZQQSG 2
QBSCPUULYAVCSQMWO 2
QBYDNAKSHFIV 2
QCFFJKBCXJVSXZKRISEU 2
QCFKCWWZZGEUJPWHGT 2
QCFPQDFHXHWUQUNCANHB 2
QCHCTURZTTZZHUMMIOA 2
QCJMSTLURZKHOPRVTOQV 2
QCPZVXGRYIAY 2
QCXYUIMJZSJXUKTNUZ 2
QDDDJDUKRHEQS 2
QDIZDUGYQZBYF 2
QDNNCCMUFV 2
QDOCPMVYCBZ 2
QDOJZQFPTL 2
QDRWITENXGRRPAI 2
QDYXFPIQXE 2
QEGWLDRLVMUIPEEAUV 2
QEPMZTHGSUXHZFDHZQO 3
QEPTGLZJEFXVAC 2
QERNDESNQKLMCJVTHG 2
QFGOSOLODZYYYKJOBET 2
QFKIRYURMY 2
QFSPLVWAYHUCH 3
QFVQTFPGFGNDRMS 2
QFWJYHFDYK 2
QFXPKXIDPHQFW 3
QGNJRKSPJXCUPJQEK 3
QGPVCLXWCSMHBEIWRRKI 2
QGPXOTJHVJLJIF 3
QGUYJKATPLJ 2
QHEAEIFTPWKTJHQVRE 2
QHKNMRADWINQGDKZJHDU 2
QIAVAIPXAQJRRNG 2
QICXTURXPQWQXOP 2
QIJABIMFWCKGOOBKSSDQ 2
QJDIBVRMSTIRUO 2
QJEZCTSMDDUJBHMIR 2
QJLMGJGNWQQNFMBGYXCE 2
QJOODCLFGFELRGLVLFRW 2
QJTPGAKBDGIC 2
QKEACYCUSIWYDJMQ 2
QKFRMBSKARV 2
QKHHCXRLYKBR 2
QKPFJBDCJLXVD 2
QKRYHJYYSD 2
QKTXGFWCLRXOL 2
QKZKZCUQXO 3
QLBWBGTHLSSQJC 2
QLEEOENPDFYME 2
QLERSBSWAONQJBE 2
QLKGNMJCLKNF 2
QLNGEBUPBAU 1
QLXXGLXVEAKL 2
QMFSRQMQPKXYJQGDUMVY 2
QMJWUNKJRPIVD 2
QMMBFZUCNEJQRZHNR 2
QMMDUMIPHMLHHHSPDOPT 2
QMXTPCDPLTM 2
QMYKQEOCHMMTZQKESPGL 3
QMZXIFITNWOYFYNJPXH 3
QNJEBLQCUTXX 2
QNLIIJUGOSQ 2
QNNVECMPTY 2
QNRAGMVYGXWEMKZTLZQQ 2
QNRNDTOLKTHX 2
QNTQZBVLICQJDHB 2
QNWUXRZTBDGOJPBO 2
QOBBHJXPEBQNBGBKDUQ 2
QOKWBYEHTZFA 2
QOOLQKBGVFLW 2
QOOSLDDBJPJKVOFYS 2
QORHBZFOWQFCCTVEKEX 2
QOUTYEVHBIIGRXXBYGM 2
QOZCKYVROKY 2
QOZIPXDIYLSCB 2
QPADZOBOITCLGVP 2
QPARCZOLAUFWRWBGKHYY 2
QPCTWPNNEQOMFW 2
QPKBKTYZLCI 3
QPQQTKPJVZOYDTWSRO 2
QPRWPBWHIKDCIL 2
QPUPJLEZRFEUGBEPDW 2
QQAIQEJGYD 2
QQAMTFJCJOBLUYQ 2
QQFITJPJOTGAMBWG 2
QQGNYRWXXTPXSV 2
QQIBNCXYUKDQFYMCVQW 2
QQJIRNGNGHKWJGD 2
QQLDQVIQJBIJP 2
QQLGLAEAIDI 2
QQOZLCMPLRI 3
QQRVQRVSDZ 2
QQUSELPPWGC 2
QQXMFGHIIVNCRIAFV 2
QRBTURRFNQZWCH 2
QREIFQPRCX 2
QRFQORQAHXUKVJKFFI 2
QRHINJXAINVYAZGY 2
QRMNWAEQQJMHYOKKKHUF 2
QROBHOBSTBRIFZ 1
QRUYDQRSQDZ 2
QSAZWAHRTEFSIIGWFXU 2
QSCYQTIAHPCJVHGFSJ 2
QSEJBZHIQTUNAFVCXU 2
QSJMQABDFXDPH 2
QSKNXVGIMZRZ 2
QSQQDWPXRQVJVNVJ 3
QSRZQISHNYQZGTHPQB 2
QSTQDGMYTRRMIX 3
QSVHLCCEYVFEFWSO 3
QSXEQCSYUDEUUCOHCYE 2
QTCWTTIIBFAHR 2
QTIQUTFXLZEIGZZDXCA 2
QTORXKRLJZCVHOV 2
QTPAIRNATZPDSJLD 2
QUACNSBBYHKD 2
QUDYAUSZZKRPSGOS 2
QUISUCIKSPDRKWRO 2
QUKGUVGDHWYG 2
QUMBUUJJKWVZKAHOGCY 2
QURCXVGUIIDZQ 2
QUUYCIDFMLHAWRAAQTGC 2
QVFHRTOWJYSAMIFDE 2
QVIONBRCXN 2
QVKBXNJNIKFUTDOHHT 2
QVPMTJMKHQHF 2
QVSINYBLZJSVJIAWTSC 2
QWCXNHMMJUGPB 2
QWLXEGOPZDXJHVI 2
QWORLVHYQETVRQY 1
QWOSYAXRTJNMGYGZLF 2
QWRJJGABLQQT 2
QWTXJZMKNNXH 2
QWXJJPJGGAYM 2
QWYVZLGVNLPLULXIA 2
QWZIMHGKLKIGLW 2
QXFYKEOZHUQDQ 2
QXJFBDXMQEQKFPKFB 3
QXRQHKIGPRR 2
QXSBZWVQCVH 2
QXSZVQGPSVNUH 3
QXURATFLCCCMEZMGTFC 2
QXWVYWDFTNUPQQDZZLDE 2
QYAOCVWHXOXUYHT 2
QYAZZXTLMQZCIEV 3
QYGQQFNNNCEDRLQGP 2
QYIWWAYLXOGTTD 2
QYVOUIMNAVECIXZNYQH 2
QZBPPPZNGOOWFNUCAJ 2
QZCESIUEHVPJPDNYQRG 2
QZEZGTMXJTFGKXSLEUZ 2
QZKBXDSMICR 1
QZLVYRLYCTEEGQVHWF 2
QZTSFUAYQCI 3
QZXMHJYGEHGYRZNMA 2
QZYCVDQUVRIYROOWZ 2
QZZIVNIISJOBTNIDOCU 2
RABHWOQUKQXPTUS 2
RABPUVLIGNM 3
RACLDUAFLFR 2
RADFQTXAPIPY 2
RAGGSWLCYOV 2
RAKGMERLMTHKYV 2
RALQWQQMHMXAKMEQIIW 3
RANRXIKMDNIM 2
RAPDXSXBSGHHWVAUHIP 2
RAPIVYOWWXXAPIPADYGC 2
RAQKWVXJSNBDSSVE 2
RAWIYTDSLR 2
RBEEMDYIMNCQDCF 2
RBHTVPWLHYV 2
RBKDJUAALTUOINGUNWW 2
RBNHKEGEAFRAEXXHMN 2
RBPINZQJCPNDM 2
RBTWHIMGQYNM 3
RBTXRFSCGP 2
RBUQOTDXGYUTEBVHI 2
RBUYVDSWXINFL 2
RCCKBIMLIGGEWCHPSY 2
RCFRGZCYDUAMXGPKGJAF 2
RCJDBATSAGNQSIQ 2
RCPKJCBJFLBKH 2
RCWJWSEBQQXPQPY 2
RCXGMUHQKLQ 2
RDAJPSAMTH 2
RDBFDAPUGBUNCHLCETU 2
RDMJDXFANNFANIODGC 2
RDMVPOPIBJQOAVQ 2
RDOKNXHNQUTEVJ 2
RDOXETMXWOSIZ 3
RDSUGUQVYYMXOKDPNVC 2
RDYRCUFMTFUXRIIJI 2
RDZREHSQEFODPAQLZ 2
RDZTEFREYZMTXZZUB 2
REAZGMZGVXWIRHHS 2
REECBLTMVA 2
REIHSVQRRG 2
REJNYZTIKM 2
REJPSUKGRWIVVFQJXUPC 2
RENEXKGLXPWPZPYHZM 2
REOMVSIFXZKXFNPXIW 2
REOVQVMXUBDQKXH 2
REPZMSTCPP 3
REQWLJKHLUQXOSP 2
RFDGBFPROB 1
RFIPLIZZYFESWHEHPIBC 2
RFSYFQDNLVRLVWUUXOEC 2
RFUMYEBCXPLKBC 2
RFVAMZZECW 2
RFVLPDOUFYGCYYDLRFK 3
RFYGZVTXLMPEIBYR 2
RGAEFXFHQCFJ 3
RGBXOCLMZXYGRITVUO 2
RGCUAKLFBLINKUWTZEI 2
RGCVSACAUWOTDTTP 2
RGEVSGSUYBXGEJE 2
RGGXFULNVCMCWPZTX 2
RGOILNXZNWDMR 2
RGPBPVVLVF 2
RGSCCCONQNMWU 2
RGWIVCBGXOMHXTG 2
RGXLEZJSZIUMM 2
RHAGHVWFGGKJRPZKGCU 1
RHDNPGEUTZPZI 2
RHFHWIZUOZZGFQERIQDQ 2
RHIXDPSFKYM 2
RHLNDHZTKITMMXIVUVKW 2
RHMNEELOJZBWJSNQXR 2
RHQSRHBKNXCTBHXDOYOT 2
RHULEHRRLOYGII 2
RHVIRLOJLQQXNKWNF 2
RIAEVNQOWMLDHNHTMFOV 2
RICARQUHVHTJXP 2
RIDJTNLEJD 2
RIFJXHCZOQZRPYGWE 2
RIFMSQPWSJFJAWZE 2
RIHDKWEFFJBVCUABEAZL 3
RINERJDGYDWUZSLXSMXE 3
RIVSDGVVLVGJNBK 2
RIVTUZFTEZHCUXTAFTWW 2
RJAUGTCUQXCANHXDXBG 2
RJBLGNQKGENUIISSZAGE 2
RJIZPWTJWIFNDGDWKQL 2
RJPKSIYOPUWCBAE 2
RJSPRDTGODX 3
RJSPUHDYVTDOTVOJIZV 2
RJTQBYCHMLIJRVCPG 2
RJVJRPDTUBBXPUFJ 2
RJVVZMJMCUNLRSW 2
RJYRJKAIPQ 2
RKFNXSPVLWJU 2
RKHXLOGHKKQJ 2
RKKNLCEFKKKWDDDZ 1
RKOUJGYNGBMIA 2
RKWJTTUYVKJBAEGFWF 2
RKZXWHOGTNNNNGFKM 3
RLAUYMFRRDAJMK 2
RLDQEJQHBNLS 2
RLDSXPGXFEEKUEPPLBYK 2
RLHTKFIXRTRUHEY 2
RLOOICRJZLPRG 2
RLPLIIUBZEAUP 2
RLSBCQPZBYFVPJ 2
RLUAPDVJLHNR 2
RLVHYCJNKYS 2
RLZXAUSNSEOMNQXVH 3
RMGWCDFSMGAXXSQUM 2
RMHOHXSVXXPMKDJX 2
RMJVITYOFIWSOWJD 3
RMNSHEEMAZGNAC 2
RMOYCPAYGNNVL 2
RMWUUFSLZBJCFJIHFLRE 3
RMXSCCDENILUYC 2
RNBSJNMZWRPTUVPRFG 2
RNJHRFBABQMWKF 2
RNRXFLSNINZPD 2
RNTZEBNMZUQRPEUL 2
RNVINZGHZGATYJFNOLAE 2
RNYOJAJLLMYGH 2
RNZSIGOKMRUPGNCLP 2
ROBROTRCAC 2
ROEOBJXWYW 2
ROJMAJNIACPUS 2
ROKVXSSYZVACJTCESA 2
ROOLYGFQLYEPF 2
ROSXOCSWCNALZIKWZYC 2
ROTMOQRNTXAD 2
ROTYNSEJYIUAVZOTC 1
ROVRPHEAHWTDMEQ 2
ROXMHBAFTQ 2
RPCOVJVCGY 2
RPKUVJEKWFO 3
RPLHGWYDFGYNAXVJZ 2
RPLOASUTMZOAWBDEVLP 2
RPTSALPPBDOIOVGWKJJB 2
RPUMBMWTDJJYDKBWRME 2
RQELIXJPWQJ 2
RQIVHBMBOM 2
RQPRURVYFLKTJUMU 1
RQTUSLKLZGGPOLJPNF 2
RQVDUZYTUJXHRJIF 1
RQVOXLQZBVE 2
RRAMLOYEWUJOAN 2
RRHAMTCMQPVMNBFXIQ 2
RRIVNPCLZOFTF 2
RRNJQJWGVVCDRUGF 2
RROSOOYFWTBSHEFE 2
RRVSMQXHQYZTGISEDSB 2
RSGLCOIAUNJQLPTK 2
RSOQMWFLMUZYWGLLCV 2
RSOVHNESRJLFDS 2
RSRFJTTDDRLQZJ 2
RSSUACFDDBEHKGKHHBWU 2
RSZQTCKNXVADFNHXQSJ 2
RTCZJZFMHNWRKS 2
RTFZDEXOMDBYCRHD 2
RTGTLYQHQSOMJGPDG 2
RTLKYHJLANCSFPCS 2
RTQHXQKQPZYADYLINX 1
RTRVMGNQCAQ 3
RTSCUDKMSP 2
RUALALLHGU 2
RUILYDHTXRWIZXIYBKHO 2
RUJNTVYNCX 2
RULAXMITFF 2
RUNGRLPCVXGGXFYJD 2
RUSODPQSGJMCKDFIRDA 2
RUTPXZUAGAQE 2
RUUNQKEJFWNGEUAT 3
RVJBMCMACUKKFDICLONU 3
RVLTSADKDOJQBWEP 3
RVMANYOLMOQLLSK 2
RVPTBYJBNPNMDNSH 2
RVTIPPYAZYYX 2
RWEYETHVFFNNOOQ 2
RWGQFQEBUTMWKNCR 3
RWJEWQYCQW 2
RWLYEWBZWGEYPJZ 2
RWYBJPTAHYCBKJBD 2
RWYFFCRQDNPYB 2
RWZNCLBDBKCRPGDJZE 1
RXAVXFJMPAUZURS 2
RXEFDORMXFNFCVCUQ 2
RXEMIZENMFYLJXVQZU 2
RXGRIGICCUUZANKLRD 2
RXLGMKJUVPSIH 3
RXMEMNSNJAFGLIURS 3
RXNAKKTXOXV 2
RXRPEFAZWDDPHUWWYHFI 2
RXXGEJJHRRFHDOYVH 2
RXXRYCZPNNSR 2
RYAWRNEWRIXCTY 2
RYDNKEVHAL 2
RYEMHHSPOYJ 2
RYERQILMZDMFXRSG 2
RYFHAGELRGBAJKBC 2
RYJLRTDFSRZOBSWKP 2
RYPLIGICBYVFKF 3
RYQFKDXJYFZOKN 2
RYSJVPVFYBJDWX 2
RYUBSDZYKIRYTEHDYUQW 2
RYXYGTSOPTXNFEFXIJEJ 2
RZATDDAICECCTHJRDQWV 2
RZBMPCEQWZOKCOF 2
RZCNGOFOCWRSPNWGEJV 2
RZGEXJHLWUYTXHG 2
RZGSEBBBBPUS 3
RZJYXYWGJVV 2
RZLCNLXDVQVBH 3
RZVJQKTPJTIIRKQQ 2
SAADBITGTXUBVES 2
SAAHLLYDJXMV 2
SAJDKIYCTNKYXLVMM 2
SAJOPZZREOTIEUZDK 2
SAKSRJWEGLTWSHVQN 2
SALKZKILXWXDPTUMMD 2
SARPRWXQZBMQKUPI 2
SAUVESVRBIRD 2
SAZOADUYUYEVV 2
SBGMBUPFJLUWYCBTWS 3
SBMJFNTLKDELAPBS 2
SBRLZRIKHYSPOOCVMLO 2
SBSEIQXTRQJQBX 2
SCAMQCJHDYNAZMTVLFDT 2
SCCWISIRODGAOX 2
SCHMMKRJYKKJGVRI 2
SCJCJGOIVIGIYWMCO 2
SCMNODAGEA 2
SCSJSQARGRGUAESHLRH 2
SCSTJUZGNCUW 2
SCTBZVJULDRE 2
SCXFUDCIUZJEERG 2
SCXTGOIDPBFVYZFQ 2
SDBZOICXLGNA 2
SDETCHNCWVULCNXA 2
SDOCSUKDYQ 3
SDOLNPPYZYUMH 2
SDSIVESSMVZPHWF 2
SDVPNNFZGIZ 2
SDXGHZBJRSESFYBYVJ 2
SDZXFWRMJAKYEWIFCO 2
SEGMHZYVSIBCDL 2
SEMYLNIMSZZUNLASAK 2
SENFIXDZJUTH 2
SEVZYWGYUBFNWVJHN 2
SFKMUFDCIECYKTOXBA 2
SFLJXPBKIZE 2
SFLTFLZKUINF 2
SFMEQDMLEGLS 2
SFQKOVSSQMEKFODBEIE 2
SGAIGRKCVDMXBZWMZTNS 2
SGAULZLYKPBZOTTDZZQ 2
SGCVDDPRGX 2
SGEKEGPSOVHMDLLE 3
SGIVVFOXJWHBYS 2
SGKQCFZMDKZ 2
SGOVYOLIHK 2
SGOXENIVBEQCA 2
SGQVJCNVEEEYCH 2
SGROTEJSACWKXFTUGJ 2
SGXTGUYCEPY 2
SGZFPLZOMTDY 2
SHBEPDZRNLXS 2
SHFJUCHFUOIQCEQ 2
SHHVDMFPEWMEW 2
SHQOTPBHOPGWRDZ 2
SHVXWSKEYHWFZDSXM 2
SHYEEXZHSQWIR 2
SHYKADSDLDB 2
SHYUQGFYILM 2
SICFGSOXJSSKRE 2
SICHRRDNUZRPJRYBMV 2
SIDIHLSLXIZ 2
SIDIZJSEBHY 2
SIFZLAEZEEG 2
SIHMEWWHQFCQOBPIIXP 3
SIKATMPNFHYCL 3
SIKPPVHFUUJETFCIQOLU 2
SIKRYKFILATSZGFKYPKS 2
SIMHLJPVHTYYWQHSSVUN 3
SISPAFFQVNGBRK 2
SJDHZGJFMKDDY 3
SJELXIABRZZRV 2
SJEYCTHWIPP 2
SJITONKDTYFRZS 2
SJMDGSBMRJP 2
SJQPXZELEBK 2
SJSJGRKYZDDAR 2
SJSVFIQGFDDBBHJJX 2
SJTGUIPQJBPZFOFGPKIB 2
SJTQANBPWUROQCPVQR 2
SJTRIZNNLZAQYIQQ 2
SJTZMCIFIPQXYOGD 2
SJWZYKQVCADTNENZ 2
SKECQRJDYCTZVBJCIJV 2
SKHFTLCINVTL 2
SKJYHAIRTOSXU 2
SKORFNFGPLNOVGX 2
SKXSNULWQCIV 2
SLDWTOJIDWDGJRAIBTP 2
SLFYKUEKGYHROM 2
SLGOMNQEERYYDHK 2
SLHKBTEYTOKSCFL 2
SLIMAWVSTMRAE 2
SLWXQJMICLMDWIZROKP 1
SLYPLMEOLJIECZGMBR 2
SLYRQAVNWJZXUDQATGJI 3
SLZCAZIFXRADFT 2
SMASGJMRDJLNR 2
SMJKJTYOUTDZIPO 2
SMMVMQSFSL 2
SMQNNUOCIP 2
SMSXAHAOGK 2
SMSZPTQXAGWXMPBOCHH 2
SNAPVMNZWQFJIIGY 2
SNEADSZNIIEA 2
SNKSLMVUIIQ 2
SNKWNCMKFZKXPIEL 2
SNQGTAQLKXA 2
SODYHCGAHIMFCK 2
SOHPMFSLLYVLLK 3
SOJSSGUDVFCWUCL 3
SOOZLPCWNDGBLJWOGI 2
SOTQZFBCVHXY 2
SPETBIFPFBCPQIKJQY 1
SPKITADTNESEK 2
SPMUXDQNXNIDSIIVP 2
SPMYIPYAMHPFENUILML 2
SPPOTFDKHZITXA 2
SPTFYBHYIMGXSTNBHE 2
SQBZQUYWALUEYAWEHZJ 2
SQFIVZWLKEW 2
SQPQVXDFWJ 2
SQWWJIHGEDSMUS 2
SQXCFQRZSTLYIMTSTW 2
SQXNAUXJZAYQAM 2
SQZKWSBSQGKKAAPC 2
SQZWAFPANCYIFIZ 2
SRDZIZYFVSFCJWYVHH 2
SRIQXULJJSVWAXLCEEZS 2
SRPDXGFFWZR 2
SRPXCXDFMUUDRVPZQIKJ 2
SRQWYSUAFSVK 2
SRSACBOHEGZJWEJ 2
SRTRCWIFQCZGDQ 2
SSAGYPIQZFBYKZHWUFD 2
SSCCEZODCSUCAHPD 2
SSDOEADARB 2
SSETTLAYTXAFYO 2
SSFDYBMVBLBQVNKOT 2
SSGALZPRJOJFDXKSZPGH 3
SSGGDWJZPSJAZCWBF 2
SSJJWAVXAEMHIC 2
SSMZGVSMEMEALUTUW 2
SSQYPADWWLU 2
SSTMKBEHEE 2
SSTXGZOFLGHXED 3
SSWAJADBHVOI 2
STEYFIUDFPQQJDI 2
STHVJZSQLS 2
STSEARFFMSBDZYQ 2
STTWLJHTDVTQEFNTFW 3
STWXHRXPCW 3
STXQUMOTYUJF 2
SUEPYOEMHSTPFQMMU 2
SUISVEYKRYKA 2
SUMMACSBGPYVOGENCMZI 2
SUVEKUMFRHRS 2
SUWEVDDJNQENVG 2
SUZSUCKQYYJFAZNEG 2
SVAIEKTDOIUIOODJS 2
SVBNSIDWIGKVSLSM 2
SVEREFAXBIOPQUE 2
SVOVFQVTQFTXXGGWKUOV 2
SVUEHXQIENLOJLDOXRGN 2
SWMHBFFWVEWOHBZMHC 2
SWMLZDOLLRQX 3
SWOAGYDIIOMEBY 2
SWOVFUQZFRXDMDCNUACF 2
SWQMGSQVSUJOMK 2
SWSSHYQUMJNYUUNZ 2
SWVYMLTRRJPNBHSOXVL 2
SWVZZFCCSJPIB 2
SWZCZRMUXJO 2
SXAJHYPPKK 2
SXARZONSYIVZVEBHPND 2
SXCFYGLALDO 2
SXGZHLPCAGKLAY 3
SXHNUCZZGAAEI 2
SXIADJOVLPUQ 2
SXIWZWOAGBIJPOTM 2
SXKJUVNFKOQKCA 2
SXPYBBHFZNJGKU 2
SXTWZKOBNSERPRRPE 2
SXVMAEMLVVVWBD 3
SYWYBTGUFBW 2
SZGGYEGORRQEMJVREBJ 2
SZHWOIKIBMXSJKNY 2
SZIINBRYPHSWL 2
SZNBCBOHXIMCISV 3
SZNJNANYXO 2
SZOWPENYICOTQFYVSDBA 2
SZRLZMHLXTAPOPQ 2
SZZYNGZMFYBEVM 2
TABOLPWBKT 2
TADPGMXSBCHLZMI 2
TAKRDEFGVBKCNIHN 2
TAMSFSQEUHRWFQWK 2
TAPUOFRWAGMSNDX 2
TASHLRHKZCHEAKYRRUD 1
TASLXYHGHORHBITPJ 2
TATYCNZRLWCQO 2
TAXGUARTWWX 2
TBGLZTVKCIE 3
TBIFAHECCSKXNT 2
TBIFMRUTKBGGKYLI 2
TBUKYZJQSGA 2
TCAEJIXTDOGVC 2
TCBDYTPSELAKTKM 2
TCHRISLKPWIMJDN 2
TCPCFZSVWNB 2
TCURYDKSNTJN 2
TDAWPSJKLAP 2
TDHTLZHFJLGJHPLLZJCC 2
TDJCSEMCIEWNHURNBD 2
TDLRINKSPAM 2
TDRWNASDRPDKGEYXLQ 2
TDTOKYFTHYCBYXOLA 2
TDUOGEMMGVOIGEOPUWC 2
TDXSEXZRZLLVUQIYYGW 3
TEFLJVGWCFFADM 2
TEFSKIHABONEAOG 2
TEHMKPRHLGAX 2
TEQGBUQSYIJXJXF 2
TFDPTBBYSJXXCUOE 2
TFIMPWYCTJPNFDP 2
TFXBLDVUAZUJAXXRSL 1
TGFJNLHJJJHPHT 2
TGNGCGJPPHBUSZVH 2
TGOKDGDKZZIVDDAW 2
TGQMTTKJTCPCX 2
TGRLUQYYFNSIU 2
TGRXCSWDBFDNSH 2
TGSGORHKZBWGT 2
TGUDQPRMKKJCRWS 2
TGULYEYAOBSWAZEJG 2
TGVOSCHNVLWENE 2
THFWWVXKVYTXKWERTFPP 2
THKLKPYTPUGRQKFYYEKT 2
THLGCQFQVRLME 2
THYFIJTZETOKRLPWO 2
TICWDMEIUIHY 2
TIDFBXDGUBRCNFQBJUTI 2
TIEZSHWUDDDAPP 2
TIHCMTVGQPDSMIAY 2
TIIAVNPJEBLOANKRMYB 1
TINCLTFQFZPYDGXWFK 2
TIOSEYFTMLBTWLCGOIJS 2
TIREDDYLYJRXJN 2
TIRJDWGLAEYLSTEEY 2
TIRTKEHPKETZDK 2
TIYXLZHSFRUGT 3
TIZQFKWEUM 2
TJBBTSQBRGZXESRQ 2
TJHIXMGIXFFOFBUNQ 2
TJKFQKSYKETQKJIOHD 2
TJKNISNMDDJQT 2
TJLAPNCAZUYI 2
TJSHKXKNQCPDEXODQYLZ 2
TJVDGNMZADOPQ 2
TKDRWGWKXWDVSDT 2
TKKQTYCAWTKKVAMUUY 2
TKOLCUGVHDCHHOUTMPJ 2
TKTHRLKYFA 2
TLBMAYFEWVPZMIPUWA 2
TLCWEAEPNZZZNJDLTBK 2
TLKFWWBKULCLJUPCKLA 2
TLQPINZFNSDZQJRKQIB 2
TLVDOFLPIH 2
TLXWJCFFFYH 2
TLZMTQLVKJALPEAJNM 1
TMBDPRCSHEMMCRAS 1
TMBFKPQIAS 2
TMEBFJNGDYYS 2
TMFYIYXOUOEDOHXISFV 2
TMSJLPBAQSBUDBBEPJYT 3
TMTEKZFFHMG 2
TMYTUDKAOZUJZNQMEYWF 2
TNBDVJFMKOBQUCFI 2
TNIOEFOYHWYZBX 2
TNIZGUHNUQ 2
TNJCBJXJPZ 2
TNJKAWRBUQZYKCMBTBT 3
TNJLPXZXIJKLZHNBN 2
TNLCLTAQUFPKNLZNH 2
TNNYFYWFGTQEAYFJ 2
TNQSIWIUNPVGTWLJ 2
TNSWAUODOWEFKWFYAZW 2
TNSXDTPQPRGFWENWOP 2
TNUFWPCKDMLLXM 2
TNXZMDQLDRPMA 2
TNYNYCICZO 2
TOAMAGSFPBGY 3
TOBSMZLFVWDUOO 2
TOCMNKWIHFUWKHZZV 2
TOFUQXFDTAZRMHGZ 2
TOIETUQALIMJCHN 2
TOPWMYUEFX 3
TOROLEQABR 2
TOSOFIPAXREGCBJJVXU 2
TOUTFNMBZIOADKZM 2
TOVKNVAZORMWPQKDXV 1
TOXXDUWTPRNPHLDNA 2
TPCXJBFLTPQBKKXBS 2
TPFECICXCVL 2
TPGRAGAEQKULOREYKGBW 2
TPKDEENYEOZRPXLWQJ 2
TPNOYANKHWNNMEY 2
TPONVLUWPMO 2
TPSDBRVONSVVZEXSPGD 2
TPSIFQCQBISCVLSOFO 2
TPTSIZALBMWYLQ 2
TPVKIFHXUJITXPMFEKQ 2
TPWCVNWBKKCTVXET 2
TPYKFHQNPAM 2
TQAKXUPDJCDFSF 2
TQBOCGRRIV 2
TQCKQKREGCWWPR 2
TQGCXLNFMVXPD 2
TQNZHAJJVKFDXLMP 2
TQTUVTBXNMEGVJYZ 2
TQYRZWUQIBWHGHAMFXBJ 2
TRIZUTWYAACLKTHOXYU 2
TRMHFWYCTFS 3
TRVYMCYAOGRR 2
TRWFLJICXFFGNEM 2
TRZQCHDPQZMGRVPM 2
TSBUZWNOKITCCYTDR 2
TSCSFHARIZ 2
TSKHZSRNITHQ 2
TSMMTFTESGEYZMY 2
TSTVZOTHPAZGRKWSFSNR 3
TSYAZQWGUH 2
TSYOULULWO 2
TTAQEJDMZKMPQM 3
TTEVZSUJIWWA 2
TTVDJSAYDJVURP 2
TTWWLAHCIKPT 2
TUJJNDNDOORD 2
TUMLMNSTMZF 3
TUOLPESSEJWLWK 2
TUSZFMJBKV 2
TVCCJJEQPCXAHGSLP 2
TVFNUJKNMVGXLQPA 2
TVFTTETYXWYPGPHG 2
TVJMGYDJSP 2
TVKBROLKZXSCTRJO 2
TVMXLSQPPHRVPWL 2
TVPEUNFSPCYHFZOKAD 2
TVPFVRWMTTD 2
TVPWUPOLJC 2
TVUIIYEJEQW 2
TVVZYWFLURDJLDQZYOFX 2
TVXQDSDOAFALGUWGCQ 2
TVZUIQVSTQSEJ 2
TWBATWQZQYOKN 2
TWCCXYLGJRO 2
TWROVRASMVADS 3
TWSQLKDTVPWRKBNSYOSW 2
TWTOPBVNPGSQJV 2
TWVRXCZHIUPDC 2
TWYWLQOIGQUMF 2
TXCXCCUVZIY 2
TXDSSRXAOCIECYAEUKTI 2
TXEUMLKZZNAIZJPCNMD 2
TXEWMCJSHGE 2
TXHXEYABHW 2
TXIEXHFXUPELJ 2
TXLHEOULYCQ 2
TXMBWTNCJEFK 2
TXMRBKRPNLNOLTXT 2
TXNFACUBKXMRZHDLXG 2
TXOEKHOWIJLN 3
TXORWNKXLEUE 2
TXQMCDQIWTP 2
TXQZBCNAYANWXKDQGA 2
TXWQFSZKWHRKDKWS 2
TXYKHNULGWTJBQOXJOWG 2
TYAXXHLVXSY 2
TYODGWCEUXXTKYQCJMP 2
TYXSBGQDLWUZQNVUJO 1
TZBHNNDZBZXERJCBTUJ 3
TZMHWIKQKABPH 3
TZWCGZVMVYNDFLVVGOCV 2
UACVARXMYTC 2
UALXZRNKFLO 3
UAMMYHFBNVJN 3
UASHQKYJJFINFLO 2
UAUVVGICGVKDCQZKDNWW 2
UAVHKLPZTSWAWQHQ 2
UAXIRFVXKGNGFUQ 2
UAYCQXFXGVLNPKDDSD 2
UAZNOFHVJLDWFSQPAHRQ 3
UBIWDACIBIHFFG 2
UBOMQKNKXJ 3
UCGWTHPFDGPGXRQ 2
UCODITTTNWBSP 2
UCQGPOBJPHMNRMTGKVM 2
UCRSQNLVUTCFYVAO 2
UCXDFILEVNOZHBTG 3
UCYNEHEQCGDIQ 2
UDCRLGDTVSOBV 2
UDGLMBWRUAXRBTBU 2
UDQFXMAJAJFDJHZISDI 3
UDRNAHJHKXV 2
UELERQQKJHD 2
UEMKPRQAOZKG 2
UESVXBAXMYM 2
UETVDEIXASXIBD 2
UEUAJLZZEAYGNKS 2
UFAYGIFXBFXADFM 2
UFBAOXJTXUHM 2
UFCBBFFPOFIZOQEJO 2
UFDICQUDTJEPVOT 2
UFSQRIKUQJXCKKKGT 2
UFVCDKXWSICNAJSMGIBB 2
UFWREDVKKUMKZHIB 2
UFWZPHKKGVOMDPQSPWA 2
UGAUXYSOAAVTJKOXBTX 2
UGCJQCDNPCUOYJXMDE 3
UGCZIMXGIZ 2
UGEDZDWLGSAKBQZ 2
UGFEKTTUGBITUMYI 2
UGFFLHMISKELXRMFVDPW 2
UGGNRMJQPWGXS 2
UGIFCHZZBUXPG 2
UGQAGVKIMAMKWYXIVVD 2
UGQHKYYUJQJJRGVYUX 2
UHCRRXVGKA 2
UHGXSEGAWANXVFTPF 2
UHQUKJPAMMAM 2
UHQXHJVSIBTEYWF 2
UHRLPCUJEIORMQXTTCWM 2
UIAPPRNHMMGQMJNZKYH 2
UIBTOXFDUJPWHGVAD 2
UIFSOLTSCJHUFT 2
UIMEIMRGEBMPCBZDJJUN 2
UINTWTGMXMRXHGSHPE 2
UIQHVWXCIPEIICDHHI 2
UITBCBYPKOGABHBV 2
UITLZGJKDHCRVZBW 2
UIUYCXINWHSYHALRSYBG 2
UJBPKUGVSDEFDKD 2
UJCCYBTSQYPMMGYQPOS 2
UJCXDCOZNH 2
UJENPOHAXDQIGKUAR 2
UJGCBYHSIEYQLZAECZXK 2
UJLUAJLEPKCFVZ 2
UJWMKUSTHQT 2
UJYFLZOSKSFTKWTYCFNU 2
UKBFRFFPLVHG 2
UKEUOEAKOQOZR 2
UKNGMQYGXILRZGYVGY 2
UKRDMWNBHOWPYAFG 3
UKZKLQIOJQV 2
ULAHREOGUPQAO 2
ULDDBQKWSTJGVFDLBS 3
ULIPQPNNAIUKK 2
ULMDJHTPOTXZGQYVREMQ 2
ULQFRFNQMIZRFJX 2
ULVIMAPMGHGTAENBALII 2
ULXRZRYRVSCEDKN 2
UMHIHEFTHCWWVCYLQ 2
UMHRWDCZWIK 2
UMKNQDDOAD 2
UMMPPHWHJJWEN 2
UNBTFZELBZAEJH 2
UNCPAMBDXE 2
UNEHQGBVRKJVQBCPZR 2
UNEZUGSLLICKJZTJXI 2
UNFCEQATOU 2
UNLDBFSSTGRJDISYPZBU 2
UNLQFYQSTB 2
UNMCEFFVONVZYQDUB 2
UNROTSGVHG 2
UNWCVZLBYV 3
UNWLINYXRGRRHCBTK 2
UOAJLSHYEFVOIKTZOOD 2
UOIUQTBXXMCSDCBA 2
UOMBFVYXLC 2
UOPNFPYKLHLCQT 2
UOUCIRVQNOUU 2
UOYWBBXSZGG 2
UOZXKEHBCKFOUHS 2
UPDRPLKJMALFTVTLAK 2
UPHJXYPRHFCVHXZFTOF 3
UPJAMDHUETQIS 2
UPNHPVQXHQUY 2
UPPCCMUVJTZUCZQSQIHY 2
UPPRMXILFKJRWLPENTQH 2
UPTPFGCRZBZDLN 2
UPXCDLPGNJQQ 2
UQAMJDDDJRZXPIJPXV 2
UQCXYZVDKWECIAZJ 2
UQDOCJYTAUNKVPPDFDBX 3
UQIEQMBIFCGLF 2
UQPKFMWKMKEZOALFLZ 2
UQTWCGVTTSMYBAELJVE 2
UQVABYXUYOQNDKCCSP 2
UQYBISZOLP 2
URGQHYOPHNAEUCIEUIO 2
URMRFHNAGIUSTJ 3
UROIGTVSJJRCYMCMSRBI 2
UROXZRGEPXQZXGBKX 1
URUDWDMXROPYNVPKV 2
URUSNXNZWIM 2
URWVYWHFJWMN 2
URXDPVAYESPPBT 2
URYWMGHYXGRRCTP 3
USCIOJVJOYOMZE 2
USDDPDKHHG 2
USDZMWOYBZ 2
USHEOPCVJIHCQTWMNRI 2
USKNRDERYMJJG 2
USKXHLMKKE 3
USLMBWCWGKEIIBTHAUQ 2
USQHZHHTMIUXXY 3
USXFOOVGVRZXYTCE 2
UTAIIFPHTSPGALEXF 2
UTBFBTFDCMBUDNE 2
UTBUABKMZUN 2
UTCEXKHMKXCFCUVX 2
UTGQARZIWOREX 2
UTKEHUPGBQPBOMCS 2
UTKPMXORVK 2
UTLAHLVCXXKBP 2
UTQTSAXZDAECPSDRIEH 2
UTUSACBBQUHMWBVWTRVB 3
UTWWAGGVTXWQJIZPZZ 2
UTXAXVZMNBWEUTTOA 2
UTYFJZBPPCXPWDBWZADU 2
UUDAJDECINWSELFKN 2
UUJHKCFOMVPSRMSXLVMK 2
UUOPSVPEYGFUP 2
UUQDYPSOKS 2
UUUWPKHVWQAECGXZUUP 3
UUVCPVHGIGJYQRYJDLC 2
UUVUYKNXWM 2
UUWHZVAQJFGRMJAVZ 2
UVAIKAOSDBQDKZV 3
UVDLKDWFXUZ 2
UVFIVDMQZPGMHBCZRQRA 2
UVHCANHAEVYILWNHRRC 2
UVHPWPVWZBABVLBJ 3
UVHROLMNRPCOYUZYUY 2
UVISKFMKOI 2
UVPABAPYKTSO 2
UVTUVRNIOPWRHKWABJ 2
UVVRGOEVVVA 2
UVZXKBULVHONMMARKQNK 2
UWBOLRTNQN 2
UWIZSACGCIZWTWQFHDQK 2
UWOGHREGJQCNFVV 2
UWQMEPGGZUME 2
UWVRDTIQCLACP 2
UXCUHHWIKURRGC 2
UXJMSEKEDPMHYFAHKO 2
UXMLPKPFAIIED 2
UXPVOTFLEOZTH 2
UXUJUOTRVEFIP 1
UYEJCAHTNVXDLJ 2
UYJAGRZXBEKVGOPN 2
UYKIJEUAAURBNOPH 2
UYLGQOSERDNNXS 2
UYLVDLEWMCUD 2
UYSKXYJZRCDWILYVJ 2
UYSOHJMQPGUSJLSPPOU 3
UYVASMYWYHFRZU 2
UYZLILFYVECFQPNJIISV 2
UZBXGEOLQCCPTAN 2
UZJSIINJEGWD 2
UZLNYKDXLRQYNHID 2
UZMFEMRCIZFIHTHQBI 2
UZNEFYUFESVJBNOHPQXZ 2
UZWOEFIUYUUDTMWMF 2
VAAWWYEAAXET 2
VABAPVCSVWBSUGPIM 2
VAHVXHVVMGBXJZMSIUW 2
VANBPDXPQDVHN 2
VAQJLPTPOQUGKBULM 2
VAQVJJGLBCRQHGFGIZ 2
VARGCYWPLQOI 2
VASJKIAZRKCBPGR 2
VBBPWOXICIGLGLH 3
VBCFDEDHKB 2
VBMMTXKRFBPUKWDBEJEO 2
VBNDKQOUKRFDOTJCIPCP 2
VBUJMLHNXACGPG 2
VBVSWLVPYXCFSBIMP 2
VBXYVVCEAOGWCHKJSU 3
VBYLWATQEX 2
VCAXOGQRCMNGOC 2
VCETWHQSFQAFXLBPIG 2
VCHEYWOLOTDGBG 2
VCIGDSUWKNSQC 3
VCPNWPSQLEGYV 2
VCPQNMFGSS 2
VCSPWAWSBHEZOSP 2
VCUIPCRADKZKGHFIP 2
VCXELMVXWNNS 3
VCYDNIHPYTETA 2
VCYQUGRPHYASZQWL 2
VCYYEHDKFWLAKE 2
VCZJQFVASCE 2
VDAJMIEODO 2
VDBWNFIRHCCGWWXS 2
VDEFCVESRUAKCAPSR 2
VDGNFHFPAMTUD 2
VDOZCAGSXRQJXLJZVQ 3
VDVOCILKQYCMPEQ 2
VDVUETBEOJAQJGGFVYF 2
VDWOPCFGYZMKOBGW 2
VDWTNACDVCNSBIYTF 2
VEEVSNHCURDONTYCIFJ 2
VEPJNVRHGAYHE 2
VERIFLJNWYTPIBVGXD 2
VERMUWUCCL 3
VESUZALBXPRI 1
VEYEBIYKVQRPDTDRHG 3
VFBPXDOFNBLA 2
VFGBXTWOAO 2
VFJHOVLELOYLYOICIAE 2
VFKAAHTOJQNBV 2
VFNYLCCSOAKGSBTUWEAM 2
VGHNPHQUYE 3
VGJBOIACMOQTPUNUOOEI 2
VGLUNAYGOQOIMFSHV 2
VGOEEASLEKVHQWWID 3
VGOLPJGZZHPINE 2
VGQIHYCVOIIVOWNGG 1
VGSSVTZHPTDBTLZWSSBA 2
VGXUHMWLEQC 2
VGZTCUICWQDE 2
VHDASGKEWDIOKK 2
VHHPNGXZGAEUKPOKZ 2
VHIHLAKOMO 2
VHJECPMSBLUGZJ 3
VHNKICHNDN 2
VHPMYIQQNEE 2
VHSDFLMYVQVEH 3
VHVCJUNNPMA 2
VHYCCXYEANFGF 2
VHYVNKBSWMDOCG 2
VIBEBKAXDJAPRQILB 2
VICGWEONUXRVYP 2
VIJDDOTXBCIPLMDCZ 2
VIOECCOICIPF 3
VIOZPHGNJSI 2
VIPPLTDYDVQTFAAA 2
VIQGTJKCDFJ 2
VIRDOGCFHBLIM 2
VIRNTMJPVBIYAPITMUXU 2
VIZBKILIUZQYBHBGWO 2
VIZUQEMDFATGKW 2
VJAAXANTOJXECMC 2
VJASLNWPPTYES 2
VJBKYLEODTQVMMFI 2
VJDWTFBCPLJCCNR 2
VJGCNPHAKTJRX 2
VJGDCDHAHCJEKOSXEI 2
VJGFRRQIMPB 2
VJGTILKRQC 2
VJKAFIBYCTYCHFM 2
VJNGBGNCGLZKN 3
VJRCBXWDXCN 2
VJZHKCOCPAVRFHPNIVUD 2
VKBCQBOHNTSL 2
VKBGDQXPKXNTZFNX 2
VKHRUWVVUYHPQT 2
VKHVLLZRMJXA 2
VKJRFZRKRRHMZS 2
VKJUOPYJPMDNODTYQAQ 2
VKTPCLJJJQNIRWBIUJ 2
VLBUIQFBZS 2
VLHQDNYBILWQU 2
VLJDLKOTLESADA 2
VLMGPZDTFHRIQPN 2
VLMVDHMXRTMXKLVVR 2
VLNKXRMEUFDCG 2
VLSPGTYBIFTYOFKIQ 2
VLUKTKCLBQRIAPY 2
VLVTDGWPPOW 3
VLZMFLIMPCGYAGAYPLY 2
VMAUGMPDQIQGX 2
VMBPKUXINOWKN 2
VMCRHSUEWLAD 2
VMJBYKXPSIBMEBQHV 2
VMLIHVPLPRKMNEICPRZN 3
VMQKUWEYLDPZUI 2
VMRGRJWGDSMYLO 2
VMXHGPRXVZKGYMHHFUY 2
VMYQDCBJHBADS 2
VNBSUCXJQYKDFLGN 2
VNLRDHPRLGCXJXJ 2
VNNWOWSXFCSBNVVLDR 2
VNUCFARDDBPZSLLLS 2
VNUWLDDUHBLIWPJUQ 3
VNVBNJLISJPNMKQZGXY 2
VOCHADUOJCHKPTTXO 3
VOMYAXZIIFHLA 3
VOQXTNJEMDD 2
VORGGCAFVPK 2
VOWOWILICIPIC 2
VOXLADZVTNR 2
VPETQJAYJOAJLMKKRXF 2
VPUJNBOTJVDYCY 2
VPUUULGQZHYCTCPPEJG 2
VPWWIJJGDLAZQ 2
VQOVUJWSCPT 2
VRBOENFBONAQCI 2
VRFPAUTWXP 2
VRHFTOECNAYLELHAXZ 1
VRJAJCTIHOAGS 2
VROLFLEUOJKBCYIMECTL 2
VRVQOWITCEYCMUXOFFU 2
VSICETITUTM 1
VSKUJUGFHI 2
VSRDLOCWOTDLTNJTBBM 3
VSTOHHFAWAXWDLFJ 2
VTAHSJZJLQEMXV 2
VTCTAQLFENA 2
VTDXFXSQFSMYMRHV 2
VTEKBFKHROAC 2
VTJQZBKZZGNXVUZAW 2
VTKPLNRYKHYNGZMVED 2
VTQDSYOULTLIDMXYBAK 2
VTSRSRDLEDT 2
VUFEWQIPZPFZXYFPHD 2
VUFJAFVGQTXOKX 2
VUGLCGLPIGG 2
VUJYQTEVKZ 2
VUMNMMLSRJIVLEEDJMUJ 2
VUQFYCWBRDQWN 3
VUVEKYXYTEWGTFEJD 2
VUXJSNBXNX 3
VVFKXFPWTNFRLRIBA 2
VVHVDHRDMCYRXNVSX 2
VVPQGAZTRUYSWIMKOL 2
VVSUOZRESWWABCQG 2
VVXKXDCDSFLTMTVMHHAN 2
VWCIUYCMPRNPMUIAQE 3
VWEFUNURKGH 3
VWHCBCFLLQYQHUIVA 2
VWHFVBAELONDDBI 2
VWIJZDLKBUGVVU 2
VWMVZQISSZ 2
VWQSXIKXSNUXFIFJZ 2
VWRVOAQJGJIOHMNAUDDH 3
VWZRCTQBOXR 2
VXCXQMMPQMQRTXHNJ 2
VXDOMJRENEWVUUJMSLML 2
VXQQDHNMSJQS 2
VXUICSWKST 2
VYASGZXMKTZXPPS 2
VYSTZHCEBPCVDPAQ 2
VYYBMIGVWHOYXHZTXQM 2
VYZACWMZEBJHWDOJPYPL 2
VYZLAKIKQNC 2
VZGLZYWCOCCVPITEBTG 2
VZKUXRZVNGQUR 2
VZKYJPTUQBYRREOHJJXS 2
VZRKGGHWPCIS 3
VZZNJOWPUSMALSEVHQ 2
VZZRUPUJHQAPFOLVDF 2
VZZYTNGLGSUTGV 3
WAMHEWJVTDJLSNVKR 2
WANIGTTMHLPYCNFZFZC 2
WBRWNSAHRSVX 2
WBYSMCDQTGJFUPTFVAYE 2
WCBLSPALMKE 2
WCFHYTYEEN 2
WCHFTMHLDLBLV 2
WCHVMJAVJILWQPHEYUJS 2
WCMBAEGDBSQVHCWOKXD 2
WCSGFALVZAHZ 2
WCSKOKWVZPU 2
WCTQKDMHFFJETV 2
WCUZYCEZITV 2
WCVULCDMNWA 2
WDFTMLSASTMBSRKSEK 2
WDGNALPUMEIROW 2
WDOCNNEMYLQSYFBUP 2
WDSBMAAIEZQFUSCSMHDT 2
WDUHEBENUS 2
WDVEOLRTMJOZCBH 2
WDWSETBHVRSXSTRIV 2
WEJYYDFZBMMYU 2
WEPMAFNXZOYQZ 3
WEPOKGPCPXZMRW 2
WEVUNFDRPXRKLLY 2
WEXCRBJFATSIRQPWXTEA 2
WFBMKOZHFKCDHYAXEFC 2
WFQXHURBSHXANKP 2
WFRFBVAUNEZAZEWOWWL 2
WFXTKXTJFGRLMNWQ 2
WFYPOBDBBXUXO 2
WFYWNIKZBNFW 2
WFZIQZDZHRXZ 2
WGCEACLJPIGZBMXEGJVJ 2
WGDIQGNPPJ 3
WGEMQYOVBE 2
WGJCSDGLABRCYPZCORO 2
WGLHQETWIJBW 2
WGNAUWULPB 2
WGOHRPKSHNZJPKV 2
WGOQWGCJSEUNZBV 2
WGOWBIRIUVY 2
WGPKYZGPJUHUTJVCLTLQ 2
WGPQWTVHPHANODRM 2
WHBWBFWPTSGJETSHDJ 2
WHCOFHUOLAAGPTZRRYSG 2
WHEIYBZJFC 2
WHINQFIQFWEFHLA 2
WHVAQDDSYYL 2
WHWDEAFDDU 2
WHXGUNOFIB 3
WHYRICOMMK 2
WIBKLHVMSV 2
WICMMJREIE 2
WICXBNPFILZGTNOELGFM 2
WIDBLMTJHHDAJR 2
WIGMRMNLAUMNAQOAJVT 2
WIIZWGMEACTZUHZEXL 3
WIJHXFJEGX 2
WIREFWJRABVJYACGYV 2
WIVRBQIXETJYIEDMOXIY 1
WIWAUUQGUNLMCH 2
WIZOEBHTYCYDF 2
WJAHCGNODHAKEZVASSN 2
WJEAOWYDNIWEW 2
WJIRIPVYCRUE 2
WJJPRPZYQJUQJPFUVI 2
WJLBAMLLTWOJPZ 2
WJPJNSBFLE 2
WJPWQNUQQRHUNZYUPT 2
WJTNXPABLOHLBYDRZ 1
WJUZBUCDLHT 2
WJYIRBVLRMNHPCKKFV 2
WKGUVZSDFUEA 2
WKIOMLNIPMLEWIF 1
WKLNUXZOAYBWGXSRQTA 2
WKMKGJMRPW 2
WKMQGTKVNUNNWOIQSJ 2
WKNECJRZYIX 2
WKVGCQTRXDTSXCDJOP 2
WKXBFGRMUC 2
WKYQQDYFBKVUU 2
WLACEUCCHMEHAIJJOD 2
WLBUVGUPCAWCZKSYDGZ 2
WLDBCQWPRJRPM 3
WLFWNGDUIQEQCAPGWLGK 2
WLJMVKKCQS 2
WMHRCPTZYSEEJW 2
WMKMUJHAPZTS 2
WMWRGIVMSZ 2
WNFMCIVWXSRKEKCDW 2
WOHJIDMTZOWORYMMR 2
WOJVEMPEOHRYVX 2
WOKBGJJDHLBS 2
WOKKPQQXXSHQJFGMEPL 2
WOLXIZGVBE 2
WOMTGKLQUHE 2
WOONJZVNDLDX 2
WOWIFLNNAX 2
WOXBHNMTNFGLXV 2
WPBJHQWSRJ 2
WPEQTNMBMZUISXKBME 2
WPGCQLHKIC 2
WPPXDXGQSCDPKJMHPMU 2
WPQYRJWIJNIXXVRE 2
WPYUKYETYZZZMEH 2
WPZBXTWDFPQW 2
WQDZORZRQLAO 2
WQMXOOKUHERVXR 2
WQULYNQPDUZTTDV 2
WQVDYVOTTEZG 2
WQVERCRINQFWYWFVIXKY 2
WQWLJXMVAZMQNPDFXSF 2
WQWSFCXLKEKYVOFF 2
WRESDFVRDZLNTTSBJZ 2
WRUOPBVPAEHJV 2
WRWWMPIVWWHQRBYHIR 2
WSAQZOOINVEBGIKH 2
WSBOBBMHCWQQPGVTDKN 2
WSCTWVCVWALMHLDNLLO 2
WSJFAAYGMTXWPQSAC 3
WSKVWBTNQNRXS 2
WSXFEQKUWC 2
WSXWYKUIBCPY 2
WTCCRKJOAAV 2
WTHIFBMOADBOP 2
WTHRHJUYQBO 2
WTMOLPUUOUOERMEVLYW 2
WTNBYMRWMVGBGUGOCUPJ 2
WTROVNTUVO 2
WTSIHEZAVF 3
WUBUBSGABWS 2
WUFBFOOZZLHZ 2
WUKDLPGNTWZ 2
WULNVLQSMZNTAO 2
WUNVEQLSSNXXWCEZ 2
WUSPAPRAZVSYN 3
WUWUDFDTWLUGGLRW 2
WUZEHJBZDMVMKAZLQT 1
WUZINUPIRVBJ 2
WVCQFVFJZSGFYTVJSY 2
WVHTUURKDUWOWJFPIW 2
WVIWBGQNVDPQGF 3
WVJIODAOYQJ 2
WVJNUQJOZZQONSQAYKO 2
WVOYYVZQFGWWYA 2
WVVIIKIEMCXEEXD 2
WVYOUOXJXYLWRB 2
WVZBSYSRCE 2
WWCNJGBOQJ 2
WWHJHNPETTFQJWVRKV 2
WWIRZHFYCCABIZMXL 2
WWLAXWQAJATYAUEERYGP 2
WWOHFPEELBHEARUA 2
WXHHLUPWQSEOOULJYV 2
WXQMUCOTICXH 2
WXRYXJCBSAPDMWRJT 2
WXTAGAFTIPKUOJ 2
WXTXLRTKPVZZLBDJ 2
WXXBRDKQTVEKFZZY 2
WYASKDCOPIHYLB 2
WYEKQMVMHAUJZVUAFIUL 2
WYHQEJEUFHY 2
WYHRFTPTKU 2
WYKZLHRCMWGITSMX 2
WYLISBZXALWVIVVOUIJR 2
WYOQVCTABFHNDIAD 3
WYSAGHQXOEKZLYECZF 2
WYYDKXADFEUCGGEMNZN 2
WYYXZDKACXQTZWF 2
WYZHFCULMTJSQXON 2
WZBAQISLMOWPU 2
WZBUNGEMBSIKXRIXYTN 2
WZHWWKWNYWSRPOBZT 3
WZSMDIQKPU 2
WZUZULFKDNDVIZVKP 2
WZWVMGYJPDNDOXMS 2
XACJOOHKGHKWY 2
XALCLHBKVUMDZWTFS 2
XAPYDDTLGFJSRETZYZHQ 2
XARDZACMFB 3
XASTXAUDYKNQARY 2
XAUZDMMWSBICSLCKVOG 2
XAXPYGGBBQOP 2
XBBWUXZZPQXAXHOJY 2
XBFNVIZOEDLTDUSCK 2
XBJCKNHSGNM 2
XBRNVEKNED 2
XBTOARBKFBKGFWQD 2
XBZUWDXTSOJIFFEWDK 2
XCFJIRHPHGEIMFXG 2
XCMNPNGRLTNFHHFZAXYC 3
XCRQRXRUPRITXEOKOMAS 2
XCSMXATPRLZGUYGHNXXI 2
XCTHZBXOOF 2
XCTLVYVXHJAV 3
XCVPFHXHMWRRVYABMM 2
XCXBGGJCXCGWRID 3
XCXEAOKTHXHSBTDLU 2
XCXSBEVDNNNSXESV 2
XDGLPJICDCCYS 2
XDJRFYWPCGBYAOIZXGW 2
XDKMYJXDHZR 2
XDNDQARZGGXZOI 2
XDPTDZCMEW 2
XDSOHUKZDNXBSISGDGQF 2
XDWSAZVFDZLMLMRVR 2
XDXMFSKEROGZEXTJI 2
XEBRGXZVHECKQOSPTFI 2
XEBZZAFKNFQXNZ 2
XEFJHIJQWOSRZNM 2
XEJJQJVYUVUTYLMTXYWV 2
XEMEZZQVHJ 2
XENQYIYPJDMTWRLEIIU 2
XEOSKAZBHG 2
XEPDTMQGUWQ 2
XERGAVKPQJGZTPURIP 2
XEZEWJAKCMDTHDU 3
XEZFNRSDJGP 3
XFAQBSFZFEXPSZTFGP 2
XFDWXEJEUTAA 3
XFEPRUXRIQQIZV 2
XFIGRZTHLKLYGQIX 2
XFJBYEFUWIZZBHEPOPHD 2
XFJGNSPATLYWSEQLHW 3
XFRDYEAKHLPEEFETH 2
XFVJDOYFETOAYXAIROL 2
XFYNCPGFHHYYQGXR 2
XFZSEKZKYW 2
XGBBOKRDDSZD 2
XGCLHPNTEAKOIFWM 2
XGJBGBFMRZ 2
XGJFEHMKPWVHNXTVZQV 1
XGLZFSQZCUEZAWAWCMTY 2
XGWQJFEIJNQMUYFMLHTL 2
XGXDVPIYHKOW 3
XGYEAQUPKTCRZJRKUV 2
XGYWBGMJCD 2
XGYXYEXOMFZR 3
XHEVYFBAXV 2
XHEXEKGUUE 2
XHKIPVUDSAT 2
XHNAWHFPCLDZLRKUA 2
XHPAHHUAYXIKCSUPEHI 2
XHRAMEXMICYF 2
XHRCHVRZVQTHNW 3
XHUITZGDBXSNPGXCWIXI 2
XHWHLMZBKHD 3
XHYTNDHDBVAECVSXCWON 2
XICRPQNRTHQ 2
XICSRXGPSIBZ 2
XIDGJWULBAMXPDRHJJLT 2
XIEHEDHZNTHVBTE 2
XIFETHKVPOFPQ 2
XIGJWNJPRNTIOGQ 2
XIOYRUXXZVCWGZC 3
XIXVTMHFLLRVU 2
XJBUJXNTENA 2
XJCFTHZQYFZHDNRAQXXC 2
XJCXMNUAJOR 3
XJKITWPUVZ 2
XJLKDXJFXLQEK 2
XJLRCUZNEZBZF 2
XJNCXBYPGT 2
XJNUQTBONR 2
XJVUGEMXXZQCT 2
XKJOUYDNSFYPQMUSAT 2
XKKGAJNBLA 2
XKNFYUHHDA 2
XKVQXUOSBJALPH 1
XKXBXPLBMT 2
XLDKMRKXPIIEQBMS 2
XLEUUVWUAVGMZN 2
XLGKIFLIOHMVGMN 2
XLJIAGFDPALFMXXRO 2
XLMVJMSWEFBZESZNE 2
XLOGNVQSEHBGL 2
XLVTKVUEQEYA 2
XMGJUYKCHYXWGIV 2
XMMYVSLKNT 2
XMPLIJYFQHMLLNHNLCPB 2
XMURXQWEOLNDOCCGWIG 2
XMVFBVLGSKUV 3
XMZCTYSMGNP 2
XMZDMYTEWG 2
XNAMRHIRGNH 2
XNDEBVRJXKRIIE 2
XNFRQNMOMT 2
XNKSWCQUTXZO 3
XNLEAZPQAHADRXC 2
XNPEACQLJCLG 2
XNPHKBJCAZRGGOESV 2
XNVGNBDYFS 2
XNYUNAUXZR 3
XOJXXPLKWDGMEBE 2
XOLBIDYKNAPQHKGPLR 2
XOMXRXZGOQPCRWHUXK 2
XOMYXNGTBAY 3
XOPAFGNQPASAHMXCZ 2
XOPEZRPALIBLRQ 2
XOVRUKGLOTRFQMMGJTM 2
XOZSJKPBNU 2
XOZZMFGMNMFSETG 2
XPJRDJLPPUWM 2
XPJUAKNOXX 2
XPNLEWYIJBSZ 2
XPRQICGEHDJTDOX 2
XPXXYFLDIWJ 2
XPZEUJTZBOFTJEARW 2
XPZHXXOBRXQYRYPBGXYN 2
XQIMWUXKMDZZXXJG 2
XQMZVDLVKHCUZ 2
XQPUFUDFDQBXHWVJZHV 2
XQPVYMGPONNHZEFMMIYD 2
XQTCLVTPIJGFMVOD 2
XQXYBOSXGMYZILK 2
XQYVTRYHIYPI 2
XRAPDOPTGJQYJDA 2
XRCDLZHARYZK 2
XREVSAGWCUVBXKLWPH 2
XRFQGMTUUMDXANSEAOOQ 2
XRGYXUYRYW 2
XRIMUWWFCEPPXI 2
XRLVIOTVRM 3
XRMAQOOTBYHUHGJ 2
XRONRLEDEKI 1
XROXMQYAVQGNCHZMNCQZ 2
XRSRLMFUYFFN 2
XRTFROZLYUMAOESNQQIT 2
XSEEXAZCXNLAOZH 2
XSHRLQPMLCD 2
XSIUZHUZCX 2
XSORMXXXRFEVPQMBCDSZ 3
XSSFAJKXWFBZBLQ 3
XTAYEWBCVFNQWTOJ 2
XTBHRHDKUGNK 2
XTNDHVFGQXO 2
XTPCCCOWNW 2
XTQARYTUDOZO 2
XTRKFWUONEHF 3
XTSDMAVPTQFDYR 2
XTTJMKPMURPDBR 2
XTWDICIONRUS 2
XTYOGOVMUTVAT 2
XUKMSLHCXUM 2
XULQWSMAXLPZHVPKRM 2
XUNOKVYKJO 2
XUOHLYXSORVCRBUX 2
XUQJRQULHCMJBUYTMGH 2
XUUWDODJNAOEGI 2
XUWAHPEJBHBROSFN 3
XVDFIGUTUICYTYRWB 2
XVEXMQOIGWDBHVGS 2
XVGNNKMMXQ 3
XVMSJZGNUXEWLCMU 2
XVODPFTJDBP 2
XVRFFXBEWRJGXXT 3
XWDTKWVNET 2
XWFGJOPFVMYSBVXVMYC 2
XWIDDWQTZULUWYE 2
XWLBOQIQPLAD 2
XWNNBRJEALWP 2
XWOZAEJENIOJ 2
XWQPGJNOZSKK 2
XWVNKWKASSDZABNC 3
XXJUOJFJHWXXFLLKIHMY 2
XXTZLBRYFOSII 2
XXUZLOZEFEVUAVQIRBJ 2
XXWGHKGKFD 2
XXWMCCDPRU 2
XXXIYEUFWIIYECJHXZH 2
XXYXODCCLU 2
XYCDRFSVMRN 2
XYFWFGPZKNZHBWOHM 2
XYIKLXBVSJAE 3
XYJEZEEWFVKXFG 2
XYKPNOOEQQPCPVTCAFLC 2
XYKQCRYFTA 2
XYQSLKPNSPBABPDMBRON 2
XYRCSKXKUF 2
XYTAVORFYYPWUSUTUGG 2
XYVXVADGJJJQCJUV 2
XZAKNFWMEWIATU 2
XZBIUREJEDXPTRALLIQ 2
XZBQQUYMES 2
XZCNSGYPZPAK 2
XZFJRKMFKG 3
XZMJOYATAIDHLQQB 2
XZPOSIWWVCT 2
XZPRQNXCHMWRC 2
XZPUTSYOYMDNGD 2
XZVYGLPMJGSIONREX 2
XZVYNXBKYEAZ 2
XZWKHMCNJMJRCBYAJRN 3
XZXMHOEECBBIHGHCZ 2
YADINQQYCIN 2
YADNQNUXGJHJDLKSDJTU 2
YADTPNWDRTB 2
YAFYBGVKKVGPLMIPDIKK 2
YAGBPDZCVAWENT 2
YAHIOLQLYAWHBZZP 2
YAIELNVIRFB 2
YAUSRZMWTCTDNSHTMFML 1
YAVWQMAJZWTQM 2
YAYSQNQCZXJBECVUAVRB 2
YBBIBXJDZRATKHFJTOM 2
YBCDUORJFCWQBXND 2
YBODQNEPLQQFDIFLVKHH 3
YBVASYQITXRJX 2
YCCVCZUOGKAYCPZWYOIX 3
YCDJPUVSYOYOVJLMVWEB 2
YCEXWCQBYKCRW 2
YCGSYLKRFYTES 2
YCNKXTDRISWGDNHDKXE 2
YCOHLWVBCSWYRAFENLF 2
YCRDCPVYWVTEPJFFAU 2
YCRZRGYDQVBPSNNNGKY 2
YCUFSBTGGCPPG 2
YCWGFCALSCG 2
YCWKIUQKXGOOFUYVUF 2
YCYRRQXMQPXCOAVU 2
YDDPPFBSNXZ 3
YDFVDBDJKZVZFNHTWYD 2
YDJFBMUDXZG 2
YDLAFJMMASDZZUVXRUL 3
YDNOCEXYEKLUJIMGADYI 2
YDRNNMVKXC 2
YEAHASJETJFS 2
YEFVUSEPTCMHDI 2
YEHYIDRDSOMQGK 2
YEIBDLQDXNRQQ 2
YEMCPADYOFPYQEBXEUJ 2
YENQUCBVMKRIGP 2
YEPJREMBTKFXO 2
YERBNZXVBRXE 3
YESBWTQANIWBS 2
YESLQEPZIDG 2
YEWFNXIWOA 2
YFCUUIDLPLWFN 2
YFGPBNECRIHTMK 2
YFJCQBTMTDPSAG 2
YFTESRYVWNYMHAFA 2
YFYQHUALXM 2
YFZTJAYOFE 2
YGDEAFYHWTYHZXEUXJI 2
YGDXWUMGCCOXH 2
YGFDBHQGIOJQ 2
YGGGXATZXGMOSS 2
YGMMITPSTCNEOJUU 3
YGOXBBGIPLLL 3
YGRLVMBLCXTOYNC 2
YHAKAJQUXCMEMWBTU 3
YHAVBJUGSSSQYFZ 2
YHDABBWHHMJIFSYA 2
YHFHBDCLAVYPXYJBG 2
YHGXNEOIJSXWHUI 2
YHJFJFDMNQRYEB 2
YHPMPBZTJAJOMCORYMX 2
YIJHXYKGSFREOSKX 2
YIOCCBCIXMLPYXI 2
YIUFMKRUJJVVF 2
YIWPTULJFFJFJUZXOR 2
YIZBJIYPXPZIH 2
YIZPYFBTJLPJ 2
YJGXSGWQCEBX 2
YJITNVZLCSBQF 2
YJKZOSTCWF 2
YJLIYUJOEO 2
YJMEHAHQUOY 2
YJNPVHPAZCZ 2
YJPGPSDRYFP 3
YJPQZRAIUNGBTPGSYD 2
YJVYIQIUWRJBMGO 2
YKEALHJLXZVPSMLFEDNC 2
YKKEOOYFRACLQXKTZR 2
YKKLFHPIFBLVTZHRSA 2
YKOZBFKDVRUEMPYNXUT 2
YKVREPQUASYVWF 2
YKYVXTXZKL 2
YLDIBIAIEYNZJ 2
YLJETCWZXPWBZ 2
YLJIXQJFHBKKLOCLZ 2
YLOJSWXZHNNO 3
YLZAGFZKSIS 2
YLZEDXSTWVQHJVLM 2
YMDEERXJICWWBRUQYZO 2
YMEKRNZDYCXDEWJEJOWV 2
YMIRYWJYXM 2
YMMKKHTBWT 2
YMNMOUZAOAQAFK 2
YMOSZAZMOHSXCQ 2
YMZCRAZPKGITSETQ 2
YNBEQXCMGGPTINRY 2
YNEBXIFGJOVRRIRFOUNI 2
YNFGSJKBDNWDEMDSRI 2
YNJGVXIYVPABCG 2
YNPYEJPZQUMXQA 2
YNTYFADLCJBTXE 2
YNYHFPZFTFJJ 2
YNYHUYWAMELGEIOYQT 2
YOAAXJJYVP 2
YOABDZHCGYTASMRSAO 2
YOBAUZZUBSXEQBSFLBV 2
YOGWSMJTQOAUTEXNGAJS 2
YOMKYVAOLTF 2
YOQMUBSJMJXIPCAC 1
YOTIMZBHUQ 2
YOWYVSHKMXJZKUQUVUYL 2
YOZJAQYXXIMQ 2
YPESMCXIXAARKCNYFL 2
YPFMOQESMTWUVJDRX 2
YPIQQRPNEHIWQ 2
YPJMZORLTOIOXJIOXC 2
YPKEFYSBYDJ 2
YPOOEQMQEWNZYOU 2
YPTMKDFRBATVKCBZDB 2
YPVPIKTRTJNHIWF 1
YQBFFHRUSCSAHQ 2
YQFINVZLYJPYNRXU 2
YQQTLDUPPVKXMM 2
YQVPQBQBSPHIZZUYE 2
YQYCRJKNWTEUWITSQFJ 2
YQYQDHUAAXOP 2
YQZBMNMADP 2
YRDKQLXYYFBPLCBUK 2
YRKXGAWGAFXJE 2
YRLYRGPZTTHUF 2
YRNPDDQFVQF 2
YROXDJPRFBA 2
YRZPFFJYBBSKPEW 2
YSCHZWAQFXIZKK 2
YSKYIFMPKAWHIPOD 2
YSLKMGVEXNFRETIOLLN 2
YSQEMMZLKPYSTUKP 2
YSWISAPYDFQYZMYDR 2
YSZPHJOXHGZNZIKRJO 2
YTCFUQLVEVVIQXBNGM 2
YTCLAAXSHYFJ 2
YTDXOJRYUUZKAZEUBN 3
YTILIFIMJHU 2
YTULHWFNRVAEAZK 2
YTVBWWSXOGL 3
YTWSTSJBDMYNSLTCP 2
YTZDPSFAWACUL 2
YUCTFSYVVMTZZMRLYGGD 2
YUHGDSGUBBFHXSOV 2
YUMMSWKRVVLCWYAZ 2
YUOAOAANMJMEQNBSYJQX 2
YUWJAVINUOMKMP 2
YUXKAQOVYKXR 2
YVEOQUQDYXBV 2
YVETIRGMBAWRL 2
YVFPLKGYGYJP 2
YVFPLLZQNQFSHYF 2
YVHBBNCWYOFC 3
YVHTGIFGWJUZ 2
YVJFWNNLSKA 2
YVSJWLPDJKYUDYPOW 3
YVUCBKHOJC 2
YWAKERCTHPTPLG 2
YWDBHJVPZFAPTDQK 2
YWFDHDGBKFIDIOAKHV 2
YWQQCKNZSTXCPNACMJ 2
YWTHEMSKAWDKDRNHMKS 2
YWWGRYXGJZBXEPFPBQL 2
YXAAPAAHNB 2
YXATXRAORIBPOEKCYWBD 2
YXDTUPAVNDZOJCPKQPUK 2
YXEENXXJEVKXNU 2
YXGFJJCLDDMHDMS 2
YXOUUJMYUZHYCOHQNSE 2
YYDMJOZMKCGZ 2
YYFNNFYKSFZLBAFNFAJ 2
YYNCUPNQDPOWSOB 2
YYNENQWGXJINTEPLAPBF 2
YYOISOXUQZIYWSKADEWZ 2
YYORXPFVRMBAVX 2
YYPKOWNISTKQ 2
YYPURSTZMUSFSOEKDKMO 3
YYSRKCWTQPSXDBGXEPP 2
YYVLFRSAYM 3
YYZINCSTFV 2
YZHTXVIXQNMCZUCGTL 2
YZIJCNIQIPFAUHCUFS 2
YZNCPNWGIFRSIKDD 2
YZRAMTZLUIXRTAX 2
YZTZLDAHURIWAPLX 2
ZAFAWJHXUZKUGURMFSQ 2
ZAHNAJTVJDNC 2
ZAJACYNJJZFQGFEGYIG 2
ZAMGSMOSDNLYZQFWH 2
ZAQSXHOSUIOCXNZDUH 2
ZAYDDNKFQNYMYZBEZIR 2
ZAZALCJGICGYFMQ 2
ZBAENWSTJWBTNRPZTLXT 2
ZBDKYYNQPCGM 2
ZBFRIOIYWFSBP 2
ZBGKFMWOXI 2
ZBIJVJDGOBQ 2
ZBJAKDGFXZ 2
ZBLKMWXWRGVGUUXVIEPE 2
ZBONYKMJPEBLVFF 2
ZBOUWGSHFWEBHVABPXYT 2
ZBTNMSEZXFRP 2
ZBUBGFQBTHNVZHEEQDL 2
ZBWFSTJKNKKA 2
ZBZMJFEZTNKYYOL 2
ZBZRFJAAQUK 2
ZCCIXRYRVLVWPNP 3
ZCFENKULQE 2
ZCHYDZKLRMY 3
ZCIOOSMJQMXMC 2
ZCVGQINIGFUWGTECIPM 2
ZCZXFQLAGMQBWFDCVEI 2
ZDESMKVJZRWUOR 2
ZDFVKJBAEKYJRFVNCNK 2
ZDGSOCMPOTGGMDZD 2
ZDHHIHVGJVPILQGJH 3
ZDIATZLUPBJ 3
ZDLWSGCHHF 2
ZDRBWKPOJZFPFIBQYR 2
ZDSKKQQZAGFB 2
ZDZNYKMIBPGTDETPM 3
ZEBCQVOBMJLKAFFG 2
ZECHDKHWSZXDQZIBSGR 2
ZEKJYMPYQBSP 3
ZEPLWOSNOTIXBCDG 2
ZEQOTPTEWNJUPZVJYO 2
ZEQUHGEQONKZIJVUUYVZ 2
ZEVOLIOVKEO 2
ZEYBYUJPPADIKRVTHC 2
ZEYZZIUTIREHUJW 3
ZFFEFYQPCNMCK 3
ZFLGZBTWHOTQ 2
ZFLPRINEVNYWMEXE 2
ZFMJWBQLHXVDGDJTXRMD 2
ZFUROLEJZYNDP 2
ZFUSKILEPDFRE 2
ZFVGXAJCJOX 3
ZFZEXWMMYLBR 2
ZGHGNPRCSKJIAZYCGVVX 2
ZGJNDADGRQWCF 3
ZGJQWRMOZXKNCJEIMKNV 2
ZGMBYCGMRIQDCWAVYS 3
ZGOBBSTMGGGPXSXTAA 2
ZGPSTCYFKZOSSPIK 2
ZGUFCRIWGJGW 2
ZHELOLCVZDRIWFBDPQRX 2
ZHQETSUQPJFA 2
ZHRQDAMFKKYP 2
ZHYXGVTOXICIZJRG 2
ZIAERVPFFFDGREC 2
ZIDJYKBHXJXTUYENUUL 2
ZIDSTPHMSNPACRORMWU 3
ZIEZXEWTROTPSWD 2
ZIFUSKDMPLR 3
ZILGBHCYVGKFW 3
ZIOCHEZPIPOAVTFYHLB 2
ZIRUPTIRJWIGRNDE 2
ZIWXTESWDZ 2
ZJIHEPBHXRPRAPI 2
ZJMTCKRKOBY 2
ZJTWMPAMSELTSHSAAZF 2
ZJULICLZMTJMHCHEYFIC 2
ZJVFAYWDZIKQUGUJNW 2
ZJVWGRIMVUEQIZ 2
ZJXUVUJVYPCGXPGMDU 2
ZJYLOGTGNODU 2
ZKBWJZKWHFO 3
ZKHBAMYMWBXGDNW 2
ZLCHUPNKTTGFWOLEYCB 2
ZLCNLLBSCLRXQMVRTKLA 3
ZLFRMDJFKXPTI 2
ZLFZRUDTBSQENSR 2
ZLIDCHONPXHRM 2
ZLMNTAAMDYW 2
ZLUAUOOKCF 3
ZLUCOSMRSDUDXHZDLO 2
ZLUKGAIRXOFCJWGLAMRN 3
ZMERTMWHBCQOVZRC 2
ZMKQKHKVBA 2
ZMLCLDKKFFVJSZZXGBFF 2
ZMRLZEWQKUG 2
ZMSENEGHHFCDDSSD 2
ZNFSOOJILIOY 2
ZNGHZGZJPWUDEENRUY 2
ZNHADKUULPPSZUOMQI 2
ZNMOZNLUWVWERLKBHKU 2
ZNNTXLCXCMCQYQCKDR 2
ZNPGIDOVYNLMSH 3
ZNVSWDKMKPSRGQPVVB 3
ZNWCBKOBNGHJZRITLEU 2
ZNWOKIRBTPHKCSH 2
ZOBMHRWMDYZGDRWNR 2
ZOCDZDBEMJNTPNK 2
ZOHWJZPQFUR 2
ZOKOWJLRXRJTJ 2
ZOWKQLPJQGLJPSYJCHQ 2
ZOWQOSANXI 2
ZPHHYXRBVFZFPMBPKWX 2
ZQGRTIEJFOEHFFQ 2
ZQJVHSZLFJUQ 2
ZQKEGCMSCYE 1
ZQKSEJJELUUUF 2
ZQMUDMKLCSSYGZULC 2
ZQMZJNNXNDETWL 2
ZQNOVRHCQKIWR 2
ZQOQDROSDU 2
ZQRQTKXJHWQLCIRPDU 2
ZQSAYOGHNXACZCUC 2
ZQUCIYEJUCXI 2
ZQZOXTNIGGIUIFZJLPJT 2
ZRESOHEMDDWZKJSA 2
ZRIAMROCASMFT 2
ZRKEGPSEZIT 2
ZRKZASAXXRAOFJQIGPPN 2
ZRMJHRTLUXABTGTQOJVX 2
ZRSUJAIXYOSUKD 2
ZRYIHBUDJPWBCLKC 2
ZSBGCCLKGQ 2
ZSBLGKIANWGXDYBE 2
ZSDNTLBPRJ 2
ZSLIMLABWEPMZZHSRQ 3
ZSMLTRTEGUCAZ 2
ZSUMGDNRDQBNNLCBEI 2
ZSYOMEEXXMFZ 2
ZTCNUJXHRSLL 2
ZTDMXWOIPOYBLSVX 2
ZTIGOMDBTLKXD 2
ZTJLUNHZXVNMMLS 2
ZTUAHUGWUEZBAKGEZ 3
ZTZGJLAEKGJKNE 2
ZUAYVCNGJEMYGZTNB 2
ZUIHZUFQHA 2
ZUIKNNFBPULRLFULW 2
ZUJUAPCZJGWKTZVLQPVJ 2
ZUMTUPRBHMKRBV 2
ZUWZZKRJUUVMPB 2
ZUZIAEDHCX 1
ZVFDGOEERDXHTQHP 2
ZVHKDMNQCSUIKEQZ 2
ZVNGQXRUHYNJWAS 3
ZVWGPKYSWEFJCEJVPRQA 2
ZWDBRGLOSFP 2
ZWEVNXWUJJO 2
ZWJAEGABRFALISSH 2
ZWKDNUVCACNQ 2
ZWOMQXOXPWSSXRFIVJJ 2
ZWRJJXTOCBZ 2
ZWSUVMNTNKVQVOU 2
ZWUNHTOALVXFP 2
ZWXLUWXMROMGOPCLAXZW 2
ZWXOGRETWRA 2
ZWZTWVMBWN 1
ZXAKSXPIUZEDCEYE 2
ZXCPDTAQDUVUIZLBY 2
ZXJWYEDCJQSXIHS 3
ZXLGYGILMTDDTKSMI 2
ZXQKCABGPJF 2
ZXQPDGOAPZPAHYAFKOCL 2
ZXUIQNILQRSUBKYUZJ 2
ZXVUFUSRMRDFTEOULJK 2
ZXWQPYUVEZAGWUBF 2
ZXXBXPDTXLB 2
ZXXHQASEZFH 3
ZXZADIBKKUKUZXKNYOH 2
ZYBEIDDDZHMDPASIWL 2
ZYYQAODWMAIGNJ 2
ZZHYYOSNTGZ 2
ZZOVQIHZPZKBBGFCG 2
ZZPSQLCXJZYHV 2
ZZQTXMGIPGMWNKBPUJ 2
ZZSMLVIYIXFE 2
ZZTTQYHFZXFPCP 2
ZZUOTDDIDJCWOKKAPZL 2
ZZVTADKBECCTNF 2
