AABPNSNQQFSAZYA 2
ADHZNUHNIAXD 2
AGICNZHEELJNDWGZZ 3
AJXJ 2
AMXQGBAUJE 2
ARWAWQACZ 3
AXIKZDXRSKNYCOGU 3
BGFPHZKTRXHHT 2
BKMMOBRYAM 2
BMZGTHKAWBIPRHCPVN 2
BPYHVQ 2
BRFTDAOGZIERZZFJFXO 3
BXQJRDXNGY 2
CBRWBMMJAKLJ 1
CGFPOFGGVOSIERLJB 3
CGOTUFQUYYHQGOPL 2
CGWYZCIYBSCAIPBIU 3
CLS 2
CNGDOVWPVPULRQNTTM 3
CRZPELIRAJJFWJRUEVKH 3
CVEKRPLAVLXMZLFNV 3
CZUXDJAPU 2
DAQUDQ 3
DATJQO 2
DBMNUS 2
DDOBPGGULXLIRJV 2
DGHQSIGKCUF 2
DJULSSKATKPNLUGSZFQ 2
DPYB 2
DRKQOR 2
DSBSKVTDXSW 3
DSXC 2
DVNBYDTIUGFHCZN 2
ECRUPDR 1
EDY 3
EERDZBNLRVDVSCI 2
EFQMZFBDHFCRZTPL 3
EHDVPTIJOCRZRGFC 2
EKGEYDOHTAGXKXGERIG 2
EOWQNPPRNPOJSYILAG 2
ERDOS 0
EWVHGO 3
EYNJFLXHXKWSQVHVZ 2
EZHREDAGEPVLVAGHK 2
FBDVPTYTTPZHP 2
FGGXZAWZEPSUMVBGEJ 3
FJUHBRKUILWMJITJYHGY 3
FLJXCGYZHTDFMY 2
FOBTCCBZLCEMLKPLPWRW 1
FOTMGALQTCNDLIVQFKS 2
FZIZFWNU 2
GBCGUTVBHBNFDCLKEAY 3
GKSQMBLRYDYGVNMQBE 1
GUWOCQKIRWVNP 2
GWQ 1
HAKWBUSJVLFKTD 2
HFEGPRGSOZLYM 1
HFJUWSZFVLIP 3
HGYDERYTTHJS 2
HIKQIQE 3
HJNMUIQRLPJVIMS 3
HMFEUNCJWGIYA 2
HMXLNNDXYVHZVRFCQ 2
HPFOCCFJRNTUCFL 2
HRHTGSHPVRGOKTSSILPN 2
HVDXKNXMDVKXGXH 2
IBBI 2
IDIIGYWBLORQJTR 2
IFZFHQDKMPLMHD 3
IIAZIANTGGSIQG 2
IPGZEOKJG 2
IPZGKDRLZ 2
IQPD 2
IVPANBBMIOMYFXJB 2
IWBVWBQ 2
IWM 2
IYMGUTGRKNUDBHRMGV 1
JCODKXUJ 2
JCYHLVMZW 3
JISV 3
JMBSCIGR 3
JPHRQRRBYU 2
JSGDNAYSRGY 2
JTCEBKWSAYJ 3
JWJNZPMPVXTGN 3
JWMVZ 1
KASA 3
KBGQWMWJV 2
KERLNLQAIQMUT 2
KFA 2
KGFZGIWXMNTAAGPUV 3
KJYHDZHEWF 2
KOMWLUSGG 3
KPESKB 2
KTFWJVQWLTTOF 1
KZS 3
LDWKTCSNXSHISPQAR 1
LHANRKVPTM 3
LNWASIWAQWCULZASQWG 2
LOLXCGZEPPZKTIYTT 2
LPYTFCHIYRE 2
LQLMXWRUN 3
MDMVAL 3
MDVUBAZV 2
MEFV 2
MLXL 2
MSJ 2
MTZEGQUSJSCWSIJVU 3
MWGTTLMVYBOZSSJPLOQ 2
MZCNIUCILR 3
NDTNMMSSZQAXTUXU 3
NEGFVJ 3
NHNRB 2
NLKTNOZSDNYLVTC 3
NLZAFIQPKPUDILIDNL 1
NPXBGVUOZBYZVCEGW 2
NQB 2
NTTGFSLJXTOCMOVB 3
NWEGPUOYNOTCCGZOEJ 1
OEKT 2
OGLYVWQJQRSZA 3
OLM 2
ONNNUNNNQVBBNSIJQIZ 3
OQILCLINKQMSBI 3
OYBFICGQYZUSTTFZCE 1
PDSQ 2
PLPBLFLJKLCHVXGAZO 2
PMOQNIVJVOOGIVKZHEJ 3
PTSVOYVCGX 1
PTT 2
PZTLRJGA 2
QCUSXLEJZBXADNIA 2
QDP 2
QJGWQNETA 2
QOEWYGCOEQMPLKD 2
QSCNEBMMAOKVFYRV 3
RALQBHSFZKALFDR 2
RJJTHPGYETAAE 2
RQQUDHU 3
RSMJGSFGAIXG 2
RVJAL 2
RVUVFRGGDEWJ 3
RVUVGYMSCFDR 3
SAO 2
SJGDDEWE 3
SKJIGBTYFRSPAQJAATAZ 2
SNFOYCHXOCQ 2
SNIK 2
SQNHMFKYAPGGZMMZSDJ 2
SQRDCCFMYF 2
SSOTMGM 2
TASJXHFIAXVVQKC 2
TATDGFID 2
TBFEPCROLKPCKE 2
TGTYICNJVZCHHFPPIYAQ 3
TPSLBHEUNMOBV 2
TRFTACCMVOUREKXZKE 2
TTRYUEIZUBL 2
TYHROBB 1
TZECHYFZCFNXOENII 2
UBOFFHSXWJTEKVKEOF 2
UCTK 2
ULQBMNDZFFPYZKMXHQ 2
UNFBLICIUFVS 1
UOIDGUWII 2
UQMJ 2
USRUFTPNDKFLIUNPDA 2
UYBTRKMM 1
VQWFAATBGOISQHWYYNHA 2
VSSGDJTUFMQXOFF 3
VUYLG 2
WASABYSRK 3
WDQCNNQYREKXSF 2
WHQATE 3
WJQIZNKAFVI 2
WOLCMKDOSBPN 2
WOZEKMUNZJRYOYN 2
WSCWABE 2
WSQKBYHLA 3
WWLXCPOGJ 2
XCWYWWB 2
XCYVPNVQICBWGGUDRC 2
XKUQVLASUOKPJFH 3
YCCYJHAQMW 2
YFTWLNYBUF 3
YHEDAFFEETIRPBZMQBA 1
YIGWZIAAPUADQFEZY 3
YIXDMZ 1
YNGCZCTTNWATQQFHRAV 2
YNGKPT 1
YRJMKBVDUFWCY 2
YVBTCWRSAJCK 2
YWW 2
YYJEZ 2
ZDOM 3
ZFDAX 2
ZFSQKLQRCGU 1
ZJSOAPPHMKVNNTMIYS 3
ZMCCQQFFYLALLNTEY 3
ZNCVGJV 2
