AATMGHMYUMEARUF 3
AAUIJFBGANZNSXD 3
ABCQBNGFWZNU 3
ABEERICVQYF 2
ABYLLGICOJCYZFE 3
ACAWDLCLAM 3
ACSPBWEABUCJNTNZ 3
ADJXU 2
ADY 2
AEAZDDFNUJ 2
AEAZULQFPBSTIVRAX 2
AEFTPLVCXNGFEUMTARH 3
AEQRQQ 3
AEUWPFZORQP 3
AEXUYKQEHMTGGKXX 2
AFAOTVZJRRKWGOR 3
AFK 2
AGCUCNTFKF 2
AGTJ 3
AGZXLHCIWMM 3
AHCFXECFKKPZDTVMRWHA 3
AHRXE 3
AICQ 3
AIPYBRUHKFMZMPVJDF 2
AIUYXXBYYRU 2
AJA 3
AJFPDPOOWFDVDH 3
AJVQWRZBGQDNFW 3
AJYBXRTFRUVFP 3
AKVQGCNVSMKV 2
ALQZELBCPH 3
AMJVGFXOQOEKJCNRJ 3
AMZJPHNDTN 3
ANBC 3
ANCJHGHTJFRHE 3
AOSYKNQJNILAVBETSOL 3
APBNVZNC 3
APNBTAZWT 3
APQHJ 3
APSUKLKVQMUDRWG 2
APTZZMWUBJIGF 2
APXREAF 2
APZXFNITYJYDGEUHFYAK 3
AQALPWQLRCZNNSUAU 2
AQJBBLJTQO 3
AQUPEFBHOAQRCBSP 2
AQXTTUJ 1
ARRSHEWI 3
ASA 3
ASCPJYHSRGBFIY 2
ASX 3
ATBWULXGJKBSW 3
ATEESFMVBQQ 3
ATGXOYY 2
ATHKHTDJAFPMDFAFEFV 3
ATKZW 2
ATLRU 2
AUGTKGVSKSQ 3
AVIFGLPNFEZRKZJ 3
AVLCMSHOKUDYRKGOL 3
AVLRMT 3
AVYCWPUZNWOSLL 3
AWMJYILTUPE 1
AWNEPZUIULYVSA 3
AWSLWWLGYTBJFA 3
AWYGYFGZSHKD 3
AXHAVXCDUNWZCUMH 3
AXOQHBQIJALJTQKGR 3
AXURQHXXJTNLCMHPS 2
AYEPD 3
AYSZPCKGNHEGN 3
AZNZ 3
AZTDUUIXVONFFE 3
AZZAXXJOIK 3
BASDCOIWVOMFABRHYBQO 3
BBDCNQQGEYVGUKEL 2
BBHGBGNOXQITRBRA 2
BBV 4
BBWOTCRNHXHW 2
BCNAXIG 2
BCNNUFUMZPDQ 2
BCRTAPWLXATXHU 3
BCZXN 3
BDGBHFTEUFEDIPSGQJA 2
BDGNICPKQS 3
BDRADMFHETD 1
BEGL 3
BEHFJBRMT 3
BFJ 2
BFZAVFTSPGQETD 3
BFZWQYJY 3
BGDAWY 3
BGQWGJOATUZ 3
BGSDAOKYPDKOCGP 2
BHIGBHAXPSBGZBNZ 3
BHJEZYJUUOLBUAJW 3
BHQELYDCSDQ 3
BHZ 3
BJGSZLEJUXZO 3
BJLMCWETDRMPCRUDLYSX 3
BKAILNZ 2
BKGPHMQJSV 2
BKJSLPC 3
BKJWM 3
BKPOVSGHIAPCGR 2
BKYLYWONX 2
BLJJNJEXWLQZWSE 3
BMGV 3
BMNVPMITNPIGCQTMWMR 3
BMSUWWVLBLJUO 3
BNGXNLNT 3
BNWJCDDDM 2
BOEJTUWYGZ 2
BOFEIN 3
BOJLV 3
BPLBOHG 2
BPQAUTYMMLWZ 3
BRH 3
BRSNUUXR 2
BRYKKVBCFKRUCITOCDYW 2
BSBDOAWVWEXDZFAIL 3
BSDAKDSCLFQYZ 3
BSGYX 2
BSLBQWQAYTHFKLEMN 3
BSRHYZDCD 3
BTDGDXXQIRWHCWNNSV 3
BTONZCUI 3
BTRHIKZTYUUCZZULIK 2
BTUBDCAODXG 2
BTWRTYVYFYLPB 3
BTXCDDWWLLAWKRBELRAJ 3
BTZQWEDKVVELUSWIF 3
BUDAXXGD 3
BUGWNTDQPZUDYPNLZLX 3
BUZKVICMRFTB 4
BVZQGPAIW 3
BWJAIISDHUPNJSEZI 3
BWKXDMEMVDOOEWFNCDZP 2
BXIITKOSHETZSTTENHST 3
BXRKEO 3
BYHXVLPTVEQBNKR 2
BYOXRVALXGDDQ 3
BYWNBLGTCDAYO 3
BZC 2
BZTCPHETBP 2
BZZAANLLDBC 3
CADKN 3
CAHHKKU 3
CAMDZSYO 2
CASNBLKYM 3
CATBSVAY 2
CAXBUWYCCBUPICUQSWO 2
CBS 2
CBVJHEAONWZIXPUMQN 3
CBWAHUZUZUUGWCDAELKO 2
CCNVUDTZZNK 3
CCPBZAVNAYEXIR 3
CCUKCXPUQFSBXANJGX 3
CDMZIUQ 3
CDZRHEG 2
CEMRY 3
CEZSZJIGOYIMRGEGAJQQ 3
CFHBRUPVHCFRRKT 2
CFTNQZMEGQFIXGWMUAM 2
CFXDIHCZKWPIIIHXQE 3
CFZVYRYDKIRCFOEVO 3
CGN 3
CGNAQXPJRHZNIBM 3
CGNBFT 2
CIBFKKUD 2
CISCOVPJORXQBGWKZ 3
CIZEEG 3
CJSJAL 3
CKOQEXQWZXKK 2
CLAJMYTKL 3
CLLFNJMH 2
CLTQHALEBRSVLEBDNVZ 3
CLUSEAWDKIJAUNG 3
CMCLXNSWIHFELOYULCBK 3
CMEFRSVODAQ 3
CMGLPUOUKNZCHTYMQS 3
CMJBKOYFSZ 3
CMLNZWIGCWBXMS 2
CMSIHAESXPRIQIR 3
CMWGVJDGBZFAJD 2
CMYHNHZLQNFC 2
CMZXLOUJZET 3
CNJTAKXSKKWT 2
CNLIOIXIEOE 3
CNPFCNQBPLZWFCMHQDTQ 3
CNUNRVYAQROCGNJ 3
COPVOXCAKFMEKUXBCC 1
COZIYIBTFKLLQJCB 3
CPGBKM 2
CPJLLG 3
CPWHUFETMBJITR 3
CQKNDOXARCGKLSZORSFZ 3
CQQDLDIERP 3
CQYQZZV 2
CRGNJZBMLTGJPDUSPGND 2
CRJJSQQNEX 3
CSEWNQZGBBOSIG 3
CSKCFWLEFRHBRKR 2
CSKZZEPIDOMILVP 3
CSWRIMDXMXSPTSLT 3
CTCCHHCWWMSFH 2
CTIXARPDNH 3
CTRDSXVD 3
CTYITRCSJITZGVY 3
CUFPUKTMNJPOMLXEOTKM 3
CUIDGJPTC 3
CUIVNHJUQFTXLCH 3
CUMIBSXLGXRKLPIUWR 3
CVOUQD 2
CVUQDODS 2
CWPQTJUFRZW 3
CXERMTKQVMTAQGCLXIF 2
CXIZDCDYYEBAEQGC 3
CXJAIUIQTOGEBRFLIKU 2
CXQAUPFS 3
CXWVF 3
CXXUECWEJRSTTURI 3
CYMNYVDORAGGJIK 3
CYXDGUDLXRUHXIAX 2
CZZWTSONWRDEUS 3
DAFAIIHSNJOHEDGPNDBR 3
DARILZCO 2
DAYDMSYYBZBUP 2
DBLLROJBTTRIVAS 3
DBMHKFNRY 2
DBYCAKAHGPQYGZJSEVV 2
DCWFSIUXWSYQW 3
DEIYIS 3
DENEWMZVPM 3
DFFG 1
DFGWXKQZVHIPHM 3
DGIHSALBSKSBWPWJM 3
DGJVUMISXKWBO 3
DGPUQSSRWAPRTRVU 3
DGTOTXOFSL 4
DGWUJC 3
DGZDICRLETLWZAVNZAE 2
DGZVQ 3
DHCSMEW 3
DHEOWPMJ 3
DHKTMMS 3
DIMG 3
DIRDQTBD 3
DIYNVMNSN 3
DJTRZPPFKHHS 3
DJUQTO 3
DKJTNSYCPODNDI 3
DKJZVMLB 2
DKKNG 3
DKLCMOCMJNIXEVPLIXC 2
DKYRLRKSPSG 2
DKZPQHDB 3
DLOTWZZSJFUQE 2
DMERC 2
DMTGOYKEZH 3
DMYRPJXJCNBOTUCW 3
DNAVUKLBYYINB 3
DNQIXWNFZU 2
DNQXJC 2
DNVWDIDVTCMTG 3
DNXUSPZICAPJJJXKLB 3
DOAXRVSPUDIQQB 3
DOJYZOOLQUNVTLOTVM 3
DOLIEKJXWBJO 3
DOOCKTQTVIB 3
DORCAQ 3
DORMUDNXEZAFCYVUWCV 2
DOYEKDGJBMOIK 2
DPLPLHBMJ 2
DPXNMMVWCGSMHZJAEJ 3
DQQKKDFKVUFYT 2
DQRDFGHCKLIHQEKU 3
DRCVTFQRKJRK 3
DRM 2
DSB 3
DSCEYFPR 2
DSOQODTGNLOM 2
DSVDMPJITPLXAX 3
DSZAJVRMAHTF 3
DTTKAHOSI 2
DTZPPJQMAJMGZEW 3
DUHSO 3
DUHZHHJXCRYFRHGYJLD 1
DUQNBXZWPDUAMGGE 2
DUWSYXYVIRNDLZYZF 3
DVLETNIMBZGVLRSTRK 3
DVWIKMPIWAISVHGXQJCH 3
DWBA 3
DWMOWENTPCDZYJHPZEXG 3
DWPWZCQTVBKLPAODE 2
DXUUEE 3
DXVEMEJREFRCTG 2
DYBPRHWNNVVBCPPF 3
DYQ 2
DYYADR 3
DZDNYSDACC 3
DZW 3
DZWMFYWJ 3
DZZKDQIMKNQG 3
EABBBMSWOZK 3
EACZAH 3
EAEKPUMWDISZNAS 3
EAJKPLY 3
EALLJRCGKGSTXHQEGYPJ 3
EAMXDDSM 3
EAYCJTVRRTDMLXJUCTEF 3
EBELN 3
ECPBAVCGHYZIKGDRSYCA 3
ECXEMCLFNCBPS 3
EDASMPO 2
EDSI 2
EDZKHUWACCFLVXST 3
EELHYKHPHFOGYP 3
EEPUYCJGS 2
EEXVNQTCSUJKWLCALPQI 3
EEYYZTUUIMBKOALX 2
EFUYIWJL 3
EGECWRQGUOO 3
EGO 3
EHNEBAKSUQBTS 3
EHQFWIJJD 3
EHQYLDHWRRAONLGOH 3
EICXMBYIGISSYUMBJEY 4
EIDLBQXWVUTSZZ 3
EIFRYEEBXDSVWIHYKTJZ 3
EIIMNNMAALQJ 3
EIPBAWHEAZYABHG 3
EIXU 2
EJGZTONZDCKUURN 3
EJUWNOOZZMIUN 2
EJVGKUCHR 2
EJZTAE 2
EKDPTJBSQTWEGYZHTNF 3
EKEVEM 3
EKQTTO 3
EKSOOEGBMYXJNFYNHAFV 2
ELFVDXGRKXZ 3
ELWIUDRKOOF 3
EMBP 3
EMPLY 3
ENA 2
ENTHTOURPZNCIMK 3
ENWOONVDIZDKTHGIZIO 2
EOIVLOUXAGGKRFUPKHBT 3
EPA 3
EPHCZRTK 2
EPQOYLRGKMEKZKXU 3
EPTZPZEHHRIFPFJCWLJJ 3
EQEBHAO 3
EQX 3
ERDOS 0
ERNUQRRRVTSZX 2
ERXDAPMUZWIOWDY 3
ERYPKUSFKIDDSJJ 3
ESQKJMDHIZXCFSCVKP 3
ESWFCJLBMJI 3
ESZTB 1
ETCWQIKOSUQNARSTOPAV 3
ETRI 2
EUGREFYFWNGMOCOXAHS 2
EUHUKESOL 3
EUY 3
EWU 3
EWVTSQUCZNSJAB 3
EWYZPSWBKPLFQVAMK 3
EXCEOBN 3
EXDQTBFQRWPA 2
EXFUXIK 3
EXSXHKSYHC 3
EYKDZRLGRKVMFVIO 3
EYUSAU 2
EZJGZFNMALPQ 3
EZKOV 3
EZQDYACWPDLSTZ 2
EZUDYBVWFFQUJH 3
EZXCVSQHL 3
FABZNOTIYHW 2
FAFQVFMDW 2
FBHYXP 2
FBKHFGGGGIMCGDJFTCY 3
FBRHP 3
FCVNZCCCFGSNBHF 1
FCW 3
FCWK 3
FDASCCPQGBYHUMXVPZ 2
FDBAYVBZRTZC 3
FDWSXETAPTJCI 3
FEHUOA 3
FEUN 3
FFOI 3
FFQVCKD 3
FFWPMER 2
FFZUXWON 3
FGCZZEQZ 3
FHHNDQZJBQZAMZUHPJM 3
FHIYQQWIKMRQKF 3
FHKQNO 3
FHWAPSMVDRAMQ 3
FIAJFK 3
FIBGEHDAPAVDQDKUXJ 3
FILNETTJHI 3
FIWL 3
FIXBWOBG 3
FIXDTNOLAQSYHHBKLEZD 3
FJPKKYQATOAU 3
FKEBVUVHENGCERE 3
FKMPJQCFXDHKFUHU 3
FKSZBTXJFCQZ 3
FKTHPXMMSQ 3
FKVKYQWHWWP 3
FKXOHBLIHUPEDZOS 2
FKZ 3
FLAMNHZ 2
FMO 2
FNKGGKZEQ 3
FNOTVLTDAAH 3
FNQGH 2
FNWWNSZLJPYIAXWUF 2
FOKA 3
FOLNCQAORHAPPG 3
FOZ 3
FPMWLFQ 3
FPTXDZWEQKEKARGPTC 3
FQKMSV 3
FQRXQRAQSU 3
FRCERWEUX 3
FRSWY 2
FSCDUJDUMEHA 3
FSGAONVBPXXCCVRW 3
FSLAVVYTGEDPZ 3
FSMXSKPJOUYLBR 3
FTE 3
FTFXOENNWE 3
FTHCMOLWEAMNKG 3
FTNOFUUKIYEAKAFVK 3
FTORJXQZFOLBXMKHAYER 3
FTOSZLDKQUT 2
FUF 3
FVFJTKIWZYUANGPOF 3
FVOHHTTIE 3
FVQSQJCUASLELTC 2
FVUJLQM 3
FVWPUEDMJUIPQHALSBL 3
FWDCWWIABXCVS 2
FWE 3
FWUPGHMBTTFVGO 2
FXGUGVMYPKIYOYYHEL 3
FXHLNI 3
FYCSQZFIMVNPJII 3
FYJXSIKCDWICCWIDG 3
FZBDIUNDFZV 3
FZSNRG 3
GAHFEUIRKGJIIPYAR 3
GAQTZCFMWXSVZ 2
GATQXIKLUTDL 3
GATZJYT 2
GBGKEAUUVPXIIX 3
GBMYQFRLCEOBOJYDMY 2
GBTYXCHQ 3
GBXX 2
GBYLJ 2
GCGODAECOZXTLZIY 2
GCQUKS 3
GDJ 3
GDPIAEMZFEQ 3
GEAAGHQXEVUVPGNA 2
GEABQCGYDRACMJZY 3
GEMNOPDUZYQX 3
GEOTOOSF 3
GETDKBJKZEMBZB 3
GETMQFDFJTQHXAVKP 2
GFGN 3
GFKEHKUHELOZNLV 3
GFOAFGWLGI 3
GHFYXNVSAWJXMKAVS 2
GHZNDNJLQID 3
GISVUHUBVSTZRZR 3
GISZGKBIUDGIOGK 1
GJFZ 3
GJSX 3
GKDJMJLNEXSWHCRNAQR 3
GKMRMBOLWE 3
GKQMI 3
GKTUCP 3
GLLWDJARAHSOIV 2
GMEBCZSP 2
GMFMMZFM 3
GMWUSGFQWMPHXTJL 3
GNHKRBPCLBYD 3
GOACREKYNNSCIJ 3
GODKDCUOURBTPGWLW 3
GOFZTPBOZGAPULVYNC 3
GOGNOJRSHR 3
GOGZNWUHVXCP 3
GOIOBGPBODLUJDRJT 3
GOXXWSLVMYLVMFVAIOG 3
GPANZYASSTHROCLNZFJY 3
GPUGJXZA 2
GQKF 3
GQNCNAWHHLLAOAYDOKB 3
GQTHLRUILPJRVRR 2
GRCKPEAMXAYFOC 3
GRFHEH 3
GRQGVVLBPVQ 3
GRQWDCXBEAZBINIYLX 3
GRRIH 3
GTJEAKLSCGRNFNGFO 3
GTJMAHNJBBOYKXYFBRMO 2
GTJUSMXNAF 3
GUBWSPLHUREOUWGP 2
GUNO 3
GUQGJ 3
GUSQNFLDTNSYDIDMR 2
GUSXBSEM 3
GUWCWUV 3
GVHASDT 3
GVMZOHAJZBXQ 3
GWHPBOZEWYZOSCLSK 3
GWMJSXUDCNZWEZM 2
GWMTDSLIOMPUI 2
GXEKMDO 3
GXN 3
GYGGHNMBVDM 3
GYTEU 3
GYTOAROJWKSOALEURNQM 2
GYUHYWCEQPFXYQZETO 3
GZFRJMRJD 2
GZJMEOP 3
GZNCATBJWVEQKVR 3
GZSQNCMWOCPW 3
HAJOEVIOVTIKVTFSBBCK 1
HBD 2
HCLNLMNS 2
HDDTDBXU 3
HDGJKRVEWME 3
HDHL 3
HDJILHZSMGUE 2
HDJKECFQM 3
HDRUEJ 3
HEBFABLYLJEMJNC 3
HEFIUSTUVKQTIUBJV 3
HELHPAXQEIXV 3
HEZDNBGLYYRPYIGP 3
HFBMGKOEIBC 2
HFPAQDRTH 3
HFSMNZGVV 3
HFSOC 2
HFTDGHODLBE 2
HGAWTZAUNTG 2
HGHKNFHCNQXWGMIUPIQ 3
HGNILXG 2
HGRI 4
HHBLFDJTXEYH 2
HHDDMWXHBMWFXKMM 3
HHURZPKNGTR 2
HHYEQJ 3
HIAMDXFMNA 3
HIUJTUCN 3
HJKLXWDNSBUB 2
HJPAKSDDHNDHUDKPVJZ 3
HJQXUZTUCCJTKXJB 2
HJUKJS 3
HKJHWHCDQL 2
HKKAWHDQJRGMBMFVQQ 3
HKO 3
HLCIYHST 3
HLLNJNJTYQ 2
HLMD 3
HLOZNCVCTKYJ 3
HMEFRGJNYTPSLKOZMBN 2
HMRHCHONWH 3
HMWWFQZXWCA 2
HMWYEBYNULDVLS 3
HNAQNJLX 3
HNXVQSZNISMFZF 3
HOOSCERHCANGNFARPT 2
HPFKOCRZRLZAAYYTJTNQ 3
HPLUTG 3
HPUGHESGZVWG 3
HQGNZJGEWWARHT 3
HQIH 2
HQIOIFTGTJDX 3
HQUIMPFWDGHTIUQSLYY 3
HRDWHCVNOD 3
HRFWEFYGJWR 3
HSSUFCARWFP 3
HTDVFINKJQFO 2
HUGEDCU 3
HULAPUWUOXQJG 2
HUQQDAHAGFMMXC 3
HUUVFIRSZERZBOL 3
HVB 3
HVCRESLMBREHQCEX 3
HVICJETA 3
HVIUXQQFAIRKQ 2
HWDMUPH 3
HWILFZOYDTWW 3
HWNTGBXPMY 3
HXGPRRLN 3
HXJVHWLNU 3
HXNZQAIKMLDIX 2
HXQLFOCOMCFQ 3
HYDCVUXHOGFRF 3
HYUHWVJNOIP 2
HZLQBJWSJJGWYYZJFUL 3
HZO 3
HZYLYKNGYADSQYMNNFF 3
IALNVHGWXBIOQOLENPX 3
IAPFLWB 3
IARRSQYFURJEBDTMP 3
IBCYMMRYODRDJCYCQVTY 3
IBEVJBBGSOR 3
IBXYRFKATKCMOOKDDC 2
ICK 3
ICOYWGHBNSCFTMROQUT 3
ICVAVCF 3
ICXEPYIKQ 3
IDBKEXOVEUQFKVBRS 3
IDWM 3
IDYSDB 3
IEBTU 3
IECIKNHEBYVJUYAUA 3
IFFTIR 2
IFMA 3
IFRJFCKHHEYONMJDYGT 3
IFWVAYULVNEHIIBNRY 2
IIZUIRRPWMTWK 2
IKJXINOVSDMW 3
IKYWVYNAJDCRTWU 2
ILBOSFWH 3
ILGKGDWA 3
ILJZOJMORB 3
ILWJSUWXIYA 2
IMBOMKMLJUDPZYYEO 2
IMFHFBJNPMTYSLZC 3
IMIYKDHSHILLUFZKCUY 3
IMOR 3
IMVUSTJIDU 2
INDZOJMPCCKUUPO 3
INGIXXSBCXLU 3
INODFHXXFX 3
INWEQRANTURJPQNQ 3
IOBTTFT 3
IOTGVLSUMBYOG 3
IOYMCVUTVF 3
IPIDNNLDJU 3
IPKSSGPRVR 3
IPRKLFQW 3
IPSWS 3
IQDRWHWOSZUZJOBX 3
IQGQNLCZOQPRTTVLD 3
IQHON 3
IQJQUFSIAAUFOYCKQCJ 2
IQLBQAHQTU 2
IQP 3
IQUVNF 3
IRAYWGPLBJY 3
IRWGXPV 2
ISHRAPEMSAQGEE 3
ISHXWKOHMMHH 3
ISRRKAKPY 3
IST 2
ITDROOHWRVTQRDOUW 3
ITMYGPIHIUF 3
ITXPBAZNTMCVCMNKEA 2
IUAXIRD 3
IUDRCEISHWG 4
IUYZMT 3
IVANRUAMYEIO 3
IVK 3
IVTJKBXQU 2
IVWECGCESOELKMAYNXFY 2
IVXOHFV 3
IWFNMGIOHWNRILUP 3
IWLVWJVMEUNRSHUCSA 3
IWQUMKFMOYEEFRBZJ 2
IWR 3
IXCDNOWSJQXJOBVSIS 3
IXCKXO 1
IXED 3
IXFM 3
IXICJEIXVVJQ 3
IXJQDPY 3
IXRTJSCSDJXX 3
IYLUMADIALAX 2
IYRBOBCJQFDFMQXQZJUW 3
IYZTGGVBTWFVYLD 3
IZCST 3
IZWYOPQTNRVFARR 3
JAH 3
JAWBHUIGYIREJWTVWFK 3
JAYWNY 2
JBCSNF 3
JBHFMJHYCMIOBTGFZE 2
JBHQFJIDPZ 3
JBJKNLXPAHVLZBQTPP 3
JBKMO 3
JBNYPXRBU 3
JBPIKPELCH 2
JBQM 2
JBQVHJH 3
JBRDMROHFQLWWYH 3
JCBZRXAAAE 2
JCKZWVTQNQO 3
JCOSLBJDEIIGXKT 3
JDAJYMBVHJOCZHQGOHBT 3
JDHSRENBOJVUDYXFLMU 2
JDKBCIUZMCABOQVDV 3
JDKTEXEZVNFOE 2
JDOGDWTQXBOGZXSONYU 3
JDSIKSFYXCLC 3
JDTNIBTOZOUTD 3
JDYWRYEZQXPMY 3
JEANNCLEPGMXK 3
JFCEWYYHPPPSBX 3
JFDSCDSYFTAX 2
JFNDQAGCCYSJD 3
JFPEYMX 3
JFRAK 3
JFWDWFDMQICU 3
JFWJOLTNY 3
JFYMUMOYQAYSMNPD 3
JGBNLSQM 3
JHEJPFHWLVANKN 3
JHHJ 3
JIHHVMQXEJAGRALYYOY 3
JIIMBJMMFDAFMTMVY 3
JIJSBYRMNHZAAVB 3
JIKNOSZU 2
JINKFLJDVJNSIRAT 3
JIOHIJFIUECSLISIXH 3
JITAXQ 3
JITCMSINNXTC 2
JIYTCTGLCLBGYEXRQA 3
JJOFNO 3
JJQWOCHUXSJR 2
JJRNVJVKTRPTIACZNHEE 3
JJXVYCTHYRBIILWUNPYN 3
JKBACWL 3
JKPKBXZDGXTTAEACFXG 3
JLDAXDMOHD 2
JLEMDBTNLHTZTOMI 3
JMKHZ 3
JNAQNYCGDU 3
JNFHOUMGOLZESXLEJ 3
JNTWOE 3
JNXMCD 2
JOCIMMWVBIEIIYGCFW 3
JOGAPUOXXM 2
JOQDODPMOYHAEEY 3
JOWENFVTLDE 3
JPAHAAWNEBUFYJPL 3
JPOOSVCXDYBPO 3
JPTVNYCQMWYRVC 3
JPX 3
JQE 3
JRGZWV 3
JRODYETMVVNYQNWZTUKH 3
JRQXNBOMGOLUS 2
JRRRGNT 2
JRRYVOU 3
JSE 3
JSJHTAXFQ 3
JSMNQ 3
JTH 2
JTISTSYGOJHIQO 2
JTISVQXHDULNSVM 3
JTKCFDGKTTPXNNOY 3
JTKDDHW 3
JTMJCDTJNLZ 3
JTTRJKWIUSNKKEHNYL 3
JTZHSNLJIGYDKNPZF 3
JURID 2
JVBIYHRGWX 3
JVGWVN 3
JVNUWBJFBACETCY 3
JVPMRDSUFAVCLEGVB 3
JVRMPNXBIFWPRXZA 2
JWVDROYTXWLA 2
JWYOKNTABRNGJHPO 2
JXOMTCNRKSJUHFQQ 3
JXXXXJWXPZP 2
JZOZBNRKQPASPDXJQK 2
JZVRHSKS 3
KAEYTLAJDICLLAZJN 2
KAVXBAWSUCJPVMYTQ 2
KBCCHBFGQHOBURCWOPA 3
KBKNVA 2
KBLEUEW 3
KDI 3
KDNJNSQSYHIBQ 3
KDYQIMGPJNZDSRNIGXE 2
KESDLS 2
KEX 3
KFHVETYRUMMPR 2
KFSVTORGFPUNFCCLK 3
KFXJHOYMDIHBGGSM 2
KFYAPVZCCY 3
KGBMTVOEXI 2
KGEQSDCYNBCDCA 3
KGPADAYHRCDQLJCYB 3
KGUEIIVNG 2
KGUYDGO 3
KGUZCUOEIUYTVVWOCGP 3
KHBHXXNIHUHNN 3
KHKPPCCTEWPWDIMQFCWY 3
KHWUWARDJCAGTLIHV 3
KHXGQDVWHZPNXESY 2
KHYFZDFDESKNK 3
KIEOYJXMZTWTUM 3
KITNALEOYSVBNQEMSW 3
KIURQO 2
KJKFMJEDYMXIR 3
KJLZCH 3
KJNEV 3
KJWWLUCEZ 3
KKJXHFCWADQBRI 2
KLNBWTC 3
KLRQJUXFSTOYLPJUJRJV 3
KMCXCDCPGGGN 3
KMVTZIIRQKNH 2
KMYDAINEUXRAEYXGCO 3
KNMG 3
KNXXW 3
KNZDCMYY 3
KOJRDCFZ 3
KONRNNPCEJA 3
KPA 3
KPSRTZHIVR 3
KQELRTDDJUGDJJBU 3
KQFCZFAGNI 2
KQIECICDLEBBVC 3
KQUQGCF 3
KRTGKVNJUUPR 3
KSA 3
KSB 3
KSCC 3
KSPKXBNKWSPTCMOXTZ 2
KSYGWAVKJFJGRPBAYBD 3
KSZYWPSXXXD 3
KTJZIDAEMQAR 2
KUNQYXM 3
KUVDLTVRS 2
KVJGVJGVYWUBNGMP 3
KVUZWEOZOZNJWWNQ 3
KVVRZORC 1
KXCZQNQEOTPHUIAETN 2
KXFBAWWVUPSDRIM 2
KXKKPTKGA 3
KXOIIQIWHBE 1
KYARTZFLTCO 3
KYOQ 3
KYSVHUGRAQEA 2
KZAFA 3
KZQNVD 3
LAENEB 3
LAJUM 3
LARLHXHNCDEOIVORMTNS 3
LBLTEDWK 2
LBMJQCOJEVVAQCV 3
LBPMQO 3
LBSPOCNPLWJ 3
LCAFY 3
LDGGJDUBNXQNB 3
LDUTKEJP 2
LDVIVT 3
LEAIPCSS 3
LEN 3
LEUTKFAWU 3
LFMEQIODWKL 2
LGIBFZNOTIQKJGUIEZE 3
LGQIQIHNPRDZ 3
LHJP 3
LHPMRMBLBS 3
LHSWQIERXCNEYKHPUX 3
LIQRMAJOCR 3
LIRXVPJASYZ 3
LITMVX 2
LITWF 3
LJAAPVWYCGZASEXB 3
LJMUJORZWORYKQM 3
LJOVNTZTFUOVSCKICR 3
LJZB 2
LKCIXDEDSJKNAYS 3
LKEMS 3
LKOV 3
LKRKBMRJQXENETEIIS 3
LKUBLBJYZ 2
LKUBNRTHAGZOS 3
LLBDINSA 2
LLLEXMGCZAFBOP 3
LMAQCZQYDSHGS 2
LMFXAQPDUUFP 3
LMIEXKQPQVGJG 3
LNZUVJFREJJUJCTF 2
LOCNS 3
LOIBXZRLLPQZKALBOKE 3
LOVZMQAXVLFVRHB 3
LPLW 3
LQVNSLODDMVQFZ 3
LQWBTNMD 3
LQXXJQXEERUQJ 3
LQZSBNSWEKIOAJCCXOY 3
LRC 2
LRRGQYHHOGOGESLWFDHN 2
LRVX 3
LSCHEJPE 3
LSNELEE 2
LSRMDB 3
LTQBUCJO 3
LTXPJNKMJSAZQH 2
LUAUCPCNNJMCPXCCX 3
LUCLGLTSFAKGOQI 3
LVFATLTIKOW 3
LVHSTIYXLVQSXJFIH 3
LVNXAPWEBK 3
LVSO 3
LVWBSTJMTFVHMYHGDM 3
LWIUADKPI 3
LWQJUDL 3
LWTZG 3
LWVDVPFQWEGUEBF 3
LXYFBW 3
LXZPEFGWECPODFZCJELP 2
LYWB 3
LZACUQHGOTOKWQA 3
LZQIJUMFEP 3
LZQXV 3
MAETVLNEQKCOZER 2
MALPLOYW 2
MBAWFSEOTR 3
MBPBVFHPNCCTWS 3
MBSDEBSIP 3
MBTLKKYE 2
MBVGFSJNUUIUZ 3
MBWQEPIZCPCGEXH 3
MCBSIQWZSJZGOGPRJXLF 2
MCSF 3
MCUWEUVUQ 3
MCXRVIGNUJBERUPWZ 3
MCYEKQFELNZCPWFOAF 2
MDBLRZJQGBZMNTIQ 3
MDFURJ 3
MDGRQDTJEIMVBHFOPM 3
MDHRMQSYEDLQJP 3
MDSDZBVFET 3
MDUWMDWZPFRUZRNFYHM 3
MDYQOTHP 2
MEBSOFACFFN 3
MEWKAXWOWJBLN 3
MEXYVZGXWKRNY 3
MFGMFFBVLWOK 3
MFUABND 2
MHJU 3
MHKEZUWXYJZIVXD 3
MHS 3
MICFPZVIYEJOHKFEFOB 3
MIPFUFKS 3
MIZ 3
MJGKSFS 3
MJIXLYZJCPVFBMO 3
MJPX 3
MKEBLTRYLMTOBSQFP 3
MKUROUJOFTWUSFIJNO 3
MKXWLTDKJUELBW 3
MLSSIMBJHJFCUUTE 2
MMSUPVOYGQRKSVOO 3
MNSKUMSMMISPRMCKGR 3
MNSSDXADFZR 3
MNUVZNCMWBTX 3
MNXUUTNTIAIQTBZMAP 3
MNZIPAKLOSVHCSKE 2
MOHG 2
MOVEPZVFFJI 3
MOXC 3
MOZDNLBMOIQCRIEOYIYX 3
MPAZBVZXG 3
MPVY 2
MPWQNTPFYBZS 3
MPYPUEEIRNATPCGGB 3
MQC 3
MQETEWZFPYYINHCDH 3
MRLGBPCVF 3
MRRNUWZMNODKMKKPCBSZ 3
MSTRTPPQEKIHSNTTUVJO 2
MSV 3
MTWGWZMCRTV 3
MTYELRXKZG 3
MUUKAHQTIZDAHYE 3
MVBFKKXMRXEZMKJGJL 3
MVX 2
MWFFCLUGFWEGFZZNDEP 3
MWJ 3
MWMEWMVEMWF 3
MWNBDBAN 3
MXBUFBSAFT 3
MXRVNAQSOYRATVLU 3
MXTTCIMB 2
MYTINHYKNGLQRGZZOBJ 1
MYYOXUZUIDDSLHFEFQA 2
MZKKSEPUDI 3
MZWCDT 2
MZWEJEGGLETPHNXXKYRV 3
MZWMCIAQTDCGYDHYA 3
NAEEDVZGA 3
NAJOAEBBGHEI 3
NAORJYOTEZHDNSYU 3
NAR 3
NAXDLWBTZNART 3
NAZPTQPXQGXNNUMCQSP 3
NBVITKLIIQD 3
NBXDCEVDUC 3
NCJTW 3
NCYEIFV 3
NCZP 3
NDBLYGPNILSHY 3
NDHFOWPZWNCDGVRRX 2
NDIFCBWCTPWAXKIJSLH 3
NEMQAUDLISZPIK 3
NETPLBDHYVPDNNPCWPX 2
NEXPTBQJKZNUALRVBE 3
NEZCKUUZTVEAYSVGGV 2
NFAIFXJKNRRSO 3
NFBFOOZLC 3
NFD 2
NFPIQMSADNKLQH 2
NFWEHNPNKK 3
NGNGFLMPLJBWHWUJRC 2
NHFHI 3
NHSZBANRZIVCA 3
NHYQOCKFIE 2
NHYVNDUPHLQC 2
NHZITEMIRRBJXGPEL 3
NIQIZMLTWJGRPOI 2
NIRTZXXMYHUNHRR 3
NJERTYHKCNNRNL 3
NJNHJMMAGIQ 3
NJQVPXLJCNTJZD 2
NJSCSIHRBQCWSB 3
NKAEVPFHJPRU 2
NKEKMZMMNRO 2
NKRTKONCR 2
NKXJFQQINPP 3
NLCEOQXFDNJWRIM 3
NMJMWNOLWA 2
NML 3
NMTXGSOLKCAFZM 3
NNBZA 3
NNJHKNFSZWZ 3
NNTCCADDDLZTRGSMWA 3
NODHIG 3
NODTH 3
NOLKOHYXIHLDBAJQU 3
NOOCWKAKSTSO 3
NOOILAXPK 3
NOYGNR 2
NPBPAGKZZA 3
NPFYITA 2
NPJWEJBXCOHJO 3
NPVNOYPYERN 4
NQGKGNNTXXPOBSOSM 3
NQIKPMEKJWOGZ 3
NQQ 2
NQRUPY 3
NQXOUBLKXI 2
NRCEMMUQBRQPOKMFD 3
NRCJQHWANSFT 3
NRXRFEJEBUI 3
NRZHT 1
NSDKAO 3
NSVGWOUJPZFZZM 2
NSYGERRPUVFYYIST 3
NTLSWRLQPRN 2
NUBLUBBRL 2
NUMWJKTFEHA 2
NURDGF 2
NUSZOVSXBTUJOGSJY 2
NUTHINJBKPZM 2
NUZDCAXRAPLS 3
NUZSOKGXRCUFRLDOHDUU 3
NVBGPLGTQWGPHIKLK 3
NVGHAPZJNZWHFS 3
NVLXNJFMZBAMDZBWPSVF 2
NVQOBNFOQDHIKXQVNTWL 3
NVYZHPB 3
NWQ 3
NWQMYGMYWCPZHYC 2
NWTB 3
NXEK 2
NXLHL 3
NXMCJOJDGBPOWNTWBEG 3
NXXAILNZHVJWJLNOGEJH 2
NXZRMSMP 2
NYJZVF 2
NZI 2
NZJRFAHFFMUQILYXKSA 3
NZWDXVB 3
OAPRTOPLSZNGZAAFZVBA 3
OARPRYZUAXKYVFHJAEX 3
OASSXJPDDIL 3
OAVZCLMSBBVXB 3
OAYONUKCYHGKAD 3
OAZI 3
OBQEYDGWIQDFDPBDJDTM 2
OBXNCH 3
OBZL 2
OCMGZPQBDDKQ 1
ODHPPNPWMZNYYUBBQFVN 3
ODUWZRYHHOXT 3
ODVZXOGXAPNRXG 3
ODZKROJKAEBKJHS 3
OEBSUWNIX 3
OEQCYEBMYQLXVMR 3
OFANPIWHV 2
OGHRBTIEAPFOWRCC 3
OGII 2
OGLWUQWMFAAJDUXTOWX 2
OGXB 3
OHECJWCSZMOP 3
OHTEOHXKTEKBXGGJL 3
OHWQPWLQYVFOSTLVE 3
OIELCHRMMLM 2
OIFXFDAQRGZDXMA 2
OILGUO 2
OIMSVELYJKCTEYF 3
OJDOMRAZHJPATRDYPI 3
OJHCQGNSMXMUPZWCZ 3
OJYDDXEQZACTFH 3
OJZXAMR 3
OKE 3
OKJQHDNOT 3
OKKBDANNLMPSZJTXTONO 3
OKSHTZRSRIAKVSNKFQL 2
OKTFUO 2
OLKPCGALGXNNIK 2
OLTZJIALI 3
OLZXFQOWJRNSGKNPH 3
OMA 2
OMP 3
OMUSWU 2
ONP 3
ONRVVBNZAEVI 1
ONXBLDQBLDTUDXQ 3
ONZUZTMXBTBBITTLHGF 3
OOO 3
OPACSTZZRJBGEP 3
OPKPYRSBWYWYZ 3
OPQWW 3
OPRWWFDWRSMKLCXERC 3
OPZL 3
OQBPLJYQKGSZGF 3
OQCPYOSGIXNQL 3
ORJYXQZZXUHCOOHGCLX 2
ORNJH 3
ORTSUCGLQQRTYBIH 3
ORYIHLLBKRCHRRGC 2
OSBXASFGFURLGNV 3
OSBYKTBQJW 3
OSJOLUXFR 3
OSLDFLWRBORVGC 3
OTHIWPLVPDDGZMIVZYQ 2
OTHZKJE 3
OTNYGPWEIM 3
OTWGJGU 2
OTXKMOKCDXKRHLLETSWI 2
OUDJVTSD 3
OUHKZGBWHFOCAPNOGPCJ 3
OUQDNLLPCENMP 3
OVFVFARNEA 3
OVJKCUXLVICVWLMU 2
OWLYUGNDFVRODPIMPEO 3
OXDHWWGJP 3
OXKUOMQCNVI 3
OXVEF 2
OXXLCXS 3
OYCNU 2
OYMKPAMQEUN 3
OYXGRCULY 3
OYZOFMYNIV 2
OZQQDYNYHNATNPSM 3
OZZAPTI 2
PAEESVFLSECU 3
PAHNTQIKNIGFN 3
PAIKCJSWAPGBSCTHFRQ 2
PAOYMNDYOECLJQKGEQ 3
PASOTNXBARLEVCA 3
PBAUVBYJMYHRWBU 3
PBSIULQ 3
PCKEEBUDHRWGQDDYFO 3
PCVUNDHRXZERWEIRP 2
PCWNYOUZVQWLO 3
PCZIKVNHSWOVOZFU 3
PDFDJHWYAUSTALWTPDYJ 3
PDIF 3
PDOUSAAJVYRFDGTU 3
PDRUSWTXJCOHRNUA 3
PEALFDIXYKKU 3
PEFCAFSMJCAWOQGV 3
PEKHOXSNJVUDEE 3
PELANYJKCAQ 3
PENERCPLCPBLFTOBP 3
PEYZWAHKHCAWYYMMDOM 3
PFBHNEBRICWA 2
PFVXRH 3
PFYXKPHMUWMBACXHM 3
PGMKQCEW 2
PGSCHXQG 2
PGXUBES 3
PHTDOELAU 3
PHX 3
PIEKEQBKAKLZA 3
PII 2
PIMHKHWMD 2
PIQRU 2
PJMQ 3
PJUDWYVCZYVSEYVOON 3
PKXE 3
PLDCIBDXJYZXGRGETH 3
PLEXLZ 3
PLOZQBADHXTVNMD 4
PMABCM 3
PMKGHVQLPPWLZAIVLWQX 2
PMNYKVVGATFJE 3
PMPWELY 2
PMUIODYIXURBIJNLTS 3
PMZRITHSL 2
PNFOEPSS 3
PNRUITLYCBMCMALMHH 3
PNXQYABYZZOIHLFAKN 2
PNZMGSLJ 3
POAQCSPVBXXYTCLYQUU 3
PONZRDMUEJMFBXM 3
PPB 3
PPBWUHDOEGZUNWMQHRAS 2
PQDDRJS 3
PQKZO 3
PRIRMARXLYX 2
PSQVDHWAXKUHYWPTAG 3
PTFQXWGIZ 3
PTHQC 2
PTJZFO 3
PTRKJVIASZVUN 3
PTRMPSQKJRXLVC 2
PTWBLCUJRE 3
PUJOKEQGBDRRGCAH 3
PULECMZALDKBJ 2
PUNZHD 3
PVISB 3
PVJNKSY 2
PWFEREDOKXOQBK 2
PWFSSJVZYCQNEMHNPXS 3
PWUOKOHUZQMMTKNVQB 3
PWYVIQQNV 3
PXFYHFCL 1
PXGVIIC 3
PXN 3
PYLPRGRMWYGCXMOAEC 3
PYQDC 2
PYXFLWCI 3
PZAWG 3
PZCVLQOX 3
PZE 3
PZHNONZYN 3
PZVSWFLDRYJK 3
QAKCKJJPEFAWEDHM 3
QAYSIBVQAABFTM 3
QBXQOUI 3
QCAYSCUZJKWLWZHB 2
QCCEDUOYV 3
QCOFXFUNZM 3
QCOGAHYXR 3
QDBFELEGX 3
QDHANBD 3
QDIXAFMVLRJUO 3
QEDHARLKNKCZBFBTEU 3
QEFCJVEXXLULA 3
QFGWEWXMCXFXLDODH 3
QFOEANWWJXFHZZTJ 3
QFV 3
QFZAKQDDUYZA 2
QGCSPEWOVUDZCF 2
QGGEDNJWPCAUPFQUBK 2
QGKZRYZLTIRKOCVKLAFT 2
QHMCLDMVLJEAGLGDA 3
QHYWHHI 3
QIBEFHSCOIYSGIEPTY 2
QIGPM 3
QIVXEUSUGBTLETOFFQOM 2
QJRRMZ 3
QJWARETLF 3
QKCCQIAMQEDRTJR 2
QKVFKKEELZUZJZGZYBH 3
QKWGLINTSVZ 2
QKZAHSXCVIS 4
QLTOCNSHWKUY 3
QMAIQWGUMTYQPVDWVZ 2
QMASOKUP 2
QMBWQTLNVSFXBANFHQU 3
QMKELQEBTYQRPJ 3
QNH 2
QNOHEOSMFDTRMAN 2
QNROVJYERS 3
QOAZC 3
QPCJOVKUTUVBL 3
QPGW 3
QPJTLIDGSHULMP 3
QPZDEEWWCYLXBXOVRRS 3
QQCDNVG 3
QQGGZNINGBNFXNKFHD 3
QQJOKRHXEBW 2
QQWYHGLWEYKEPIIGVJO 3
QRDJJMEKHL 2
QRKR 3
QRLPZXYDRQDVQY 2
QRQUDGGIM 3
QRWBZVSXBLVXTHHPDD 3
QRXJYWZZSBUDIC 3
QRXSFX 3
QSDF 3
QSDFDDFVYFKYP 3
QSTHKPIXGUC 3
QSYOBJHIKFDTU 3
QTGCIKAKNCCVIIJTX 3
QTIXARORMYDXPT 3
QTORNGH 3
QTXMFWHMGI 2
QUMRMSZDSFEKQRMWJZMZ 3
QUQINAA 3
QVA 3
QWLFIEFAREFY 3
QWLGYAFOTLWSAOEX 3
QWSWDLGOMV 3
QXDOKI 3
QXFTOJXYBFVJEAJ 2
QYNZQKGUE 3
QYXQWQ 3
QYZZXGZSPUXWRUJKNL 3
QZIYUS 2
QZOGMITWYNZKPPQQHK 3
QZVKCMWLOVAS 3
QZYWDTVZ 3
RACEJRNNXAQONIXIJQDB 3
RAHORUFVRTJQJ 3
RBBIWPHF 3
RBTACQWFFUXWTXEYDUQA 2
RBUAUHCIOQG 3
RCSAUFJARZNIOCZ 3
RDBCRJVN 3
RDJBUPZEJNXIMLO 3
RDKOM 3
RDMQENSTADWE 2
RDOJMXTJVMILFK 3
RDX 3
RDXZCBTXKYUOUIHYBL 3
RDYSCF 3
REKDYTWRS 2
REMJOOXHXGJD 3
REZXMZPKMBYZD 3
RFPWJOZDJV 3
RFSRBHSTEIUOPBTRIAM 3
RGENT 3
RGKZGBVNSWRUMGYPF 3
RHDMGGQJF 2
RHDSXUV 3
RHMMMTTOSRLA 2
RHMWRSKKBUIT 3
RHQYFUGOWIYUX 2
RHSNVQISYYVKSXU 3
RIBUV 3
RILDTFWLOJJZFEMPOSW 2
RILHS 3
RIQCIXTO 3
RISQHLRKIFEBUCMLW 3
RJPZJSHILQTPHEXBF 3
RKTCFQNDESXRLQYFUQ 3
RLCFXR 2
RLLXZG 3
RLSU 2
RLVSFSEOX 3
RLYHBU 3
RMDVRQHQIJQ 3
RNJACD 3
ROJCCYNFABYSRXQLSK 3
ROLXQGQDWSRB 3
RPOK 2
RQTQYSMOSFC 3
RRADYRYXEVZ 3
RRGNELZPFSTPVWTOPIIC 3
RSETBTBHCSOCBCQ 3
RSJVZETEQTWZIHVNDTI 3
RSPYI 3
RTJHAVCHIVEFLSMMCHSQ 3
RUKNNZP 3
RUPTDKGFUIX 3
RUQWZYHZFPSUZ 3
RVPQYHZRYOTGX 3
RWSBAICYOJZCDDHWQ 3
RWSMNOSBYQNMKMNQSZJY 3
RWVFTWSYOTMROGVM 3
RXCUXM 3
RXFIILGMMT 3
RXIVW 3
RXJVLQGCMUX 3
RXMQGIYOUTDJ 2
RXQPWCIJBVUBOVP 3
RXWNNIJSBHZUY 1
RYBWKWCVKIWIWRGAHWO 2
RYCGBNPUP 2
RZEWFJ 3
RZHQCM 3
RZJVVPEM 3
SAMK 2
SAO 3
SASTPT 3
SAXMGBFFJBYLTIVPJB 3
SBG 3
SBNUMGH 3
SBPTTBHOEHC 2
SBQPVWJUWHYDGYQHJEP 3
SBTOTGQK 2
SCBXNOQAQRMJ 3
SCYFNZSEJKGCSK 3
SDAVDBXISYJO 3
SDB 3
SDEKGDGD 3
SDMXMZERAACZOOLKZAG 2
SDRYDYKSSX 2
SDVRPTHHGSALJWVFNNG 2
SFDS 3
SFIOCIYJNUOBPIQGZARB 2
SFWRPAKE 2
SGCR 3
SGUNYHHJBDDNWUGJIWT 3
SGWSWSHTPV 2
SHLGPCYLWJUMOGCT 3
SIBXBQEKZKZKMWJTKTIK 2
SICQKYBSWLPORRXPIUN 1
SIELOFMCG 3
SIFTMQRZJMZVRVE 3
SISSSUNTSIEPQPBRH 3
SIYVJVZEPUCHAXK 3
SJJ 3
SJLOTWR 3
SJNY 2
SJY 2
SKHONA 3
SKHRBXMDW 3
SKPUZDNHDWDEWQKXLUBO 3
SLGUFKXAEGWUHAA 2
SMHNOEWNHAUP 3
SMLZEZMRLXHG 3
SNRTSQQH 3
SOAJ 3
SOFMZR 3
SOUG 2
SPHUE 3
SQHANCL 2
SQRVBBBD 3
SQTKMSUIVBIJUPZK 3
SQXPJUDPRGAXVR 3
SRVVVKISRCEQTHGS 3
SSLLXCVWEKBK 2
STAFQ 3
STDNTXZUOV 3
STNGZZBKFPCLAFVOOI 3
STNLRPENOIPPXEONFPO 2
STOSARVGYBP 3
STPDGEMTPIRILYRFKBAY 3
STZBAT 3
SUBOT 3
SULJMJX 3
SUWDQPHHGEPLC 3
SVJMHH 2
SVLVGGMPA 3
SVTHQ 3
SWGOSMKLSREHTK 2
SXDXHA 3
SXEGYXMPQKVBTPWUKPRI 2
SXXTYDBTGTIVC 3
SYBGVVWQPJJHANKHQD 3
SYEFG 3
SYWRKY 3
SZYKTOSPIJENWJGJC 3
TACBZGOIQPNQ 3
TATYZCGDNX 3
TBFGGAJKPON 3
TBGCEUKXWQLBAY 3
TBQGTWPAZHPCAS 3
TCDMD 3
TDFCYY 3
TDNPPOCQNYTQQBN 3
TDTDPIOKAGN 3
TDTQQMTISXTSFYEO 3
TDURMTECUNYOWKWU 3
TDXCPYNETLTYTIRWM 3
TECPLHKXXLGSHIAB 2
TEIXXQIGQQWENQ 3
TFAGSKWTBIWQRCPU 3
TFFWGDQIXPTJMF 3
TFGXUEPOLJBJ 3
TFQKEBC 3
TFSOJOPIDA 3
TFYLFKUDFBQUK 3
TGBJJU 2
TGODARNBOEBUNQRX 3
TGT 2
TGVZJTLZXHRQLAJTNWJV 3
TGXTUAMLOQBEBXNW 3
THGDGVVFPRE 2
TIABEYDGAKRW 3
TIIDBRCKSOPWSMVTVKKK 3
TJBHCKGKOPPWN 3
TJHHMNKGMR 3
TJWEFXNDAVIWCNUF 2
TKLULTF 3
TKMGBZUBWNZSRVLHB 3
TKTHQOBCPKQH 3
TKVE 3
TLDFCUOZ 3
TLGY 3
TLRARJIIMCZOAPFCEG 2
TLUSPQJLG 3
TMBADLUCALILLJIKBPS 2
TMWBMR 2
TNBPIGBUPGSUD 3
TNEFUQ 2
TNVEG 3
TOBKQ 2
TOMVHVAUH 3
TPADFZN 3
TPDXLVKNVIAYXPOOTW 3
TPHDEHGEPUIJTCKXAJF 3
TPYKLDY 3
TPZMOICYGHFCLIZHBRPY 3
TQBIZJTNAKARMYPP 3
TQGDVMCKJSSEIBBET 3
TQWAPVCKPSRA 3
TRKP 3
TRNWYUVUWTIUW 3
TSGBOTG 3
TSNRYDUNP 2
TSYXTMI 3
TSZ 3
TTAJVSBA 3
TTDOOTTEZOBIGXRS 2
TTPFQEON 3
TUAOMQCHAXETPMUVAC 2
TUGJBZHUNUKGVIWIUI 3
TUIQBMSZINT 3
TURQIHPOSRXJRKISYI 2
TUXVVZMEOVTMZLWY 3
TVFPZOSYRHGCVUDLF 3
TVHUQNSZX 3
TVIXIZIDKEKRUAUJQZZ 3
TVLLPCJHBMPIMNLYY 2
TVNFZXWTAREQSEK 3
TWAHAZBZNNAI 3
TWCGBPLOS 3
TWMIMAKJNKVFEN 2
TWMREROSKEWUNAHHLGKC 3
TWURXOEMRRSIMRX 3
TXE 3
TXLKJUFHWPY 3
TXOZP 2
TXPUXJIKQJ 3
TXQQTMCFNTH 2
TXSESWAY 3
TYOFXA 3
TYQMDAZOSJQTRVBSQZ 3
TZDKZKGIYCQZYPHDXZE 3
TZQJXUGRRVXGYYV 2
UASEQSX 3
UBPGTREPICWZC 3
UBSUSPUFSNL 3
UCMWJIIOQBVRUHLQNM 3
UCXKM 3
UCYRFZPYTCVLEFDL 3
UDG 3
UDJWVJGKJVOEPJCWSNAY 2
UEVSFFRNAGB 2
UFFKBQRMUZOMDTMY 3
UFZZZDFQZKMZINTONQA 3
UGWMRHPKONXFYJEDNQS 2
UHLVWCQFIVTLYBNH 2
UHQZ 3
UILFJPOWVAUTOPFCV 3
UIW 3
UIWSIFFA 3
UJNIYHVCIELS 3
UJSVXWXAXANQZDPJJAYT 3
UKX 1
UKZE 3
ULESXAGMYWOXQ 3
ULTRMZHWJYZACKEAN 3
UMODD 3
UONFEGCSIOHHUWMP 3
UPGFEBH 3
UPNKOTC 2
UPXTOQPEXULIQBPN 2
UQBGCEDLZ 2
UQLAVSQVKXABERTAXWZY 3
UQZOJMNFPI 2
UTDKKQTUSYBTSYJN 3
UTNPJEOHKYO 3
UTX 2
UUMDDDRZ 2
UUQJRR 3
UVEQXKP 3
UVINKOQQGSKIMS 2
UVLOHPHCFSP 2
UVNAW 3
UVQHQQGEZHJEQMCEGM 3
UVUPFPRQLPLXGBXP 2
UVUZLG 2
UWKNXPLHIFGYDOJBLU 3
UWNTSHNB 3
UWTZQ 3
UWV 3
UXGEQPTPBFJUZPDP 3
UXOKZU 2
UYCMZNBTUWFLYDQQTRK 3
UYEKJGWVUOQOPEJ 3
UYEOXGQYKLPW 3
UYLZCRBGMRMXEBXE 3
UYMFRFUWIHHAAPSBYZP 3
UYUZFCYNUWNEXEJR 3
UZJXB 2
UZOAK 3
VAFLFYT 2
VANVUVQRGMXCHM 3
VARZO 3
VAXNUQLMEZGJEMM 3
VBCNQ 3
VCEM 2
VCFLFMTOUQDBAOQI 3
VCFQCJVNBGDNVF 2
VCHHXSSGRISFZJGQVW 3
VCLBVIMIP 2
VCN 3
VDEPDBYF 3
VDSOFI 3
VEFKSHWNZ 2
VEVQRZVG 3
VFGLEALDOAAPEGGKEA 3
VFGRL 3
VFOHQYMCHTIFFHOYPHD 3
VFRJFIL 3
VFVLQKDOXCPF 2
VFWMWSKB 3
VGAUERVI 3
VGEASTNQZODPAL 3
VGFPNDKBTXJLRUIRABVR 2
VGIOWMRJRUTQUEDOICP 3
VGISDSKONIU 3
VGMBDTBQFPYYZ 3
VHMFAXOJHCMQQY 3
VHXIMWYSNRDUTLYL 3
VIHOFUTJBRJBI 3
VISAWJ 3
VJPUDAAXACD 2
VKIZDGFZHZNZKGNPA 3
VLCNCCKHNJJWVUBGIE 3
VLJEPJKEM 2
VLN 3
VMEXNDXOK 3
VNFMACJMWQ 3
VNLEFTMDSYH 3
VOLZVIII 3
VOQUQOJN 3
VOVUMPEIIBZOPTGRT 3
VPBVEVGJRTDKR 3
VPUMDBLDI 3
VPXKPP 2
VPZJPDLBJYFVUFY 3
VQCVZMCBP 3
VQEI 2
VQTKLJRHQSRJ 3
VQX 3
VRB 3
VRFMVMNDICLXQNNONUIC 3
VROARXHYKBOS 3
VSHLTAFUFXFYLKMG 3
VSWWLTWL 3
VTHBUWFRDJY 3
VTPTNSRARWZRAYZXJOXC 3
VTSWYKIDSTYPH 3
VTUZWSTZZOFWDJKSHQ 3
VUL 3
VUQVJXDRCWWIFKL 2
VUXDQAALZZAVDB 3
VVBDOSUKGQISWOGB 2
VVDHEXNI 3
VVFSWFSKOFGZHJIXVWY 2
VVGTYQGRXINVOKNMLM 3
VVUVN 3
VWJIRJT 3
VWVEKOZSL 3
VWVJNTVM 3
VWXRGYILLACUFSHEQIL 2
VWYIFCWFOV 2
VXGIZKMEHNLHYX 3
VYDHZGDMKIICEV 2
VYETPZIQQ 3
VYNIZ 3
VYRXTYQ 2
VYSISJSYAFWTA 3
VYWKZGNSE 2
VZIZFU 2
WAQJEIMKMO 3
WAYGOHFF 2
WBDCWORBLXASM 2
WCBCCE 3
WCIDBRDG 3
WDIDJ 2
WDMSZNHHJA 3
WDWTQEDUC 3
WGLQUG 3
WHHLLJYSXHDVEZW 3
WHMEN 3
WHRBCCONCBYDTWNEFI 3
WIEDMNRPBAXWIHIKFPP 3
WIHLKCFGKRHNH 3
WIM 2
WIWGBAV 2
WIXKGEZAHSHD 3
WIXSQHGKZQPGTLSDN 2
WJDZLJSWTBTHUM 2
WKEPNHWUSDAPEX 3
WKOKZYYJIHFUK 3
WLDVHNEPXJGMHGVLUFB 3
WLEDPFUZGF 2
WLF 2
WLTSSRQI 2
WMB 3
WMPV 3
WON 2
WOTBSPNRNDCQFCZIJM 2
WPERGCGBUJWWP 3
WPHQCTEJZJPQW 3
WQHUMDWHGZQNDMMQGTZ 2
WQJQNIQPTOKZL 3
WQPMYORSDSGC 3
WRR 2
WRRBSFFU 3
WRYWWQSESAQSMFUOAF 3
WSBEKDU 2
WSEUIAHSF 2
WSQUXJTDFAMTFPOQWU 3
WSUW 3
WSZRGRIGAVF 2
WUAVTWQLKDICIOYD 3
WUKRILMATBA 3
WURQHKSYVAIIEIYEZ 3
WUSFBHVXNWNGXRL 3
WUVLG 3
WVFOHAQGO 3
WVPLKITDMDTS 3
WVYJOKCDDKSTBBUATT 3
WWHFSAJHU 3
WWMKZPBLHLFZQZSSGLL 3
WWW 3
WXS 3
WXWSGX 2
WYEIURGS 3
WYFUVSDTIRYUZGZ 3
WYYWMZQVQBJHHDBG 2
WZHJVTSHVZVFLYLNLY 3
WZHRJ 3
WZPHVMZMVSYFXEAGBLT 3
WZRPCAOXFG 2
WZSTRASTJOL 3
XAJ 3
XAMLHUZWFLKPJKXQV 2
XBEQNZLBYEOWD 3
XBGJAFSCWQHZCVIQBAUB 3
XBGM 2
XBQX 3
XBSDDSCJAWOLVIHEHPE 3
XDWGLVDJT 3
XFDNSJKWMWLJTJZTJ 3
XFFRARBDLFVEVSJBYS 1
XFGWRHIWQRQJEVNRQ 3
XFIYV 3
XFLJPAXAUAPVANAO 3
XFWMVTU 3
XGAFL 3
XGXKPMZGBAUEUVWMQ 3
XHIENBUPEXAP 3
XIJHAQJHIAJNO 3
XIXIY 2
XJHBSKKDEVMUCC 3
XJTXNGXHLXLQULNGQDL 3
XJUEOSRVBSEGGNNE 3
XJZBZA 3
XKBQLBZWSBQJHQAP 3
XKLGIA 3
XKNONNRW 3
XKQYWXPFEDOC 2
XKWRPYPS 3
XLAP 3
XLDLWRBVNXFXZDYGXJ 3
XLDREBQKZPHIBUHXOCLJ 2
XLXOSJBOUOXVWUXGYKYF 2
XMIYCMXCQTTTGLPFE 3
XMLH 3
XMTNBERPLBNZJCMNFXH 3
XNCAGPRLGLJGTD 2
XNFJLNGTQGO 3
XOCRTSGNHB 3
XOJXBDNOR 3
XOLQLEJMDHBWQA 3
XOX 3
XOYSXY 3
XPNCDSRYX 3
XPNTXCDFPVWRX 3
XPPHUKFIJLRFHYQY 2
XPRFJYBVYQHGOXFOGJB 2
XPSSAOLSE 3
XPWPGTQJWTRPLZS 3
XQCIRHRREGVRVMTSBSAD 3
XQJ 3
XQXBGH 3
XRJMUULVWSFEJQWDV 3
XRSXVBMBPQXDURZ 2
XRXGOG 3
XSEVWBOMCBUXNHZW 3
XTBQ 3
XTGDCDXXBEKQ 3
XTRXALWFHHZ 3
XUBPJSUKAEFNLXLBTCCA 3
XUE 3
XUFRAFNZRNUSSFUZJB 3
XUKHEAKHCO 3
XVBKMWLMNCCPKRBGV 2
XVFHFMNFPDOTOK 3
XVFPOMCFIKTXTK 3
XVTY 3
XWDHVJMHWUPYAMR 3
XWGJHWOWVOZ 3
XWNOG 3
XWTYZXBXVHAXMQDQQW 3
XWVXDPB 3
XXAQOBIWGEOWSRU 3
XXR 2
XXTNVDNVGTPZVMV 3
XYTOKXGMPBEI 3
XZMOLKRKBMTNEITRM 2
XZOXGIAMYNXALYQ 3
YAQASEATUXQFBPYAXK 2
YBEHGKKH 3
YBF 3
YBSXMCHIHQEZOWGM 2
YBTWQQLEIAYO 3
YCCSOITACOQGMZQ 3
YCEDSKJOGBLJPTIPLZCL 3
YCGJMAOSKUR 3
YEBQKLCGRK 2
YECUGTKVTKSBIUWVMQNY 3
YEHPENCVMCS 3
YENJAQZWLNIIWGI 3
YEPQOOXZWMVQHUEY 3
YFQX 2
YGDCJKRE 2
YGFGWAZHUAOOPAYXI 2
YGGGMWNEVS 3
YGUYSOSLRODURS 3
YGVPO 3
YHEMKQ 2
YHPDTPQBLZAYZPQKQF 3
YIGNJIK 3
YIOXJSGJUIAVX 3
YJBUGQZMVNRNVQZHWNWJ 3
YJMESSVJGAIBJ 3
YJPSEVMPAWCROB 2
YJQCWQQEJTFLMOI 3
YKBC 3
YKMUCGFAEGWAJ 3
YKTFQXAEFHB 3
YKZJSTBOBQY 3
YLEBSKEBXSYQATJDLK 3
YLRFR 3
YMABNYNUQ 2
YMCFGDBI 3
YMGQXCPJJ 3
YMNXADERGWRXUYPPKMQ 2
YMVNGXAQMA 2
YNOXYZOKJYFYVJ 3
YNQDSAHKUTHT 2
YNRSV 3
YNVOPIZDTSGZMJR 3
YNZZAB 3
YOZYJENCEVJPFVGXHM 3
YPKHTYCKOURXL 3
YPKPBZNOUKUWFZF 2
YQDUPYOTA 2
YQGTCWOKWM 3
YQOVTBGZAQUXVZFPHF 2
YRAABHLRYANNOGMTPP 3
YRZJ 3
YSYZEPQZH 2
YTKQCWUPXHRALZ 1
YUCJYQT 3
YUDXREWHPATOGKUKMV 3
YUE 3
YULFZBFEHERPMEYTHB 3
YULJCJVQ 3
YVFEP 3
YVPAEEHGP 3
YVU 2
YWCURQF 3
YWKPIZNP 3
YWSSBZYKQDAZF 3
YWVCVUZEWCEYUOZQNAS 3
YXCLPCHMR 3
YXIADKRA 3
YXUSSDDGMQ 3
YYWXXMP 3
YYZPILGQCNOVIVEVBEIG 3
YZA 3
YZAOXAPQOBFHB 3
YZHGSFEPLPFN 3
YZNEFRGCLYKHNYXEAPSV 3
ZAIEENQWNIXWDVGWTW 3
ZAJGCIDUHCGFUVDJPF 3
ZAPHOGNWCSIZJSPUG 3
ZBCICYRZTDSXNDEHYXYP 3
ZBGBGUFIXCMMXRU 2
ZBGNWCQDKJ 2
ZBONYWTLMVHX 3
ZCRSOFMVJFWBAPHQXB 3
ZCX 3
ZDSQNCUXEZ 3
ZDUHQCWFWVCLKGG 3
ZEA 3
ZEADMWTRVDKCLKI 3
ZESRU 3
ZETMUYGDGFNO 3
ZEWID 2
ZFBCPNXYFGFUI 3
ZFBVGTLLVZIAFSF 3
ZGESQPSXSNF 3
ZGYCIUQD 2
ZHFPDTCVTGLG 3
ZHHHMTPCYL 3
ZHSRXYYYOINWJAB 3
ZIDHFG 3
ZISRXIABW 3
ZIWFGLVONOGUMU 3
ZJBQDZPVSIXN 3
ZJINRKUMZ 3
ZJTPKDEATUHFIA 3
ZJTUGBUZDULMSNAPSQIL 3
ZKEX 2
ZKGBTEGNESCVBGVTGCD 3
ZKXTEOLZXX 3
ZLDRWPYRNK 3
ZLJPLHKTPVEV 3
ZLSBBFFQHRVAHYPKFO 3
ZMADEQFYMDMYQKZFGFOD 3
ZMEMUKEM 3
ZMEPFVOUFKHFZG 2
ZMXHPSARH 2
ZMZKDIJSRMFELVA 1
ZNAD 2
ZNNQEWP 3
ZOMKMNZWW 3
ZOUWCURWUFR 2
ZPDTRVZIZLYN 3
ZPMMTCAOIVA 4
ZPVJIMTDETGZGOHU 3
ZQATEDTSJUQYD 3
ZQDK 3
ZRSDOURBHXDEFESDW 3
ZSAEBJQHTA 3
ZTTXYMSXLXAUYYJ 3
ZTYARUXEC 3
ZTYZXYYOJEMWE 1
ZUEZKAFLNVSNVUXORQFM 3
ZVJIPNYRJQSY 2
ZVKJLXYBNGTAOHSHWB 3
ZVUVYEA 3
ZWDTGBDGZE 3
ZWFI 3
ZWLELBXETWGOKWEHV 3
ZWONPEUMMXQ 3
ZWQEKCMX 3
ZXMFOFVZUIZAJYRBU 3
ZXR 2
ZXREKWLQRQN 2
ZYLVX 2
ZYQCVMPJWQIWK 2
ZYRJYKENWJBSHGMDMHPC 3
ZZCITEVQUBSHW 2
ZZFEVMAQKM 3
ZZNRQGWDWTWXNUDZXI 3
